******************************************************************************
                  TI ARM Linker PC v16.9.3                     
******************************************************************************
>> Linked Tue Nov 21 16:18:30 2017

OUTPUT FILE NAME:   <Final_Project.out>
ENTRY POINT SYMBOL: "_c_int00"  address: 0001b84d


MEMORY CONFIGURATION

         name            origin    length      used     unused   attr    fill
----------------------  --------  ---------  --------  --------  ----  --------
  MAIN                  00000000   00040000  0001c9b4  0002364c  R  X
  INFO                  00200000   00004000  00000000  00004000  R  X
  SRAM_CODE             01000000   00010000  0000e2d4  00001d2c  RW X
  SRAM_DATA             20000000   00010000  0000e2d4  00001d2c  RW  


SEGMENT ALLOCATION MAP

run origin  load origin   length   init length attrs members
----------  ----------- ---------- ----------- ----- -------
00000000    00000000    0001c9b8   0001c9b8    r-x
  00000000    00000000    000000e4   000000e4    r-- .intvecs
  000000e4    000000e4    0001bf1e   0001bf1e    r-x .text
  0001c004    0001c004    00000932   00000932    r-- .const
  0001c938    0001c938    00000080   00000080    r-- .cinit
20000000    20000000    0000e0d4   00000000    rw-
  20000000    20000000    0000dc00   00000000    rw- .bss
  2000dc00    2000dc00    000004d4   00000000    rw- .data
2000fe00    2000fe00    00000200   00000000    rw-
  2000fe00    2000fe00    00000200   00000000    rw- .stack


SECTION ALLOCATION MAP

 output                                  attributes/
section   page    origin      length       input sections
--------  ----  ----------  ----------   ----------------
.intvecs   0    00000000    000000e4     
                  00000000    000000e4     startup_msp432p401r_ccs.obj (.intvecs:retain)

.binit     0    00000000    00000000     

.text      0    000000e4    0001bf1e     
                  000000e4    0000d5d0     bmi160.obj (.text)
                  0000d6b4    00002024     driver.obj (.text)
                  0000f6d8    00001818     bme280.obj (.text)
                  00010ef0    000017c4     Game.obj (.text)
                  000126b4    0000113e     rtsv7M4_T_le_v4SPD16_eabi.lib : _printfi.obj (.text)
                  000137f2    00000002                                   : l_div0.obj (.text)
                  000137f4    00000ed4     socket.obj (.text)
                  000146c8    00000c28     bmi160_support.obj (.text)
                  000152f0    00000b44     netapp.obj (.text)
                  00015e34    00000ab8     wlan.obj (.text)
                  000168ec    00000a8c     G8RTOS_Scheduler.obj (.text)
                  00017378    00000690     cc3100_usage.obj (.text)
                  00017a08    00000660     LCD.obj (.text)
                  00018068    000005b4     device.obj (.text)
                  0001861c    0000048c     i2c_driver.obj (.text)
                  00018aa8    000003a8     board.obj (.text)
                  00018e50    00000354     leds.obj (.text)
                  000191a4    0000032c     system_msp432p401r.obj (.text)
                  000194d0    00000318     BackChannelUart.obj (.text)
                  000197e8    000002e0     bme280_support.obj (.text)
                  00019ac8    00000234     tmp007.obj (.text)
                  00019cfc    0000021e     rtsv7M4_T_le_v4SPD16_eabi.lib : ll_div_t2.obj (.text)
                  00019f1a    00000002                                   : mpu_init.obj (.text)
                  00019f1c    00000210     spi_cc3100.obj (.text)
                  0001a12c    000001f4     rtsv7M4_T_le_v4SPD16_eabi.lib : ull_div_t2.obj (.text)
                  0001a320    000001b6                                   : fd_add_t2.obj (.text)
                  0001a4d6    00000002                                   : startup.obj (.text)
                  0001a4d8    0000017c     Joystick.obj (.text)
                  0001a654    00000136     rtsv7M4_T_le_v4SPD16_eabi.lib : fd_div_t2.obj (.text)
                  0001a78a    00000002     --HOLE-- [fill = 0]
                  0001a78c    00000130     nonos.obj (.text)
                  0001a8bc    00000110     netcfg.obj (.text)
                  0001a9cc    00000104     msp432p4xx_driverlib.lib : cs.o (.text:CS_getDCOFrequency)
                  0001aad0    000000fe     opt3001.obj (.text)
                  0001abce    000000fc     rtsv7M4_T_le_v4SPD16_eabi.lib : fd_mul_t2.obj (.text)
                  0001acca    00000002     --HOLE-- [fill = 0]
                  0001accc    000000fc                                   : s_scalbn.obj (.text)
                  0001adc8    000000dc     msp432p4xx_driverlib.lib : pcm.o (.text:__PCM_setPowerModeAdvanced)
                  0001aea4    000000b4     ClockSys.obj (.text)
                  0001af58    000000b0     msp432p4xx_driverlib.lib : pcm.o (.text:__PCM_setCoreVoltageLevelAdvanced)
                  0001b008    000000a4     LCD.obj (.text:PutChar)
                  0001b0ac    0000009c     msp432p4xx_driverlib.lib : cs.o (.text:CS_startHFXTWithTimeout)
                  0001b148    0000009c     G8RTOS_Semaphores.obj (.text)
                  0001b1e4    0000009c     msp432p4xx_driverlib.lib : cs.o (.text:_CSComputeCLKFrequency)
                  0001b280    0000009c     rtsv7M4_T_le_v4SPD16_eabi.lib : memcpy_t2.obj (.text)
                  0001b31c    00000094                                   : snprintf.obj (.text)
                  0001b3b0    00000088     main.obj (.text)
                  0001b438    00000086     rtsv7M4_T_le_v4SPD16_eabi.lib : fd_cmp_t2.obj (.text:__aeabi_cdcmple)
                  0001b4be    00000086                                   : fd_cmp_t2.obj (.text:__aeabi_cdrcmple)
                  0001b544    00000080     flowcont.obj (.text)
                  0001b5c4    0000007a     rtsv7M4_T_le_v4SPD16_eabi.lib : memset_t2.obj (.text)
                  0001b63e    00000002     --HOLE-- [fill = 0]
                  0001b640    00000070     msp432p4xx_driverlib.lib : cs.o (.text:_CSGetHFXTFrequency)
                  0001b6b0    00000070     rtsv7M4_T_le_v4SPD16_eabi.lib : autoinit.obj (.text)
                  0001b720    00000068                                   : copy_decompress_lzss.obj (.text:decompress:lzss)
                  0001b788    00000064                                   : s_frexp.obj (.text)
                  0001b7ec    00000060     G8RTOS_SchedulerASM.obj (.text)
                  0001b84c    00000054     rtsv7M4_T_le_v4SPD16_eabi.lib : boot.obj (.text)
                  0001b8a0    00000054                                   : exit.obj (.text)
                  0001b8f4    00000054                                   : ltoa.obj (.text)
                  0001b948    00000050     msp432p4xx_driverlib.lib : sysctl.o (.text:SysCtl_getTLVInfo)
                  0001b998    0000004c                              : gpio.o (.text:GPIO_setAsPeripheralModuleFunctionOutputPin)
                  0001b9e4    0000004c                              : cs.o (.text:_CSGetDOCFrequency)
                  0001ba30    0000004c     rtsv7M4_T_le_v4SPD16_eabi.lib : atoi.obj (.text)
                  0001ba7c    0000004c                                   : cpy_tbl.obj (.text)
                  0001bac8    00000048     msp432p4xx_driverlib.lib : cs.o (.text:_CSGetDividerValue)
                  0001bb10    00000048     rtsv7M4_T_le_v4SPD16_eabi.lib : fd_toi_t2.obj (.text)
                  0001bb58    00000040     AsciiLib.obj (.text)
                  0001bb98    00000040     LCD.obj (.text:LCD_WriteData)
                  0001bbd8    0000003c     LCD.obj (.text:LCD_Write_Data_Only)
                  0001bc14    0000003a     BSP.obj (.text)
                  0001bc4e    00000002     --HOLE-- [fill = 0]
                  0001bc50    00000034     LCD.obj (.text:LCD_WriteIndex)
                  0001bc84    00000030     msp432p4xx_driverlib.lib : spi.o (.text:is_A_Module)
                  0001bcb4    0000002e     rtsv7M4_T_le_v4SPD16_eabi.lib : i_tofd_t2.obj (.text)
                  0001bce2    0000002c     msp432p4xx_driverlib.lib : pcm.o (.text:PCM_getCoreVoltageLevel)
                  0001bd0e    0000002a                              : pcm.o (.text:PCM_getPowerMode)
                  0001bd38    00000028     LCD.obj (.text:SPISendRecvByte)
                  0001bd60    00000026     demo_sysctl.obj (.text)
                  0001bd86    00000002     --HOLE-- [fill = 0]
                  0001bd88    00000024     msp432p4xx_driverlib.lib : cs.o (.text:CS_clearInterruptFlag)
                  0001bdac    00000020     LCD.obj (.text:LCD_SetCursor)
                  0001bdcc    00000020     msp432p4xx_driverlib.lib : spi.o (.text:SPI_transmitData)
                  0001bdec    0000001c                              : spi.o (.text:EUSCI_B_SPI_isBusy)
                  0001be08    0000001c     LCD.obj (.text:LCD_WriteReg)
                  0001be24    0000001c     rtsv7M4_T_le_v4SPD16_eabi.lib : memccpy.obj (.text)
                  0001be40    0000001a     msp432p4xx_driverlib.lib : spi.o (.text:SPI_receiveData)
                  0001be5a    00000002     --HOLE-- [fill = 0]
                  0001be5c    00000018                              : cs.o (.text:CS_getMCLK)
                  0001be74    00000018                              : cs.o (.text:CS_getSMCLK)
                  0001be8c    00000018                              : wdt_a.o (.text:WDT_A_clearTimer)
                  0001bea4    00000018                              : wdt_a.o (.text:WDT_A_holdTimer)
                  0001bebc    00000018     rtsv7M4_T_le_v4SPD16_eabi.lib : args_main.obj (.text)
                  0001bed4    00000018                                   : ll_mul_t2.obj (.text)
                  0001beec    00000016                                   : strchr.obj (.text)
                  0001bf02    00000002     --HOLE-- [fill = 0]
                  0001bf04    00000014     msp432p4xx_driverlib.lib : cs.o (.text:CS_setExternalClockSourceFrequency)
                  0001bf18    00000014     rtsv7M4_T_le_v4SPD16_eabi.lib : _lock.obj (.text)
                  0001bf2c    00000014                                   : s_copysign.obj (.text)
                  0001bf40    00000014                                   : strlen.obj (.text)
                  0001bf54    00000010     msp432p4xx_driverlib.lib : sysctl.o (.text:SysCtl_disableNMISource)
                  0001bf64    00000010                              : sysctl.o (.text:SysCtl_enableNMISource)
                  0001bf74    0000000e     G8RTOS_CriticalSection.obj (.text)
                  0001bf82    0000000e     rtsv7M4_T_le_v4SPD16_eabi.lib : copy_decompress_none.obj (.text:decompress:none)
                  0001bf90    0000000e     startup_msp432p401r_ccs.obj (.text)
                  0001bf9e    00000002     --HOLE-- [fill = 0]
                  0001bfa0    0000000c     msp432p4xx_driverlib.lib : pcm.o (.text:PCM_getPowerState)
                  0001bfac    0000000c                              : sysctl.o (.text:SysCtl_getNMISourceStatus)
                  0001bfb8    0000000c     rtsv7M4_T_le_v4SPD16_eabi.lib : copy_zero_init.obj (.text:decompress:ZI)
                  0001bfc4    0000000a     LCD.obj (.text:LCD_Write_Data_Start)
                  0001bfce    00000008     msp432p4xx_driverlib.lib : pcm.o (.text:PCM_setCoreVoltageLevel)
                  0001bfd6    00000008                              : pcm.o (.text:PCM_setPowerMode)
                  0001bfde    00000006                              : cs.o (.text:CS_startHFXT)
                  0001bfe4    00000006                              : spi.o (.text:EUSCI_A_SPI_receiveData)
                  0001bfea    00000006                              : spi.o (.text:EUSCI_B_SPI_receiveData)
                  0001bff0    00000006     demo_sysctl.obj (.text:SysCtlDelay)
                  0001bff6    00000004     msp432p4xx_driverlib.lib : spi.o (.text:EUSCI_A_SPI_transmitData)
                  0001bffa    00000004                              : spi.o (.text:EUSCI_B_SPI_transmitData)
                  0001bffe    00000004     rtsv7M4_T_le_v4SPD16_eabi.lib : pre_init.obj (.text)

.const     0    0001c004    00000932     
                  0001c004    000005f0     AsciiLib.obj (.const:AsciiLib)
                  0001c5f4    00000101     rtsv7M4_T_le_v4SPD16_eabi.lib : ctype.obj (.const:.string:_ctypes_)
                  0001c6f5    00000003     bmi160.obj (.const:.string:INVALID_OFFSET)
                  0001c6f8    000000b0     wlan.obj (.const:$P$T0$1)
                  0001c7a8    00000038     driver.obj (.const:_SlActionLookupTable)
                  0001c7e0    0000002c     cc3100_usage.obj (.const:$P$T0$1)
                  0001c80c    00000024     BackChannelUart.obj (.const:backChannelUart115200Config)
                  0001c830    00000014     cc3100_usage.obj (.const:$P$T1$2)
                  0001c844    0000000c     cc3100_usage.obj (.const:$P$T2$3)
                  0001c850    0000000c     bmi160.obj (.const:yas532_version_ac_coef)
                  0001c85c    00000008     driver.obj (.const:g_H2NCnysPattern)
                  0001c864    00000008     driver.obj (.const:g_H2NSyncPattern)
                  0001c86c    00000008     bmi160.obj (.const:v_calib_data$2)
                  0001c874    00000005     bme280_support.obj (.const:.string:$P$T0$1)
                  0001c879    00000005     bmi160.obj (.const:.string:v_correct_u8$1)
                  0001c87e    00000004     driver.obj (.const:$P$T0$1)
                  0001c882    00000004     netapp.obj (.const:$P$T0$1)
                  0001c886    00000004     socket.obj (.const:$P$T0$1)
                  0001c88a    00000004     socket.obj (.const:$P$T1$2)
                  0001c88e    00000004     wlan.obj (.const:$P$T1$2)
                  0001c892    00000004     socket.obj (.const:$P$T2$3)
                  0001c896    00000004     wlan.obj (.const:$P$T2$3)
                  0001c89a    00000004     wlan.obj (.const:$P$T3$4)
                  0001c89e    00000004     socket.obj (.const:_SlAcceptCmdCtrl)
                  0001c8a2    00000004     device.obj (.const:_SlDeviceGetCmdCtrl)
                  0001c8a6    00000004     device.obj (.const:_SlDeviceSetCmdCtrl)
                  0001c8aa    00000004     device.obj (.const:_SlEventMaskGetCmdCtrl)
                  0001c8ae    00000004     device.obj (.const:_SlEventMaskSetCmdCtrl)
                  0001c8b2    00000004     netapp.obj (.const:_SlGetHostByNameCtrl)
                  0001c8b6    00000004     netapp.obj (.const:_SlGetHostByServiceCtrl)
                  0001c8ba    00000004     netapp.obj (.const:_SlGetServiceListeCtrl)
                  0001c8be    00000004     socket.obj (.const:_SlGetSockOptCmdCtrl)
                  0001c8c2    00000004     socket.obj (.const:_SlListenCmdCtrl)
                  0001c8c6    00000004     netapp.obj (.const:_SlNetAppGetCmdCtrl)
                  0001c8ca    00000004     netapp.obj (.const:_SlNetAppSendTokenValueCmdCtrl)
                  0001c8ce    00000004     netapp.obj (.const:_SlNetAppSetCmdCtrl)
                  0001c8d2    00000004     netapp.obj (.const:_SlNetAppStartCtrl)
                  0001c8d6    00000004     netapp.obj (.const:_SlNetAppStopCtrl)
                  0001c8da    00000004     netcfg.obj (.const:_SlNetCfgGetCmdCtrl)
                  0001c8de    00000004     netcfg.obj (.const:_SlNetCfgSetCmdCtrl)
                  0001c8e2    00000004     wlan.obj (.const:_SlPolicyGetCmdCtrl)
                  0001c8e6    00000004     wlan.obj (.const:_SlPolicySetCmdCtrl)
                  0001c8ea    00000004     wlan.obj (.const:_SlProfileDelCmdCtrl)
                  0001c8ee    00000004     wlan.obj (.const:_SlProfileGetCmdCtrl)
                  0001c8f2    00000004     socket.obj (.const:_SlRecvCmdCtrl)
                  0001c8f6    00000004     socket.obj (.const:_SlRecvfomCmdCtrl)
                  0001c8fa    00000004     netapp.obj (.const:_SlRegisterServiceCtrl)
                  0001c8fe    00000004     wlan.obj (.const:_SlRxFilterAddtCmdCtrl)
                  0001c902    00000004     wlan.obj (.const:_SlRxFilterGetCmdCtrl)
                  0001c906    00000004     wlan.obj (.const:_SlRxFilterSetCmdCtrl)
                  0001c90a    00000004     socket.obj (.const:_SlSelectCmdCtrl)
                  0001c90e    00000004     socket.obj (.const:_SlSendCmdCtrl)
                  0001c912    00000004     socket.obj (.const:_SlSetSockOptCmdCtrl)
                  0001c916    00000004     wlan.obj (.const:_SlSmartConfigStartCmdCtrl)
                  0001c91a    00000004     socket.obj (.const:_SlSockCloseCmdCtrl)
                  0001c91e    00000004     socket.obj (.const:_SlSockSocketCmdCtrl)
                  0001c922    00000004     device.obj (.const:_SlStopCmdCtrl)
                  0001c926    00000004     wlan.obj (.const:_SlWlanCfgGetCmdCtrl)
                  0001c92a    00000004     wlan.obj (.const:_SlWlanCfgSetCmdCtrl)
                  0001c92e    00000004     wlan.obj (.const:_SlWlanGetNetworkListCtrl)
                  0001c932    00000004     wlan.obj (.const:_SlWlanSetModeCmdCtrl)

.cinit     0    0001c938    00000080     
                  0001c938    00000056     (.cinit..data.load) [load image, compression = lzss]
                  0001c98e    00000002     --HOLE-- [fill = 0]
                  0001c990    0000000c     (__TI_handler_table)
                  0001c99c    00000004     --HOLE-- [fill = 0]
                  0001c9a0    00000008     (.cinit..bss.load) [load image, compression = zero_init]
                  0001c9a8    00000010     (__TI_cinit_table)

.init_array 
*          0    00000000    00000000     UNINITIALIZED

.bss       0    20000000    0000dc00     UNINITIALIZED
                  20000000    0000c800     G8RTOS_Scheduler.obj (.bss:threadStacks)
                  2000c800    000004b0     G8RTOS_Scheduler.obj (.bss:threadControlBlocks)
                  2000ccb0    0000036c     (.common:accel_fifo)
                  2000d01c    0000036c     (.common:gyro_fifo)
                  2000d388    0000036c     (.common:mag_fifo)
                  2000d6f4    00000164     (.common:g_StatMem)
                  2000d858    00000100     BackChannelUart.obj (.bss:backChannelStringBuff)
                  2000d958    00000078     G8RTOS_Scheduler.obj (.bss:periodicEvents)
                  2000d9d0    00000070     bmi160.obj (.bss:yas532_data)
                  2000da40    00000048     (.common:balls)
                  2000da88    0000003c     (.common:bme280)
                  2000dac4    00000028     (.common:g__SlNonOsCB)
                  2000daec    00000020     (.common:bufferToClient)
                  2000db0c    00000020     (.common:bufferToHost)
                  2000db2c    00000020     (.common:oldballs)
                  2000db4c    00000014     (.common:s_bmi160)
                  2000db60    00000010     bmi160.obj (.bss:mag_trim)
                  2000db70    0000000a     G8RTOS_Scheduler.obj (.bss)
                  2000db7a    00000006     (.common:accelxyz)
                  2000db80    00000006     (.common:gyroxyz)
                  2000db86    00000005     (.common:client)
                  2000db8b    00000005     (.common:host)
                  2000db90    00000004     bme280.obj (.bss)
                  2000db94    00000004     bmi160.obj (.bss)
                  2000db98    00000004     tmp007.obj (.bss:buf)
                  2000db9c    00000004     cc3100_usage.obj (.bss)
                  2000dba0    00000004     (.common:ButtonFunction)
                  2000dba4    00000004     (.common:ClientIP)
                  2000dba8    00000004     (.common:CurrentlyRunningThread)
                  2000dbac    00000004     (.common:HostScoreChanged)
                  2000dbb0    00000004     (.common:SystemTime)
                  2000dbb4    00000004     (.common:ack)
                  2000dbb8    00000004     (.common:bufferIP)
                  2000dbbc    00000004     (.common:clientScore)
                  2000dbc0    00000004     (.common:clientScoreChanged)
                  2000dbc4    00000004     (.common:displayarr)
                  2000dbc8    00000004     (.common:draw)
                  2000dbcc    00000004     (.common:g_ui32ByteCount)
                  2000dbd0    00000004     (.common:globalsem)
                  2000dbd4    00000004     (.common:hfxtFreq)
                  2000dbd8    00000004     (.common:hostScore)
                  2000dbdc    00000004     (.common:iter)
                  2000dbe0    00000004     (.common:lfxtFreq)
                  2000dbe4    00000004     (.common:pData)
                  2000dbe8    00000004     (.common:wifi)
                  2000dbec    00000003     bmi160.obj (.bss:akm_asa_data)
                  2000dbef    00000001     (.common:IntIsMasked)
                  2000dbf0    00000002     tmp007.obj (.bss)
                  2000dbf2    00000002     (.common:global_x)
                  2000dbf4    00000002     (.common:global_y)
                  2000dbf6    00000002     (.common:oldclient)
                  2000dbf8    00000002     (.common:oldhost)
                  2000dbfa    00000002     (.common:xCoord)
                  2000dbfc    00000002     (.common:yCoord)
                  2000dbfe    00000001     (.common:ui8DummyRead)
                  2000dbff    00000001     (.common:ui8Status)

.data      0    2000dc00    000004d4     UNINITIALIZED
                  2000dc00    00000400     bmi160.obj (.data:v_fifo_data_u8)
                  2000e000    00000033     Game.obj (.data)
                  2000e033    00000001     i2c_driver.obj (.data)
                  2000e034    00000030     msp432p4xx_driverlib.lib : gpio.o (.data:GPIO_PORT_TO_BASE)
                  2000e064    00000014     cc3100_usage.obj (.data)
                  2000e078    00000014     i2c_driver.obj (.data:i2cConfig)
                  2000e08c    00000010     G8RTOS_Scheduler.obj (.data)
                  2000e09c    0000000c     rtsv7M4_T_le_v4SPD16_eabi.lib : exit.obj (.data:$O1$$)
                  2000e0a8    00000009     driver.obj (.data)
                  2000e0b1    00000003     --HOLE--
                  2000e0b4    00000008     rtsv7M4_T_le_v4SPD16_eabi.lib : _lock.obj (.data:$O1$$)
                  2000e0bc    00000008     bmi160.obj (.data)
                  2000e0c4    00000004     board.obj (.data)
                  2000e0c8    00000004     rtsv7M4_T_le_v4SPD16_eabi.lib : errno.obj (.data)
                  2000e0cc    00000004                                   : stkdepth_vars.obj (.data)
                  2000e0d0    00000004     system_msp432p401r.obj (.data)

.stack     0    2000fe00    00000200     UNINITIALIZED
                  2000fe00    00000200     --HOLE--

MODULE SUMMARY

       Module                        code     ro data   rw data
       ------                        ----     -------   -------
    .\
       Game.obj                      6084     0         578    
       system_msp432p401r.obj        812      0         8      
       startup_msp432p401r_ccs.obj   14       228       0      
       main.obj                      136      0         0      
    +--+-----------------------------+--------+---------+---------+
       Total:                        7046     228       586    
                                                               
    .\BoardSupportPackage\src\
       bmi160.obj                    54736    28        7590   
       bme280.obj                    6168     0         8      
       bmi160_support.obj            3112     0         64     
       LCD.obj                       2082     0         8      
       AsciiLib.obj                  64       1520      0      
       BackChannelUart.obj           792      36        512    
       i2c_driver.obj                1164     0         62     
       bme280_support.obj            736      5         120    
       leds.obj                      852      0         0      
       tmp007.obj                    564      0         12     
       Joystick.obj                  380      0         8      
       opt3001.obj                   254      0         0      
       ClockSys.obj                  180      0         0      
       BSP.obj                       58       0         0      
       demo_sysctl.obj               44       0         0      
    +--+-----------------------------+--------+---------+---------+
       Total:                        71186    1589      8384   
                                                               
    .\CC3100SupportPackage\board\
       board.obj                     936      0         10     
    +--+-----------------------------+--------+---------+---------+
       Total:                        936      0         10     
                                                               
    .\CC3100SupportPackage\cc3100_usage\
       cc3100_usage.obj              1680     76        48     
    +--+-----------------------------+--------+---------+---------+
       Total:                        1680     76        48     
                                                               
    .\CC3100SupportPackage\simplelink\source\
       driver.obj                    8228     76        730    
       socket.obj                    3796     52        0      
       wlan.obj                      2744     236       0      
       netapp.obj                    2884     40        0      
       device.obj                    1460     20        0      
       nonos.obj                     304      0         80     
       netcfg.obj                    272      8         0      
       flowcont.obj                  128      0         0      
    +--+-----------------------------+--------+---------+---------+
       Total:                        19816    432       810    
                                                               
    .\CC3100SupportPackage\spi_cc3100\
       spi_cc3100.obj                528      0         0      
    +--+-----------------------------+--------+---------+---------+
       Total:                        528      0         0      
                                                               
    .\G8RTOS\
       G8RTOS_Scheduler.obj          2700     0         105100 
       G8RTOS_Semaphores.obj         156      0         0      
       G8RTOS_SchedulerASM.obj       96       0         0      
       G8RTOS_CriticalSection.obj    14       0         0      
    +--+-----------------------------+--------+---------+---------+
       Total:                        2966     0         105100 
                                                               
    ../BoardSupportPackage/DriverLib/msp432p4xx_driverlib.lib
       cs.o                          942      0         16     
       pcm.o                         510      0         0      
       gpio.o                        76       0         96     
       spi.o                         154      0         0      
       sysctl.o                      124      0         0      
       wdt_a.o                       48       0         0      
    +--+-----------------------------+--------+---------+---------+
       Total:                        1854     0         112    
                                                               
    C:\ti\ccsv7\tools\compiler\ti-cgt-arm_16.9.3.LTS\lib\rtsv7M4_T_le_v4SPD16_eabi.lib
       _printfi.obj                  4414     0         0      
       ll_div_t2.obj                 542      0         0      
       ull_div_t2.obj                500      0         0      
       fd_add_t2.obj                 438      0         0      
       fd_div_t2.obj                 310      0         0      
       fd_cmp_t2.obj                 268      0         0      
       ctype.obj                     0        257       0      
       fd_mul_t2.obj                 252      0         0      
       s_scalbn.obj                  252      0         0      
       memcpy_t2.obj                 156      0         0      
       snprintf.obj                  148      0         0      
       memset_t2.obj                 122      0         0      
       autoinit.obj                  112      0         0      
       exit.obj                      84       0         24     
       copy_decompress_lzss.obj      104      0         0      
       s_frexp.obj                   100      0         0      
       boot.obj                      84       0         0      
       ltoa.obj                      84       0         0      
       atoi.obj                      76       0         0      
       cpy_tbl.obj                   76       0         0      
       fd_toi_t2.obj                 72       0         0      
       i_tofd_t2.obj                 46       0         0      
       _lock.obj                     20       0         16     
       memccpy.obj                   28       0         0      
       args_main.obj                 24       0         0      
       ll_mul_t2.obj                 24       0         0      
       strchr.obj                    22       0         0      
       s_copysign.obj                20       0         0      
       strlen.obj                    20       0         0      
       copy_decompress_none.obj      14       0         0      
       copy_zero_init.obj            12       0         0      
       errno.obj                     0        0         8      
       stkdepth_vars.obj             0        0         8      
       pre_init.obj                  4        0         0      
       l_div0.obj                    2        0         0      
       mpu_init.obj                  2        0         0      
       startup.obj                   2        0         0      
    +--+-----------------------------+--------+---------+---------+
       Total:                        8434     257       56     
                                                               
       Stack:                        0        0         1024   
       Linker Generated:             0        122       0      
    +--+-----------------------------+--------+---------+---------+
       Grand Total:                  114446   2704      116130 


LINKER GENERATED COPY TABLES

__TI_cinit_table @ 0001c9a8 records: 2, size/record: 8, table size: 16
	.data: load addr=0001c938, load size=00000056 bytes, run addr=2000dc00, run size=000004d4 bytes, compression=lzss
	.bss: load addr=0001c9a0, load size=00000008 bytes, run addr=20000000, run size=0000dc00 bytes, compression=zero_init


LINKER GENERATED HANDLER TABLE

__TI_handler_table @ 0001c990 records: 3, size/record: 4, table size: 12
	index: 0, handler: __TI_decompress_lzss
	index: 1, handler: __TI_decompress_none
	index: 2, handler: __TI_zero_init


GLOBAL SYMBOLS: SORTED ALPHABETICALLY BY Name 

address   name                                                  
-------   ----                                                  
0001bf9d  ADC14_IRQHandler                                      
0001bf9d  AES256_IRQHandler                                     
00019989  BME280_I2C_bus_read                                   
0001995d  BME280_I2C_bus_write                                  
000199b5  BME280_SPI_bus_read                                   
00019a1b  BME280_SPI_bus_write                                  
00019a8b  BME280_delay_msek                                     
0001bc15  BSP_InitBoard                                         
0001958d  BackChannelEventTrigger                               
000194f5  BackChannelInit                                       
000195a5  BackChannelOpt3001PrintRaw                            
00019523  BackChannelPrint                                      
0001956f  BackChannelPrintIntVariable                           
000195e7  BackupChannelBmi160PrintAccel                         
00019613  BackupChannelBmi160PrintGyro                          
0001963f  BackupChannelBmi160PrintMag                           
000195c1  BackupChannelTmp007PrintRaw                           
0001bf9d  BusFault_Handler                                      
2000dba0  ButtonFunction                                        
0001b8a1  C$$EXIT                                               
00018b0f  CC3100_InterruptDisable                               
00018ad5  CC3100_InterruptEnable                                
00018abd  CC3100_disable                                        
00018ac9  CC3100_enable                                         
0001bf9d  COMP_E0_IRQHandler                                    
0001bf9d  COMP_E1_IRQHandler                                    
0001bf9d  CS_IRQHandler                                         
0001bd89  CS_clearInterruptFlag                                 
0001a9cd  CS_getDCOFrequency                                    
0001be5d  CS_getMCLK                                            
0001be75  CS_getSMCLK                                           
0001bf05  CS_setExternalClockSourceFrequency                    
0001bfdf  CS_startHFXT                                          
0001b0ad  CS_startHFXTWithTimeout                               
2000e01c  ClientChoosed                                         
2000dba4  ClientIP                                              
0001af37  ClockSys_GetSysFreq                                   
0001aea5  ClockSys_SetMaxFreq                                   
00015951  CopyPingResultsToReport                               
00011931  CreateGame                                            
2000dba8  CurrentlyRunningThread                                
0001bf9d  DMA_ERR_IRQHandler                                    
0001bf9d  DMA_INT0_IRQHandler                                   
0001bf9d  DMA_INT1_IRQHandler                                   
0001bf9d  DMA_INT2_IRQHandler                                   
0001bf9d  DMA_INT3_IRQHandler                                   
0001bf9d  DebugMon_Handler                                      
0001bf9d  Default_Handler                                       
00018da1  Delay                                                 
0001bd61  DelayMs                                               
0001a5b7  Disable_Joystick_Interrupt                            
00011915  DrawObjects                                           
00018def  EUSCIA0_IRQHandler                                    
00018def  EUSCIA0_IRQHandler                                    
0001bf9d  EUSCIA1_IRQHandler                                    
0001bf9d  EUSCIA2_IRQHandler                                    
0001bf9d  EUSCIA3_IRQHandler                                    
0001bf9d  EUSCIB0_IRQHandler                                    
000189a5  EUSCIB1_IRQHandler                                    
000189a5  EUSCIB1_IRQHandler                                    
0001bf9d  EUSCIB2_IRQHandler                                    
0001bf9d  EUSCIB3_IRQHandler                                    
0001bfe5  EUSCI_A_SPI_receiveData                               
0001bff7  EUSCI_A_SPI_transmitData                              
0001bded  EUSCI_B_SPI_isBusy                                    
0001bfeb  EUSCI_B_SPI_receiveData                               
0001bffb  EUSCI_B_SPI_transmitData                              
0001bf7d  EndCriticalSection                                    
00011429  EndOfGameClient                                       
0001252d  EndOfGameHost                                         
0001bf9d  FLCTL_IRQHandler                                      
0001bf9d  FPU_IRQHandler                                        
0001726d  G8RTOS_AddAPeriodicEvent                              
0001718d  G8RTOS_AddPeriodicEvent                               
00016c21  G8RTOS_AddThread                                      
00017011  G8RTOS_GetThreadID                                    
00016ab3  G8RTOS_Init                                           
0001b149  G8RTOS_InitSemaphore                                  
000172dd  G8RTOS_KillAllOtherThreads                            
000170e9  G8RTOS_KillSelf                                       
00017019  G8RTOS_KillThread                                     
00016ae5  G8RTOS_Launch                                         
00016fe5  G8RTOS_OS_Sleep                                       
00016995  G8RTOS_Scheduler                                      
0001b199  G8RTOS_SignalSemaphore                                
0001b7f1  G8RTOS_Start                                          
0001b163  G8RTOS_WaitSemaphore                                  
0001b999  GPIO_setAsPeripheralModuleFunctionOutputPin           
00011439  GenerateBall                                          
0001bb59  GetASCIICode                                          
0001a5cd  GetJoystickCoordinates                                
00018ced  GetLEDStatus                                          
0001bf9d  HardFault_Handler                                     
2000e020  HostChoosed                                           
2000dbac  HostScoreChanged                                      
0001992b  I2C_routine                                           
00018eb3  I2C_write                                             
000120a3  IdleThread                                            
2000dbef  IntIsMasked                                           
00010f99  JoinGame                                              
0001a4fd  Joystick_Init_Without_Interrupt                       
0001a55b  Joystick_Push_Button_Init_With_Interrupt              
00017c77  LCD_Clear                                             
00017aab  LCD_DrawRectangle                                     
00017d69  LCD_Init                                              
0001bdad  LCD_SetCursor                                         
00017cf1  LCD_SetPoint                                          
00017bdd  LCD_Text                                              
0001bb99  LCD_WriteData                                         
0001bc51  LCD_WriteIndex                                        
0001be09  LCD_WriteReg                                          
0001bbd9  LCD_Write_Data_Only                                   
0001bfc5  LCD_Write_Data_Start                                  
00012449  LCD_tap                                               
2000e026  LED_CLIENT                                            
2000e024  LED_HOST                                              
00018b33  MaskIntHdlr                                           
0001bf9d  MemManage_Handler                                     
000114ad  MoveBall                                              
0001bf9d  NMI_Handler                                           
0001bf9d  PCM_IRQHandler                                        
0001bce3  PCM_getCoreVoltageLevel                               
0001bd0f  PCM_getPowerMode                                      
0001bfa1  PCM_getPowerState                                     
0001bfcf  PCM_setCoreVoltageLevel                               
0001bfd7  PCM_setPowerMode                                      
00018d9f  PORT1_IRQHandler                                      
00018d9f  PORT1_IRQHandler                                      
00018dc9  PORT2_IRQHandler                                      
00018dc9  PORT2_IRQHandler                                      
0001bf9d  PORT3_IRQHandler                                      
0001bf9d  PORT4_IRQHandler                                      
0001bf9d  PORT5_IRQHandler                                      
0001bf9d  PORT6_IRQHandler                                      
0001bf9d  PSS_IRQHandler                                        
0001b81d  PendSV_Handler                                        
0001b81d  PendSV_Handler                                        
0001b009  PutChar                                               
0001bf9d  RTC_C_IRQHandler                                      
0001184d  ReadJoystickClient                                    
000118b5  ReadJoystickHost                                      
000178f1  ReceiveData                                           
000110e1  ReceiveDataFromClient                                 
0001121d  ReceiveDataFromHost                                   
0001141d  ReceiveSend                                           
0001bf91  Reset_Handler                                         
UNDEFED   SHT$$INIT_ARRAY$$Base                                 
UNDEFED   SHT$$INIT_ARRAY$$Limit                                
000145cb  SL_FD_CLR                                             
000145f1  SL_FD_ISSET                                           
000145a9  SL_FD_SET                                             
00014619  SL_FD_ZERO                                            
0001bd39  SPISendRecvByte                                       
0001be41  SPI_receiveData                                       
00019947  SPI_routine                                           
0001bdcd  SPI_transmitData                                      
0001bf9d  SVC_Handler                                           
00018d5b  SelAntenna                                            
000178d1  SendData                                              
000112e5  SendDataToClient                                      
00011381  SendDataToHost                                        
000179b5  SimpleLinkGeneralEventHandler                         
000179a9  SimpleLinkHttpServerCallback                          
00017971  SimpleLinkNetAppEventHandler                          
000179bf  SimpleLinkSockEventHandler                            
0001791d  SimpleLinkWlanEventHandler                            
2000e074  SockIDRx                                              
2000e076  SockIDTx                                              
0001bf75  StartCriticalSection                                  
0001bff1  SysCtlDelay                                           
0001bf55  SysCtl_disableNMISource                               
0001bf65  SysCtl_enableNMISource                                
0001bfad  SysCtl_getNMISourceStatus                             
0001b949  SysCtl_getTLVInfo                                     
000169fb  SysTick_Handler                                       
000169fb  SysTick_Handler                                       
2000e0d0  SystemCoreClock                                       
000191a5  SystemCoreClockUpdate                                 
00019419  SystemInit                                            
2000dbb0  SystemTime                                            
0001bf9d  T32_INT1_IRQHandler                                   
0001bf9d  T32_INT2_IRQHandler                                   
0001bf9d  T32_INTC_IRQHandler                                   
0001bf9d  TA0_0_IRQHandler                                      
0001bf9d  TA0_N_IRQHandler                                      
0001bf9d  TA1_0_IRQHandler                                      
0001bf9d  TA1_N_IRQHandler                                      
0001bf9d  TA2_0_IRQHandler                                      
0001bf9d  TA2_N_IRQHandler                                      
0001bf9d  TA3_0_IRQHandler                                      
0001bf9d  TA3_N_IRQHandler                                      
00017f87  TP_ReadXY                                             
00018b3b  UnMaskIntHdlr                                         
00011eed  UpdateBallOnScreen                                    
00011d49  UpdatePlayerOnScreen                                  
0001bf9d  UsageFault_Handler                                    
2000e0bc  V_bmm150_maual_auto_condition_u8                      
2000e0c0  V_fifo_time_U32                                       
4000480c  WDTCTL_SYM                                            
0001bf9d  WDT_A_IRQHandler                                      
0001be8d  WDT_A_clearTimer                                      
0001bea5  WDT_A_holdTimer                                       
0001c89e  _SlAcceptCmdCtrl                                      
0001c7a8  _SlActionLookupTable                                  
0000e581  _SlAsyncEventGenericHandler                           
0001c8a2  _SlDeviceGetCmdCtrl                                   
0001c8a6  _SlDeviceSetCmdCtrl                                   
0000ef93  _SlDrvBasicCmd                                        
0000ec47  _SlDrvClassifyRxMsg                                   
0000d87f  _SlDrvCmdOp                                           
0000d92f  _SlDrvCmdSend                                         
0000d985  _SlDrvDataReadOp                                      
0000db89  _SlDrvDataWriteOp                                     
0001859d  _SlDrvDeviceEventHandler                              
0000d799  _SlDrvDriverCBDeinit                                  
0000d6b5  _SlDrvDriverCBInit                                    
0001b583  _SlDrvFlowContDeinit                                  
0001b545  _SlDrvFlowContInit                                    
0000df4d  _SlDrvMsgRead                                         
0000ea65  _SlDrvMsgReadCmdCtx                                   
0000eb5f  _SlDrvMsgReadSpawnCtx                                 
0000dd59  _SlDrvMsgWrite                                        
00015d21  _SlDrvNetAppEventHandler                              
0000f487  _SlDrvObjDeInit                                       
0000f40b  _SlDrvObjInit                                         
0000f201  _SlDrvReleasePoolObj                                  
0000ed8d  _SlDrvRxHdrRead                                       
0000d83d  _SlDrvRxIrqHandler                                    
0000ed45  _SlDrvShiftDWord                                      
0000eff9  _SlDrvWaitForPoolObj                                  
0001c8aa  _SlEventMaskGetCmdCtrl                                
0001c8ae  _SlEventMaskSetCmdCtrl                                
0000f569  _SlFindAndSetActiveObj                                
0001c8b2  _SlGetHostByNameCtrl                                  
0001c8b6  _SlGetHostByServiceCtrl                               
0001c8ba  _SlGetServiceListeCtrl                                
0001c8be  _SlGetSockOptCmdCtrl                                  
0001c8c2  _SlListenCmdCtrl                                      
0001c8c6  _SlNetAppGetCmdCtrl                                   
0001c8ca  _SlNetAppSendTokenValueCmdCtrl                        
0001c8ce  _SlNetAppSetCmdCtrl                                   
0001c8d2  _SlNetAppStartCtrl                                    
0001c8d6  _SlNetAppStopCtrl                                     
0001c8da  _SlNetCfgGetCmdCtrl                                   
0001c8de  _SlNetCfgSetCmdCtrl                                   
0001a851  _SlNonOsMainLoopTask                                  
0001a7a5  _SlNonOsSemGet                                        
0001a78d  _SlNonOsSemSet                                        
0001a801  _SlNonOsSpawn                                         
0001c8e2  _SlPolicyGetCmdCtrl                                   
0001c8e6  _SlPolicySetCmdCtrl                                   
0001c8ea  _SlProfileDelCmdCtrl                                  
0001c8ee  _SlProfileGetCmdCtrl                                  
0001c8f2  _SlRecvCmdCtrl                                        
0001c8f6  _SlRecvfomCmdCtrl                                     
0001c8fa  _SlRegisterServiceCtrl                                
0000f4a7  _SlRemoveFromList                                     
0001c8fe  _SlRxFilterAddtCmdCtrl                                
0001c902  _SlRxFilterGetCmdCtrl                                 
0001c906  _SlRxFilterSetCmdCtrl                                 
0001c90a  _SlSelectCmdCtrl                                      
0001c90e  _SlSendCmdCtrl                                        
0001c912  _SlSetSockOptCmdCtrl                                  
0001c916  _SlSmartConfigStartCmdCtrl                            
0001c91a  _SlSockCloseCmdCtrl                                   
0001c91e  _SlSockSocketCmdCtrl                                  
0001c922  _SlStopCmdCtrl                                        
0001c926  _SlWlanCfgGetCmdCtrl                                  
0001c92a  _SlWlanCfgSetCmdCtrl                                  
0001c92e  _SlWlanGetNetworkListCtrl                             
0001c932  _SlWlanSetModeCmdCtrl                                 
20010000  __STACK_END                                           
00000200  __STACK_SIZE                                          
0001c9a8  __TI_CINIT_Base                                       
0001c9b8  __TI_CINIT_Limit                                      
0001c990  __TI_Handler_Table_Base                               
0001c99c  __TI_Handler_Table_Limit                              
0001b6b1  __TI_auto_init                                        
2000e09c  __TI_cleanup_ptr                                      
0001b721  __TI_decompress_lzss                                  
0001bf83  __TI_decompress_none                                  
2000e0a0  __TI_dtors_ptr                                        
2000e0a4  __TI_enable_exit_profile_output                       
ffffffff  __TI_pprof_out_hndl                                   
00012ef9  __TI_printfi                                          
ffffffff  __TI_prof_data_size                                   
ffffffff  __TI_prof_data_start                                  
00000000  __TI_static_base__                                    
0001bfb9  __TI_zero_init                                        
0001b439  __aeabi_cdcmpeq                                       
0001b439  __aeabi_cdcmple                                       
0001b4bf  __aeabi_cdrcmple                                      
0001bb11  __aeabi_d2iz                                          
0001a32b  __aeabi_dadd                                          
0001a655  __aeabi_ddiv                                          
0001abcf  __aeabi_dmul                                          
0001a321  __aeabi_dsub                                          
0001bcb5  __aeabi_i2d                                           
000137f3  __aeabi_ldiv0                                         
00019cfd  __aeabi_ldivmod                                       
0001bed5  __aeabi_lmul                                          
0001b5c5  __aeabi_memclr                                        
0001b5c5  __aeabi_memclr4                                       
0001b5c5  __aeabi_memclr8                                       
0001b281  __aeabi_memcpy                                        
0001b281  __aeabi_memcpy4                                       
0001b281  __aeabi_memcpy8                                       
0001b5c7  __aeabi_memset                                        
0001b5c7  __aeabi_memset4                                       
0001b5c7  __aeabi_memset8                                       
0001a12d  __aeabi_uldivmod                                      
ffffffff  __binit__                                             
ffffffff  __c_args__                                            
00019f1b  __mpu_init                                            
2000fe00  __stack                                               
0001bebd  _args_main                                            
0001b84d  _c_int00                                              
0001c5f4  _ctypes_                                              
2000e0b4  _lock                                                 
0001bf27  _nop                                                  
0001bf1f  _register_lock                                        
0001bf19  _register_unlock                                      
000137f5  _sl_BuildAddress                                      
00018069  _sl_GetStartResponseConvert                           
00014209  _sl_HandleAsync_Accept                                
00013e03  _sl_HandleAsync_Connect                               
00015739  _sl_HandleAsync_DnsGetHostByAddr                      
0001588d  _sl_HandleAsync_DnsGetHostByName                      
00015669  _sl_HandleAsync_DnsGetHostByService                   
000181cd  _sl_HandleAsync_InitComplete                          
0001598d  _sl_HandleAsync_PingResponse                          
00014631  _sl_HandleAsync_Select                                
0001827f  _sl_HandleAsync_Stop                                  
0001390d  _sl_ParseAddress                                      
00013845  _sl_TruncatePayloadByProtocol                         
0001a4d7  _system_post_cinit                                    
0001bfff  _system_pre_init                                      
2000e0b8  _unlock                                               
0001b8a5  abort                                                 
2000ccb0  accel_fifo                                            
2000db7a  accelxyz                                              
2000dbb4  ack                                                   
0001ba31  atoi                                                  
2000da40  balls                                                 
ffffffff  binit                                                 
2000da88  bme280                                                
0000fa17  bme280_compensate_humidity_int32                      
0000fad3  bme280_compensate_humidity_int32_sixteen_bit_output   
0000f891  bme280_compensate_pressure_int32                      
00010c5b  bme280_compensate_pressure_int64                      
00010e5f  bme280_compensate_pressure_int64_twentyfour_bit_output
0000f78f  bme280_compensate_temperature_int32                   
0000f807  bme280_compensate_temperature_int32_sixteen_bit_output
00010e79  bme280_compute_wait_time                              
000197e9  bme280_data_readout_template                          
0000fbef  bme280_get_calib_param                                
000106af  bme280_get_filter                                     
00010a13  bme280_get_forced_uncomp_pressure_temperature_humidity
0001010b  bme280_get_oversamp_humidity                          
0000ff53  bme280_get_oversamp_pressure                          
0000fd91  bme280_get_oversamp_temperature                       
000102f9  bme280_get_power_mode                                 
00010501  bme280_get_spi3                                       
00010863  bme280_get_standby_durn                               
0000f6d9  bme280_init                                           
000198d5  bme280_initialize_sensor                              
0000fb8f  bme280_read_pressure_temperature_humidity             
00010c15  bme280_read_register                                  
0000f9c1  bme280_read_uncomp_humidity                           
0000f831  bme280_read_uncomp_pressure                           
0000fafd  bme280_read_uncomp_pressure_temperature_humidity      
0000f72f  bme280_read_uncomp_temperature                        
000106ff  bme280_set_filter                                     
00010165  bme280_set_oversamp_humidity                          
0000ffaf  bme280_set_oversamp_pressure                          
0000fded  bme280_set_oversamp_temperature                       
00010347  bme280_set_power_mode                                 
000104c1  bme280_set_soft_rst                                   
0001054f  bme280_set_spi3                                       
000108b3  bme280_set_standby_durn                               
00010bcf  bme280_write_register                                 
00007511  bmi160_accel_foc_trigger_xyz                          
0000ac11  bmi160_bmm150_mag_compensate_X                        
0000acbd  bmi160_bmm150_mag_compensate_Y                        
0000ad69  bmi160_bmm150_mag_compensate_Z                        
0000abb5  bmi160_bmm150_mag_compensate_xyz                      
0000ae11  bmi160_bmm150_mag_interface_init                      
0000b2a9  bmi160_bmm150_mag_set_power_mode                      
0000b0b5  bmi160_bmm150_mag_wakeup                              
0000c001  bmi160_bst_akm_compensate_X                           
0000c039  bmi160_bst_akm_compensate_Y                           
0000c06b  bmi160_bst_akm_compensate_Z                           
0000c09d  bmi160_bst_akm_compensate_xyz                         
0000bc01  bmi160_bst_akm_mag_interface_init                     
0000c0e9  bmi160_bst_akm_set_powermode                          
0000ca95  bmi160_bst_yamaha_yas532_calib_values                 
0000c473  bmi160_bst_yamaha_yas532_mag_interface_init           
0000d4cd  bmi160_bst_yas532_acquisition_command_register        
0000c909  bmi160_bst_yas532_magnetic_measure_set_offset         
0000d05d  bmi160_bst_yas532_measurement_xyz_data                
0000cee9  bmi160_bst_yas532_normal_measurement_data             
0000c7a9  bmi160_bst_yas532_set_initial_values                  
0000d595  bmi160_bst_yas532_set_offset                          
0000ce4d  bmi160_bst_yas532_xy1y2_to_linear                     
000095c1  bmi160_clear_step_counter                             
00014705  bmi160_config_running_mode                            
000152b5  bmi160_delay_ms                                       
00001805  bmi160_fifo_data                                      
000017a5  bmi160_fifo_length                                    
0000191d  bmi160_get_accel_bw                                   
00000e21  bmi160_get_accel_data_rdy                             
000021f7  bmi160_get_accel_fifo_filter_data                     
000086ab  bmi160_get_accel_offset_compensation_xaxis            
00008791  bmi160_get_accel_offset_compensation_yaxis            
0000887b  bmi160_get_accel_offset_compensation_zaxis            
00008edb  bmi160_get_accel_offset_enable                        
0000183f  bmi160_get_accel_output_data_rate                     
00000481  bmi160_get_accel_power_mode_stat                      
00001ad9  bmi160_get_accel_range                                
0000829d  bmi160_get_accel_selftest_amp                         
000080e7  bmi160_get_accel_selftest_axis                        
000081bf  bmi160_get_accel_selftest_sign                        
000019ff  bmi160_get_accel_under_sampling_parameter             
00000d85  bmi160_get_data_rdy_mag                               
000002b5  bmi160_get_drop_cmd_err                               
00000219  bmi160_get_err_code                                   
00000351  bmi160_get_error_status                               
000001cd  bmi160_get_fatal_err                                  
000028a5  bmi160_get_fifo_accel_enable                          
0000212f  bmi160_get_fifo_down_accel                            
00001f87  bmi160_get_fifo_down_gyro                             
00002985  bmi160_get_fifo_gyro_enable                           
000026f1  bmi160_get_fifo_header_enable                         
000027cb  bmi160_get_fifo_mag_enable                            
0000235f  bmi160_get_fifo_stop_on_full                          
000025ff  bmi160_get_fifo_tag_intr1_enable                      
00002511  bmi160_get_fifo_tag_intr2_enable                      
00002437  bmi160_get_fifo_time_enable                           
000022d1  bmi160_get_fifo_wm                                    
000070db  bmi160_get_foc_accel_x                                
00007001  bmi160_get_foc_accel_y                                
00006f3b  bmi160_get_foc_accel_z                                
0000775b  bmi160_get_foc_gyro_enable                            
00000ce5  bmi160_get_foc_rdy                                    
00001ce5  bmi160_get_gyro_bw                                    
00000dd3  bmi160_get_gyro_data_rdy                              
00002055  bmi160_get_gyro_fifo_filter_data                      
00008961  bmi160_get_gyro_offset_compensation_xaxis             
00008b31  bmi160_get_gyro_offset_compensation_yaxis             
00008d09  bmi160_get_gyro_offset_compensation_zaxis             
00008fab  bmi160_get_gyro_offset_enable                         
00001bc9  bmi160_get_gyro_output_data_rate                      
00000433  bmi160_get_gyro_power_mode_stat                       
00001dbf  bmi160_get_gyro_range                                 
00000c49  bmi160_get_gyro_selftest                              
00008377  bmi160_get_gyro_selftest_start                        
00007f33  bmi160_get_gyro_sleep_state                           
00007d7b  bmi160_get_gyro_sleep_trigger                         
0000800d  bmi160_get_gyro_wakeup_intr                           
00007e53  bmi160_get_gyro_wakeup_trigger                        
00002a5f  bmi160_get_i2c_device_addr                            
00000267  bmi160_get_i2c_fail_err                               
00007bc7  bmi160_get_i2c_wdt_enable                             
00007ae7  bmi160_get_i2c_wdt_select                             
00007ca1  bmi160_get_if_mode                                    
000041f3  bmi160_get_input_enable                               
000046ed  bmi160_get_intr_any_motion                            
00005dbf  bmi160_get_intr_any_motion_durn                       
00005f53  bmi160_get_intr_any_motion_thres                      
00005519  bmi160_get_intr_data_rdy                              
00004a31  bmi160_get_intr_double_tap                            
00003ae5  bmi160_get_intr_edge_ctrl                             
00002f23  bmi160_get_intr_enable_0                              
00003393  bmi160_get_intr_enable_1                              
000037fb  bmi160_get_intr_enable_2                              
000051fd  bmi160_get_intr_fifo_full                             
00005389  bmi160_get_intr_fifo_wm                               
00004ee1  bmi160_get_intr_flat                                  
00006d83  bmi160_get_intr_flat_hold                             
00006e63  bmi160_get_intr_flat_hyst                             
00006cab  bmi160_get_intr_flat_theta                            
00004561  bmi160_get_intr_high_g                                
00005cb3  bmi160_get_intr_high_g_durn                           
00005beb  bmi160_get_intr_high_g_hyst                           
00005d39  bmi160_get_intr_high_g_thres                          
00003c6d  bmi160_get_intr_level                                 
0000437f  bmi160_get_intr_low_g                                 
00005937  bmi160_get_intr_low_g_durn                            
00005a43  bmi160_get_intr_low_g_hyst                            
00005b11  bmi160_get_intr_low_g_mode                            
000059bd  bmi160_get_intr_low_g_thres                           
0000577f  bmi160_get_intr_low_high_source                       
0000585d  bmi160_get_intr_motion_source                         
000048a5  bmi160_get_intr_nomotion                              
00004d4f  bmi160_get_intr_orient                                
00006bd1  bmi160_get_intr_orient_axes_enable                    
00006879  bmi160_get_intr_orient_blocking                       
00006953  bmi160_get_intr_orient_hyst                           
0000679b  bmi160_get_intr_orient_mode                           
00006a1b  bmi160_get_intr_orient_theta                          
00006af3  bmi160_get_intr_orient_ud_enable                      
00003dff  bmi160_get_intr_output_type                           
0000506d  bmi160_get_intr_pmu_trig                              
000062f1  bmi160_get_intr_significant_motion_proof              
0000613d  bmi160_get_intr_significant_motion_select             
00006217  bmi160_get_intr_significant_motion_skip               
00004bc3  bmi160_get_intr_single_tap                            
00005e8b  bmi160_get_intr_slow_no_motion_durn                   
0000605f  bmi160_get_intr_slow_no_motion_select                 
00005fd9  bmi160_get_intr_slow_no_motion_thres                  
000063cb  bmi160_get_intr_tap_durn                              
000065fb  bmi160_get_intr_tap_quiet                             
00006521  bmi160_get_intr_tap_shock                             
000056a5  bmi160_get_intr_tap_source                            
000066d5  bmi160_get_intr_tap_thres                             
0000411b  bmi160_get_latch_intr                                 
00002b27  bmi160_get_mag_burst                                  
00000303  bmi160_get_mag_dada_rdy_err                           
00002cb9  bmi160_get_mag_manual_enable                          
00000c97  bmi160_get_mag_manual_operation_stat                  
00002bed  bmi160_get_mag_offset                                 
00001e97  bmi160_get_mag_output_data_rate                       
000003e1  bmi160_get_mag_power_mode_stat                        
00002d91  bmi160_get_mag_read_addr                              
00002e17  bmi160_get_mag_write_addr                             
00002e9d  bmi160_get_mag_write_data                             
000085e3  bmi160_get_nvm_counter                                
00007935  bmi160_get_nvm_prog_enable                            
00000d33  bmi160_get_nvm_rdy                                    
00003f8b  bmi160_get_output_enable                              
00009701  bmi160_get_paging_enable                              
0000d69b  bmi160_get_ptr                                        
000097db  bmi160_get_pullup_configuration                       
00000bed  bmi160_get_sensor_time                                
00008517  bmi160_get_spare0_trim                                
00007a0f  bmi160_get_spi3                                       
00008451  bmi160_get_spi_enable                                 
00000f09  bmi160_get_stat0_any_motion_intr                      
00000fa5  bmi160_get_stat0_double_tap_intr                      
00001095  bmi160_get_stat0_flat_intr                            
00001041  bmi160_get_stat0_orient_intr                          
00000f57  bmi160_get_stat0_pmu_trigger_intr                     
00000ebb  bmi160_get_stat0_significant_intr                     
00000ff3  bmi160_get_stat0_single_tap_intr                      
00000e6f  bmi160_get_stat0_step_intr                            
0000117f  bmi160_get_stat1_data_rdy_intr                        
000011cd  bmi160_get_stat1_fifo_full_intr                       
0000121b  bmi160_get_stat1_fifo_wm_intr                         
000010e3  bmi160_get_stat1_high_g_intr                          
00001131  bmi160_get_stat1_low_g_intr                           
00001269  bmi160_get_stat1_nomotion_intr                        
000012b7  bmi160_get_stat2_any_motion_first_x                   
00001303  bmi160_get_stat2_any_motion_first_y                   
00001351  bmi160_get_stat2_any_motion_first_z                   
000013a5  bmi160_get_stat2_any_motion_sign                      
000013f3  bmi160_get_stat2_tap_first_x                          
00001441  bmi160_get_stat2_tap_first_y                          
0000148f  bmi160_get_stat2_tap_first_z                          
000014dd  bmi160_get_stat2_tap_sign                             
00001703  bmi160_get_stat3_flat                                 
0000152b  bmi160_get_stat3_high_g_first_x                       
00001577  bmi160_get_stat3_high_g_first_y                       
000015c5  bmi160_get_stat3_high_g_first_z                       
00001613  bmi160_get_stat3_high_g_sign                          
00001661  bmi160_get_stat3_orient_xy                            
000016b5  bmi160_get_stat3_orient_z                             
000090c7  bmi160_get_step_config                                
00009299  bmi160_get_step_counter_enable                        
00003a15  bmi160_get_step_detector_enable                       
00009627  bmi160_get_target_page                                
00001751  bmi160_get_temp                                       
0001521b  bmi160_i2c_burst_read                                 
000151ef  bmi160_i2c_bus_read                                   
0001524d  bmi160_i2c_bus_write                                  
000000e5  bmi160_init                                           
000146c9  bmi160_initialize_sensor                              
0001513d  bmi160_interrupt_configuration                        
000093f1  bmi160_map_significant_motion_intr                    
000094d9  bmi160_map_step_detector_intr                         
00000a7d  bmi160_read_accel_x                                   
00000b79  bmi160_read_accel_xyz                                 
00000ad1  bmi160_read_accel_y                                   
00000b25  bmi160_read_accel_z                                   
0000b761  bmi160_read_bmm150_mag_trim                           
0000bf1d  bmi160_read_bst_akm_sensitivity_data                  
000098b9  bmi160_read_fifo_header_data                          
0000a289  bmi160_read_fifo_headerless_mode                      
00000909  bmi160_read_gyro_x                                    
00000a05  bmi160_read_gyro_xyz                                  
0000095d  bmi160_read_gyro_y                                    
000009b1  bmi160_read_gyro_z                                    
000006d9  bmi160_read_mag_r                                     
000004cf  bmi160_read_mag_x                                     
00000743  bmi160_read_mag_xyz                                   
0000084d  bmi160_read_mag_xyzr                                  
0000057d  bmi160_read_mag_y                                     
0000062b  bmi160_read_mag_z                                     
00000189  bmi160_read_reg                                       
00009073  bmi160_read_step_count                                
0000196b  bmi160_set_accel_bw                                   
00002245  bmi160_set_accel_fifo_filter_data                     
000071b9  bmi160_set_accel_foc_trigger                          
000086f7  bmi160_set_accel_offset_compensation_xaxis            
000087dd  bmi160_set_accel_offset_compensation_yaxis            
000088c7  bmi160_set_accel_offset_compensation_zaxis            
00008f29  bmi160_set_accel_offset_enable                        
0000188b  bmi160_set_accel_output_data_rate                     
00001b25  bmi160_set_accel_range                                
000082eb  bmi160_set_accel_selftest_amp                         
00008133  bmi160_set_accel_selftest_axis                        
00008211  bmi160_set_accel_selftest_sign                        
00001a4d  bmi160_set_accel_under_sampling_parameter             
0000b185  bmi160_set_bmm150_mag_and_secondary_if_power_mode     
0000b405  bmi160_set_bmm150_mag_presetmode                      
0000c30d  bmi160_set_bst_akm_and_secondary_if_powermode         
000095ed  bmi160_set_command_register                           
000028f3  bmi160_set_fifo_accel_enable                          
0000217d  bmi160_set_fifo_down_accel                            
00001fd3  bmi160_set_fifo_down_gyro                             
000029d3  bmi160_set_fifo_gyro_enable                           
0000273f  bmi160_set_fifo_header_enable                         
00002819  bmi160_set_fifo_mag_enable                            
000023ab  bmi160_set_fifo_stop_on_full                          
00002651  bmi160_set_fifo_tag_intr1_enable                      
0000255f  bmi160_set_fifo_tag_intr2_enable                      
00002485  bmi160_set_fifo_time_enable                           
00002325  bmi160_set_fifo_wm                                    
00007129  bmi160_set_foc_accel_x                                
0000704f  bmi160_set_foc_accel_y                                
00006f87  bmi160_set_foc_accel_z                                
000077a9  bmi160_set_foc_gyro_enable                            
00001d33  bmi160_set_gyro_bw                                    
000020a3  bmi160_set_gyro_fifo_filter_data                      
00008a15  bmi160_set_gyro_offset_compensation_xaxis             
00008bed  bmi160_set_gyro_offset_compensation_yaxis             
00008dbf  bmi160_set_gyro_offset_compensation_zaxis             
00008ff9  bmi160_set_gyro_offset_enable                         
00001c15  bmi160_set_gyro_output_data_rate                      
00001e0b  bmi160_set_gyro_range                                 
000083c5  bmi160_set_gyro_selftest_start                        
00007f81  bmi160_set_gyro_sleep_state                           
00007dc7  bmi160_set_gyro_sleep_trigger                         
0000805b  bmi160_set_gyro_wakeup_intr                           
00007ea1  bmi160_set_gyro_wakeup_trigger                        
00002aad  bmi160_set_i2c_device_addr                            
00007c15  bmi160_set_i2c_wdt_enable                             
00007b35  bmi160_set_i2c_wdt_select                             
00007cef  bmi160_set_if_mode                                    
0000428d  bmi160_set_input_enable                               
00004787  bmi160_set_intr_any_motion                            
00005e0b  bmi160_set_intr_any_motion_durn                       
00005f9f  bmi160_set_intr_any_motion_thres                      
000055b3  bmi160_set_intr_data_rdy                              
00004acb  bmi160_set_intr_double_tap                            
00003b7b  bmi160_set_intr_edge_ctrl                             
000030b9  bmi160_set_intr_enable_0                              
00003521  bmi160_set_intr_enable_1                              
000038c3  bmi160_set_intr_enable_2                              
00005297  bmi160_set_intr_fifo_full                             
00005423  bmi160_set_intr_fifo_wm                               
00004f7b  bmi160_set_intr_flat                                  
00006dd1  bmi160_set_intr_flat_hold                             
00006eaf  bmi160_set_intr_flat_hyst                             
00006cf7  bmi160_set_intr_flat_theta                            
000045fb  bmi160_set_intr_high_g                                
00005cff  bmi160_set_intr_high_g_durn                           
00005c39  bmi160_set_intr_high_g_hyst                           
00005d85  bmi160_set_intr_high_g_thres                          
00003d07  bmi160_set_intr_level                                 
00004413  bmi160_set_intr_low_g                                 
00005983  bmi160_set_intr_low_g_durn                            
00005a8f  bmi160_set_intr_low_g_hyst                            
00005b5f  bmi160_set_intr_low_g_mode                            
00005a09  bmi160_set_intr_low_g_thres                           
000057d1  bmi160_set_intr_low_high_source                       
000058ab  bmi160_set_intr_motion_source                         
0000493f  bmi160_set_intr_nomotion                              
00004de9  bmi160_set_intr_orient                                
00006c1f  bmi160_set_intr_orient_axes_enable                    
000068c7  bmi160_set_intr_orient_blocking                       
000069a1  bmi160_set_intr_orient_hyst                           
000067ed  bmi160_set_intr_orient_mode                           
00006a67  bmi160_set_intr_orient_theta                          
00006b45  bmi160_set_intr_orient_ud_enable                      
00003e99  bmi160_set_intr_output_type                           
00005103  bmi160_set_intr_pmu_trig                              
0000633f  bmi160_set_intr_significant_motion_proof              
0000618b  bmi160_set_intr_significant_motion_select             
00006265  bmi160_set_intr_significant_motion_skip               
00004c5d  bmi160_set_intr_single_tap                            
00005ed9  bmi160_set_intr_slow_no_motion_durn                   
000060ab  bmi160_set_intr_slow_no_motion_select                 
00006025  bmi160_set_intr_slow_no_motion_thres                  
00006417  bmi160_set_intr_tap_durn                              
00006649  bmi160_set_intr_tap_quiet                             
0000656f  bmi160_set_intr_tap_shock                             
000056f3  bmi160_set_intr_tap_source                            
00006721  bmi160_set_intr_tap_thres                             
00004167  bmi160_set_latch_intr                                 
00002b73  bmi160_set_mag_burst                                  
00002d07  bmi160_set_mag_manual_enable                          
00002c3b  bmi160_set_mag_offset                                 
00001ee3  bmi160_set_mag_output_data_rate                       
00002ddd  bmi160_set_mag_read_addr                              
00002e63  bmi160_set_mag_write_addr                             
00002ee9  bmi160_set_mag_write_data                             
00008631  bmi160_set_nvm_counter                                
00007983  bmi160_set_nvm_prog_enable                            
00004025  bmi160_set_output_enable                              
0000974f  bmi160_set_paging_enable                              
00009829  bmi160_set_pullup_configuration                       
00008569  bmi160_set_spare0_trim                                
00007a5b  bmi160_set_spi3                                       
0000849d  bmi160_set_spi_enable                                 
00009185  bmi160_set_step_config                                
000092e7  bmi160_set_step_counter_enable                        
00003a6b  bmi160_set_step_detector_enable                       
00009373  bmi160_set_step_mode                                  
00009675  bmi160_set_target_page                                
00015279  bmi160_spi_bus_read                                   
00015297  bmi160_spi_bus_write                                  
00000145  bmi160_write_reg                                      
2000dbb8  bufferIP                                              
2000daec  bufferToClient                                        
2000db0c  bufferToHost                                          
2000e033  burstMode                                             
000120a5  checkForCollision                                     
00018b4f  clear_rts                                             
2000db86  client                                                
2000dbbc  clientScore                                           
2000dbc0  clientScoreChanged                                    
0001ba7d  copy_in                                               
[...]
0001a321  __aeabi_dsub                                          
0001a32b  __aeabi_dadd                                          
0001a4d7  _system_post_cinit                                    
0001a4fd  Joystick_Init_Without_Interrupt                       
0001a55b  Joystick_Push_Button_Init_With_Interrupt              
0001a5b7  Disable_Joystick_Interrupt                            
0001a5cd  GetJoystickCoordinates                                
0001a655  __aeabi_ddiv                                          
0001a78d  _SlNonOsSemSet                                        
0001a7a5  _SlNonOsSemGet                                        
0001a801  _SlNonOsSpawn                                         
0001a851  _SlNonOsMainLoopTask                                  
0001a8bd  sl_NetCfgSet                                          
0001a923  sl_NetCfgGet                                          
0001a9cd  CS_getDCOFrequency                                    
0001aad1  sensorOpt3001Init                                     
0001aadd  sensorOpt3001Enable                                   
0001ab09  sensorOpt3001Read                                     
0001ab6d  sensorOpt3001Test                                     
0001abcf  __aeabi_dmul                                          
0001accd  ldexp                                                 
0001accd  ldexpl                                                
0001accd  scalbn                                                
0001accd  scalbnl                                               
0001aea5  ClockSys_SetMaxFreq                                   
0001af37  ClockSys_GetSysFreq                                   
0001b009  PutChar                                               
0001b0ad  CS_startHFXTWithTimeout                               
0001b149  G8RTOS_InitSemaphore                                  
0001b163  G8RTOS_WaitSemaphore                                  
0001b199  G8RTOS_SignalSemaphore                                
0001b281  __aeabi_memcpy                                        
0001b281  __aeabi_memcpy4                                       
0001b281  __aeabi_memcpy8                                       
0001b281  memcpy                                                
0001b31d  snprintf                                              
0001b3b1  main                                                  
0001b439  __aeabi_cdcmpeq                                       
0001b439  __aeabi_cdcmple                                       
0001b4bf  __aeabi_cdrcmple                                      
0001b545  _SlDrvFlowContInit                                    
0001b583  _SlDrvFlowContDeinit                                  
0001b5c5  __aeabi_memclr                                        
0001b5c5  __aeabi_memclr4                                       
0001b5c5  __aeabi_memclr8                                       
0001b5c7  __aeabi_memset                                        
0001b5c7  __aeabi_memset4                                       
0001b5c7  __aeabi_memset8                                       
0001b5cd  memset                                                
0001b6b1  __TI_auto_init                                        
0001b721  __TI_decompress_lzss                                  
0001b789  frexp                                                 
0001b789  frexpl                                                
0001b7f1  G8RTOS_Start                                          
0001b81d  PendSV_Handler                                        
0001b81d  PendSV_Handler                                        
0001b84d  _c_int00                                              
0001b8a1  C$$EXIT                                               
0001b8a5  abort                                                 
0001b8ad  exit                                                  
0001b8f5  ltoa                                                  
0001b949  SysCtl_getTLVInfo                                     
0001b999  GPIO_setAsPeripheralModuleFunctionOutputPin           
0001ba31  atoi                                                  
0001ba7d  copy_in                                               
0001bb11  __aeabi_d2iz                                          
0001bb59  GetASCIICode                                          
0001bb99  LCD_WriteData                                         
0001bbd9  LCD_Write_Data_Only                                   
0001bc15  BSP_InitBoard                                         
0001bc51  LCD_WriteIndex                                        
0001bcb5  __aeabi_i2d                                           
0001bce3  PCM_getCoreVoltageLevel                               
0001bd0f  PCM_getPowerMode                                      
0001bd39  SPISendRecvByte                                       
0001bd61  DelayMs                                               
0001bd89  CS_clearInterruptFlag                                 
0001bdad  LCD_SetCursor                                         
0001bdcd  SPI_transmitData                                      
0001bded  EUSCI_B_SPI_isBusy                                    
0001be09  LCD_WriteReg                                          
0001be25  memccpy                                               
0001be41  SPI_receiveData                                       
0001be5d  CS_getMCLK                                            
0001be75  CS_getSMCLK                                           
0001be8d  WDT_A_clearTimer                                      
0001bea5  WDT_A_holdTimer                                       
0001bebd  _args_main                                            
0001bed5  __aeabi_lmul                                          
0001beed  strchr                                                
0001bf05  CS_setExternalClockSourceFrequency                    
0001bf19  _register_unlock                                      
0001bf1f  _register_lock                                        
0001bf27  _nop                                                  
0001bf2d  copysign                                              
0001bf2d  copysignl                                             
0001bf41  strlen                                                
0001bf55  SysCtl_disableNMISource                               
0001bf65  SysCtl_enableNMISource                                
0001bf75  StartCriticalSection                                  
0001bf7d  EndCriticalSection                                    
0001bf83  __TI_decompress_none                                  
0001bf91  Reset_Handler                                         
0001bf9d  ADC14_IRQHandler                                      
0001bf9d  AES256_IRQHandler                                     
0001bf9d  BusFault_Handler                                      
0001bf9d  COMP_E0_IRQHandler                                    
0001bf9d  COMP_E1_IRQHandler                                    
0001bf9d  CS_IRQHandler                                         
0001bf9d  DMA_ERR_IRQHandler                                    
0001bf9d  DMA_INT0_IRQHandler                                   
0001bf9d  DMA_INT1_IRQHandler                                   
0001bf9d  DMA_INT2_IRQHandler                                   
0001bf9d  DMA_INT3_IRQHandler                                   
0001bf9d  DebugMon_Handler                                      
0001bf9d  Default_Handler                                       
0001bf9d  EUSCIA1_IRQHandler                                    
0001bf9d  EUSCIA2_IRQHandler                                    
0001bf9d  EUSCIA3_IRQHandler                                    
0001bf9d  EUSCIB0_IRQHandler                                    
0001bf9d  EUSCIB2_IRQHandler                                    
0001bf9d  EUSCIB3_IRQHandler                                    
0001bf9d  FLCTL_IRQHandler                                      
0001bf9d  FPU_IRQHandler                                        
0001bf9d  HardFault_Handler                                     
0001bf9d  MemManage_Handler                                     
0001bf9d  NMI_Handler                                           
0001bf9d  PCM_IRQHandler                                        
0001bf9d  PORT3_IRQHandler                                      
0001bf9d  PORT4_IRQHandler                                      
0001bf9d  PORT5_IRQHandler                                      
0001bf9d  PORT6_IRQHandler                                      
0001bf9d  PSS_IRQHandler                                        
0001bf9d  RTC_C_IRQHandler                                      
0001bf9d  SVC_Handler                                           
0001bf9d  T32_INT1_IRQHandler                                   
0001bf9d  T32_INT2_IRQHandler                                   
0001bf9d  T32_INTC_IRQHandler                                   
0001bf9d  TA0_0_IRQHandler                                      
0001bf9d  TA0_N_IRQHandler                                      
0001bf9d  TA1_0_IRQHandler                                      
0001bf9d  TA1_N_IRQHandler                                      
0001bf9d  TA2_0_IRQHandler                                      
0001bf9d  TA2_N_IRQHandler                                      
0001bf9d  TA3_0_IRQHandler                                      
0001bf9d  TA3_N_IRQHandler                                      
0001bf9d  UsageFault_Handler                                    
0001bf9d  WDT_A_IRQHandler                                      
0001bfa1  PCM_getPowerState                                     
0001bfad  SysCtl_getNMISourceStatus                             
0001bfb9  __TI_zero_init                                        
0001bfc5  LCD_Write_Data_Start                                  
0001bfcf  PCM_setCoreVoltageLevel                               
0001bfd7  PCM_setPowerMode                                      
0001bfdf  CS_startHFXT                                          
0001bfe5  EUSCI_A_SPI_receiveData                               
0001bfeb  EUSCI_B_SPI_receiveData                               
0001bff1  SysCtlDelay                                           
0001bff7  EUSCI_A_SPI_transmitData                              
0001bffb  EUSCI_B_SPI_transmitData                              
0001bfff  _system_pre_init                                      
0001c5f4  _ctypes_                                              
0001c7a8  _SlActionLookupTable                                  
0001c85c  g_H2NCnysPattern                                      
0001c864  g_H2NSyncPattern                                      
0001c89e  _SlAcceptCmdCtrl                                      
0001c8a2  _SlDeviceGetCmdCtrl                                   
0001c8a6  _SlDeviceSetCmdCtrl                                   
0001c8aa  _SlEventMaskGetCmdCtrl                                
0001c8ae  _SlEventMaskSetCmdCtrl                                
0001c8b2  _SlGetHostByNameCtrl                                  
0001c8b6  _SlGetHostByServiceCtrl                               
0001c8ba  _SlGetServiceListeCtrl                                
0001c8be  _SlGetSockOptCmdCtrl                                  
0001c8c2  _SlListenCmdCtrl                                      
0001c8c6  _SlNetAppGetCmdCtrl                                   
0001c8ca  _SlNetAppSendTokenValueCmdCtrl                        
0001c8ce  _SlNetAppSetCmdCtrl                                   
0001c8d2  _SlNetAppStartCtrl                                    
0001c8d6  _SlNetAppStopCtrl                                     
0001c8da  _SlNetCfgGetCmdCtrl                                   
0001c8de  _SlNetCfgSetCmdCtrl                                   
0001c8e2  _SlPolicyGetCmdCtrl                                   
0001c8e6  _SlPolicySetCmdCtrl                                   
0001c8ea  _SlProfileDelCmdCtrl                                  
0001c8ee  _SlProfileGetCmdCtrl                                  
0001c8f2  _SlRecvCmdCtrl                                        
0001c8f6  _SlRecvfomCmdCtrl                                     
0001c8fa  _SlRegisterServiceCtrl                                
0001c8fe  _SlRxFilterAddtCmdCtrl                                
0001c902  _SlRxFilterGetCmdCtrl                                 
0001c906  _SlRxFilterSetCmdCtrl                                 
0001c90a  _SlSelectCmdCtrl                                      
0001c90e  _SlSendCmdCtrl                                        
0001c912  _SlSetSockOptCmdCtrl                                  
0001c916  _SlSmartConfigStartCmdCtrl                            
0001c91a  _SlSockCloseCmdCtrl                                   
0001c91e  _SlSockSocketCmdCtrl                                  
0001c922  _SlStopCmdCtrl                                        
0001c926  _SlWlanCfgGetCmdCtrl                                  
0001c92a  _SlWlanCfgSetCmdCtrl                                  
0001c92e  _SlWlanGetNetworkListCtrl                             
0001c932  _SlWlanSetModeCmdCtrl                                 
0001c990  __TI_Handler_Table_Base                               
0001c99c  __TI_Handler_Table_Limit                              
0001c9a8  __TI_CINIT_Base                                       
0001c9b8  __TI_CINIT_Limit                                      
2000ccb0  accel_fifo                                            
2000d01c  gyro_fifo                                             
2000d388  mag_fifo                                              
2000d6f4  g_StatMem                                             
2000da40  balls                                                 
2000da88  bme280                                                
2000dac4  g__SlNonOsCB                                          
2000daec  bufferToClient                                        
2000db0c  bufferToHost                                          
2000db2c  oldballs                                              
2000db4c  s_bmi160                                              
2000db7a  accelxyz                                              
2000db80  gyroxyz                                               
2000db86  client                                                
2000db8b  host                                                  
2000dba0  ButtonFunction                                        
2000dba4  ClientIP                                              
2000dba8  CurrentlyRunningThread                                
2000dbac  HostScoreChanged                                      
2000dbb0  SystemTime                                            
2000dbb4  ack                                                   
2000dbb8  bufferIP                                              
2000dbbc  clientScore                                           
2000dbc0  clientScoreChanged                                    
2000dbc4  displayarr                                            
2000dbc8  draw                                                  
2000dbcc  g_ui32ByteCount                                       
2000dbd0  globalsem                                             
2000dbd8  hostScore                                             
2000dbdc  iter                                                  
2000dbe4  pData                                                 
2000dbe8  wifi                                                  
2000dbef  IntIsMasked                                           
2000dbf2  global_x                                              
2000dbf4  global_y                                              
2000dbf6  oldclient                                             
2000dbf8  oldhost                                               
2000dbfa  xCoord                                                
2000dbfc  yCoord                                                
2000dbfe  ui8DummyRead                                          
2000dbff  ui8Status                                             
2000dc00  v_fifo_data_u8                                        
2000e000  numberOfBalls                                         
2000e004  gb                                                    
2000e008  dob                                                   
2000e00c  mb                                                    
2000e010  rj                                                    
2000e014  ub                                                    
2000e018  up                                                    
2000e01c  ClientChoosed                                         
2000e020  HostChoosed                                           
2000e024  LED_HOST                                              
2000e026  LED_CLIENT                                            
2000e028  listen_to_restart_flag                                
2000e02c  restart                                               
2000e030  isHost                                                
2000e031  display                                               
2000e032  fill                                                  
2000e033  burstMode                                             
2000e064  g_Status                                              
2000e068  retVal                                                
2000e06c  receivedAlready                                       
2000e070  transmitedAlready                                     
2000e074  SockIDRx                                              
2000e076  SockIDTx                                              
2000e078  i2cConfig                                             
2000e08c  tt                                                    
2000e090  ks                                                    
2000e094  gs                                                    
2000e098  sh                                                    
2000e09c  __TI_cleanup_ptr                                      
2000e0a0  __TI_dtors_ptr                                        
2000e0a4  __TI_enable_exit_profile_output                       
2000e0a8  g_pCB                                                 
2000e0ac  pPingCallBackFunc                                     
2000e0b0  gFirstCmdMode                                         
2000e0b4  _lock                                                 
2000e0b8  _unlock                                               
2000e0bc  V_bmm150_maual_auto_condition_u8                      
2000e0c0  V_fifo_time_U32                                       
2000e0c4  pIraEventHandler                                      
2000e0c8  errno                                                 
2000e0cc  main_func_sp                                          
2000e0d0  SystemCoreClock                                       
2000fe00  __stack                                               
20010000  __STACK_END                                           
4000480c  WDTCTL_SYM                                            
ffffffff  __TI_pprof_out_hndl                                   
ffffffff  __TI_prof_data_size                                   
ffffffff  __TI_prof_data_start                                  
ffffffff  __binit__                                             
ffffffff  __c_args__                                            
ffffffff  binit                                                 
UNDEFED   SHT$$INIT_ARRAY$$Base                                 
UNDEFED   SHT$$INIT_ARRAY$$Limit                                

[900 symbols]
