******************************************************************************
                  TI ARM Linker PC v16.9.3                     
******************************************************************************
>> Linked Sun Dec 03 15:45:10 2017

OUTPUT FILE NAME:   <Final_Project_Testing.out>
ENTRY POINT SYMBOL: "_c_int00"  address: 0001a831


MEMORY CONFIGURATION

         name            origin    length      used     unused   attr    fill
----------------------  --------  ---------  --------  --------  ----  --------
  MAIN                  00000000   00040000  0001ba1c  000245e4  R  X
  INFO                  00200000   00004000  00000000  00004000  R  X
  SRAM_CODE             01000000   00010000  0000e402  00001bfe  RW X
  SRAM_DATA             20000000   00010000  0000e402  00001bfe  RW  


SEGMENT ALLOCATION MAP

run origin  load origin   length   init length attrs members
----------  ----------- ---------- ----------- ----- -------
00000000    00000000    0001ba20   0001ba20    r-x
  00000000    00000000    000000e4   000000e4    r-- .intvecs
  000000e4    000000e4    0001ae66   0001ae66    r-x .text
  0001af4c    0001af4c    00000932   00000932    r-- .const
  0001b880    0001b880    000001a0   000001a0    r-- .cinit
20000000    20000000    0000e204   00000000    rw-
  20000000    20000000    0000db66   00000000    rw- .bss
  2000db68    2000db68    0000069c   00000000    rw- .data
2000fe00    2000fe00    00000200   00000000    rw-
  2000fe00    2000fe00    00000200   00000000    rw- .stack


SECTION ALLOCATION MAP

 output                                  attributes/
section   page    origin      length       input sections
--------  ----  ----------  ----------   ----------------
.intvecs   0    00000000    000000e4     
                  00000000    000000e4     startup_msp432p401r_ccs.obj (.intvecs:retain)

.binit     0    00000000    00000000     

.text      0    000000e4    0001ae66     
                  000000e4    0000d5d0     bmi160.obj (.text)
                  0000d6b4    00002024     driver.obj (.text)
                  0000f6d8    00001818     bme280.obj (.text)
                  00010ef0    0000113e     rtsv7M4_T_le_v4SPD16_eabi.lib : _printfi.obj (.text)
                  0001202e    00000002                                   : l_div0.obj (.text)
                  00012030    00000ed4     socket.obj (.text)
                  00012f04    00000c28     bmi160_support.obj (.text)
                  00013b2c    00000b44     netapp.obj (.text)
                  00014670    00000ab8     wlan.obj (.text)
                  00015128    00000914     app.obj (.text)
                  00015a3c    000007d4     G8RTOS_Scheduler.obj (.text)
                  00016210    000007a0     LCD.obj (.text)
                  000169b0    00000688     cc3100_usage.obj (.text)
                  00017038    000005b4     device.obj (.text)
                  000175ec    0000048c     i2c_driver.obj (.text)
                  00017a78    000003a8     board.obj (.text)
                  00017e20    00000354     leds.obj (.text)
                  00018174    0000032c     system_msp432p401r.obj (.text)
                  000184a0    00000318     BackChannelUart.obj (.text)
                  000187b8    000002e0     bme280_support.obj (.text)
                  00018a98    00000234     tmp007.obj (.text)
                  00018ccc    0000021e     rtsv7M4_T_le_v4SPD16_eabi.lib : ll_div_t2.obj (.text)
                  00018eea    00000002                                   : mpu_init.obj (.text)
                  00018eec    00000210     spi_cc3100.obj (.text)
                  000190fc    000001f4     rtsv7M4_T_le_v4SPD16_eabi.lib : ull_div_t2.obj (.text)
                  000192f0    000001b6                                   : fd_add_t2.obj (.text)
                  000194a6    00000002                                   : startup.obj (.text)
                  000194a8    0000017c     Joystick.obj (.text)
                  00019624    00000136     rtsv7M4_T_le_v4SPD16_eabi.lib : fd_div_t2.obj (.text)
                  0001975a    00000002     --HOLE-- [fill = 0]
                  0001975c    00000130     nonos.obj (.text)
                  0001988c    00000110     netcfg.obj (.text)
                  0001999c    00000104     msp432p4xx_driverlib.lib : cs.o (.text:CS_getDCOFrequency)
                  00019aa0    000000fe     opt3001.obj (.text)
                  00019b9e    000000fc     rtsv7M4_T_le_v4SPD16_eabi.lib : fd_mul_t2.obj (.text)
                  00019c9a    00000002     --HOLE-- [fill = 0]
                  00019c9c    000000fc                                   : s_scalbn.obj (.text)
                  00019d98    000000dc     msp432p4xx_driverlib.lib : pcm.o (.text:__PCM_setPowerModeAdvanced)
                  00019e74    000000b4     ClockSys.obj (.text)
                  00019f28    000000b0     msp432p4xx_driverlib.lib : pcm.o (.text:__PCM_setCoreVoltageLevelAdvanced)
                  00019fd8    000000ac     G8RTOS_Semaphores.obj (.text)
                  0001a084    000000a4     LCD.obj (.text:PutChar)
                  0001a128    0000009c     msp432p4xx_driverlib.lib : cs.o (.text:CS_startHFXTWithTimeout)
                  0001a1c4    0000009c                              : cs.o (.text:_CSComputeCLKFrequency)
                  0001a260    0000009c     rtsv7M4_T_le_v4SPD16_eabi.lib : memcpy_t2.obj (.text)
                  0001a2fc    00000094                                   : snprintf.obj (.text)
                  0001a390    0000008c     main.obj (.text)
                  0001a41c    00000086     rtsv7M4_T_le_v4SPD16_eabi.lib : fd_cmp_t2.obj (.text:__aeabi_cdcmple)
                  0001a4a2    00000086                                   : fd_cmp_t2.obj (.text:__aeabi_cdrcmple)
                  0001a528    00000080     flowcont.obj (.text)
                  0001a5a8    0000007a     rtsv7M4_T_le_v4SPD16_eabi.lib : memset_t2.obj (.text)
                  0001a622    00000002     --HOLE-- [fill = 0]
                  0001a624    00000070     msp432p4xx_driverlib.lib : cs.o (.text:_CSGetHFXTFrequency)
                  0001a694    00000070     rtsv7M4_T_le_v4SPD16_eabi.lib : autoinit.obj (.text)
                  0001a704    00000068                                   : copy_decompress_lzss.obj (.text:decompress:lzss)
                  0001a76c    00000064                                   : s_frexp.obj (.text)
                  0001a7d0    00000060     G8RTOS_SchedulerASM.obj (.text)
                  0001a830    00000054     rtsv7M4_T_le_v4SPD16_eabi.lib : boot.obj (.text)
                  0001a884    00000054                                   : exit.obj (.text)
                  0001a8d8    00000054                                   : ltoa.obj (.text)
                  0001a92c    00000050     msp432p4xx_driverlib.lib : sysctl.o (.text:SysCtl_getTLVInfo)
                  0001a97c    0000004c                              : gpio.o (.text:GPIO_setAsPeripheralModuleFunctionOutputPin)
                  0001a9c8    0000004c                              : cs.o (.text:_CSGetDOCFrequency)
                  0001aa14    0000004c     rtsv7M4_T_le_v4SPD16_eabi.lib : atoi.obj (.text)
                  0001aa60    0000004c                                   : cpy_tbl.obj (.text)
                  0001aaac    00000048     msp432p4xx_driverlib.lib : cs.o (.text:_CSGetDividerValue)
                  0001aaf4    00000048     rtsv7M4_T_le_v4SPD16_eabi.lib : fd_toi_t2.obj (.text)
                  0001ab3c    00000040     AsciiLib.obj (.text)
                  0001ab7c    00000040     LCD.obj (.text:LCD_WriteData)
                  0001abbc    0000003c     LCD.obj (.text:LCD_Write_Data_Only)
                  0001abf8    0000003a     BSP.obj (.text)
                  0001ac32    00000002     --HOLE-- [fill = 0]
                  0001ac34    00000034     LCD.obj (.text:LCD_WriteIndex)
                  0001ac68    0000002e     rtsv7M4_T_le_v4SPD16_eabi.lib : i_tofd_t2.obj (.text)
                  0001ac96    0000002c     msp432p4xx_driverlib.lib : pcm.o (.text:PCM_getCoreVoltageLevel)
                  0001acc2    0000002a                              : pcm.o (.text:PCM_getPowerMode)
                  0001acec    00000028     LCD.obj (.text:SPISendRecvByte)
                  0001ad14    00000026     demo_sysctl.obj (.text)
                  0001ad3a    00000002     --HOLE-- [fill = 0]
                  0001ad3c    00000024     msp432p4xx_driverlib.lib : cs.o (.text:CS_clearInterruptFlag)
                  0001ad60    00000020     LCD.obj (.text:LCD_SetCursor)
                  0001ad80    0000001c     LCD.obj (.text:LCD_WriteReg)
                  0001ad9c    0000001c     rtsv7M4_T_le_v4SPD16_eabi.lib : memccpy.obj (.text)
                  0001adb8    00000018     msp432p4xx_driverlib.lib : cs.o (.text:CS_getMCLK)
                  0001add0    00000018                              : cs.o (.text:CS_getSMCLK)
                  0001ade8    00000018                              : wdt_a.o (.text:WDT_A_clearTimer)
                  0001ae00    00000018                              : wdt_a.o (.text:WDT_A_holdTimer)
                  0001ae18    00000018     rtsv7M4_T_le_v4SPD16_eabi.lib : args_main.obj (.text)
                  0001ae30    00000018                                   : ll_mul_t2.obj (.text)
                  0001ae48    00000016                                   : strchr.obj (.text)
                  0001ae5e    00000002     --HOLE-- [fill = 0]
                  0001ae60    00000014     msp432p4xx_driverlib.lib : cs.o (.text:CS_setExternalClockSourceFrequency)
                  0001ae74    00000014     rtsv7M4_T_le_v4SPD16_eabi.lib : _lock.obj (.text)
                  0001ae88    00000014                                   : s_copysign.obj (.text)
                  0001ae9c    00000014                                   : strlen.obj (.text)
                  0001aeb0    00000010     msp432p4xx_driverlib.lib : sysctl.o (.text:SysCtl_disableNMISource)
                  0001aec0    00000010                              : sysctl.o (.text:SysCtl_enableNMISource)
                  0001aed0    0000000e     G8RTOS_CriticalSection.obj (.text)
                  0001aede    0000000e     rtsv7M4_T_le_v4SPD16_eabi.lib : copy_decompress_none.obj (.text:decompress:none)
                  0001aeec    0000000e     startup_msp432p401r_ccs.obj (.text)
                  0001aefa    00000002     --HOLE-- [fill = 0]
                  0001aefc    0000000c     msp432p4xx_driverlib.lib : pcm.o (.text:PCM_getPowerState)
                  0001af08    0000000c                              : sysctl.o (.text:SysCtl_getNMISourceStatus)
                  0001af14    0000000c     rtsv7M4_T_le_v4SPD16_eabi.lib : copy_zero_init.obj (.text:decompress:ZI)
                  0001af20    0000000a     LCD.obj (.text:LCD_Write_Data_Start)
                  0001af2a    00000008     msp432p4xx_driverlib.lib : pcm.o (.text:PCM_setCoreVoltageLevel)
                  0001af32    00000008                              : pcm.o (.text:PCM_setPowerMode)
                  0001af3a    00000006                              : cs.o (.text:CS_startHFXT)
                  0001af40    00000006     demo_sysctl.obj (.text:SysCtlDelay)
                  0001af46    00000004     rtsv7M4_T_le_v4SPD16_eabi.lib : pre_init.obj (.text)

.const     0    0001af4c    00000932     
                  0001af4c    000005f0     AsciiLib.obj (.const:AsciiLib)
                  0001b53c    00000101     rtsv7M4_T_le_v4SPD16_eabi.lib : ctype.obj (.const:.string:_ctypes_)
                  0001b63d    00000003     bmi160.obj (.const:.string:INVALID_OFFSET)
                  0001b640    000000b0     wlan.obj (.const:$P$T0$1)
                  0001b6f0    00000038     driver.obj (.const:_SlActionLookupTable)
                  0001b728    0000002c     cc3100_usage.obj (.const:$P$T0$1)
                  0001b754    00000024     BackChannelUart.obj (.const:backChannelUart115200Config)
                  0001b778    00000014     cc3100_usage.obj (.const:$P$T1$2)
                  0001b78c    0000000c     cc3100_usage.obj (.const:$P$T2$3)
                  0001b798    0000000c     bmi160.obj (.const:yas532_version_ac_coef)
                  0001b7a4    00000008     driver.obj (.const:g_H2NCnysPattern)
                  0001b7ac    00000008     driver.obj (.const:g_H2NSyncPattern)
                  0001b7b4    00000008     bmi160.obj (.const:v_calib_data$2)
                  0001b7bc    00000005     bme280_support.obj (.const:.string:$P$T0$1)
                  0001b7c1    00000005     bmi160.obj (.const:.string:v_correct_u8$1)
                  0001b7c6    00000004     driver.obj (.const:$P$T0$1)
                  0001b7ca    00000004     netapp.obj (.const:$P$T0$1)
                  0001b7ce    00000004     socket.obj (.const:$P$T0$1)
                  0001b7d2    00000004     socket.obj (.const:$P$T1$2)
                  0001b7d6    00000004     wlan.obj (.const:$P$T1$2)
                  0001b7da    00000004     socket.obj (.const:$P$T2$3)
                  0001b7de    00000004     wlan.obj (.const:$P$T2$3)
                  0001b7e2    00000004     wlan.obj (.const:$P$T3$4)
                  0001b7e6    00000004     socket.obj (.const:_SlAcceptCmdCtrl)
                  0001b7ea    00000004     device.obj (.const:_SlDeviceGetCmdCtrl)
                  0001b7ee    00000004     device.obj (.const:_SlDeviceSetCmdCtrl)
                  0001b7f2    00000004     device.obj (.const:_SlEventMaskGetCmdCtrl)
                  0001b7f6    00000004     device.obj (.const:_SlEventMaskSetCmdCtrl)
                  0001b7fa    00000004     netapp.obj (.const:_SlGetHostByNameCtrl)
                  0001b7fe    00000004     netapp.obj (.const:_SlGetHostByServiceCtrl)
                  0001b802    00000004     netapp.obj (.const:_SlGetServiceListeCtrl)
                  0001b806    00000004     socket.obj (.const:_SlGetSockOptCmdCtrl)
                  0001b80a    00000004     socket.obj (.const:_SlListenCmdCtrl)
                  0001b80e    00000004     netapp.obj (.const:_SlNetAppGetCmdCtrl)
                  0001b812    00000004     netapp.obj (.const:_SlNetAppSendTokenValueCmdCtrl)
                  0001b816    00000004     netapp.obj (.const:_SlNetAppSetCmdCtrl)
                  0001b81a    00000004     netapp.obj (.const:_SlNetAppStartCtrl)
                  0001b81e    00000004     netapp.obj (.const:_SlNetAppStopCtrl)
                  0001b822    00000004     netcfg.obj (.const:_SlNetCfgGetCmdCtrl)
                  0001b826    00000004     netcfg.obj (.const:_SlNetCfgSetCmdCtrl)
                  0001b82a    00000004     wlan.obj (.const:_SlPolicyGetCmdCtrl)
                  0001b82e    00000004     wlan.obj (.const:_SlPolicySetCmdCtrl)
                  0001b832    00000004     wlan.obj (.const:_SlProfileDelCmdCtrl)
                  0001b836    00000004     wlan.obj (.const:_SlProfileGetCmdCtrl)
                  0001b83a    00000004     socket.obj (.const:_SlRecvCmdCtrl)
                  0001b83e    00000004     socket.obj (.const:_SlRecvfomCmdCtrl)
                  0001b842    00000004     netapp.obj (.const:_SlRegisterServiceCtrl)
                  0001b846    00000004     wlan.obj (.const:_SlRxFilterAddtCmdCtrl)
                  0001b84a    00000004     wlan.obj (.const:_SlRxFilterGetCmdCtrl)
                  0001b84e    00000004     wlan.obj (.const:_SlRxFilterSetCmdCtrl)
                  0001b852    00000004     socket.obj (.const:_SlSelectCmdCtrl)
                  0001b856    00000004     socket.obj (.const:_SlSendCmdCtrl)
                  0001b85a    00000004     socket.obj (.const:_SlSetSockOptCmdCtrl)
                  0001b85e    00000004     wlan.obj (.const:_SlSmartConfigStartCmdCtrl)
                  0001b862    00000004     socket.obj (.const:_SlSockCloseCmdCtrl)
                  0001b866    00000004     socket.obj (.const:_SlSockSocketCmdCtrl)
                  0001b86a    00000004     device.obj (.const:_SlStopCmdCtrl)
                  0001b86e    00000004     wlan.obj (.const:_SlWlanCfgGetCmdCtrl)
                  0001b872    00000004     wlan.obj (.const:_SlWlanCfgSetCmdCtrl)
                  0001b876    00000004     wlan.obj (.const:_SlWlanGetNetworkListCtrl)
                  0001b87a    00000004     wlan.obj (.const:_SlWlanSetModeCmdCtrl)

.cinit     0    0001b880    000001a0     
                  0001b880    00000176     (.cinit..data.load) [load image, compression = lzss]
                  0001b9f6    00000002     --HOLE-- [fill = 0]
                  0001b9f8    0000000c     (__TI_handler_table)
                  0001ba04    00000004     --HOLE-- [fill = 0]
                  0001ba08    00000008     (.cinit..bss.load) [load image, compression = zero_init]
                  0001ba10    00000010     (__TI_cinit_table)

.init_array 
*          0    00000000    00000000     UNINITIALIZED

.bss       0    20000000    0000db66     UNINITIALIZED
                  20000000    0000c800     G8RTOS_Scheduler.obj (.bss:threadStacks)
                  2000c800    000004b0     G8RTOS_Scheduler.obj (.bss:threadControlBlocks)
                  2000ccb0    0000036c     (.common:accel_fifo)
                  2000d01c    0000036c     (.common:gyro_fifo)
                  2000d388    0000036c     (.common:mag_fifo)
                  2000d6f4    00000164     (.common:g_StatMem)
                  2000d858    00000100     BackChannelUart.obj (.bss:backChannelStringBuff)
                  2000d958    00000090     G8RTOS_Scheduler.obj (.bss:PE_Table)
                  2000d9e8    00000070     bmi160.obj (.bss:yas532_data)
                  2000da58    0000003c     (.common:bme280)
                  2000da94    00000028     (.common:g__SlNonOsCB)
                  2000dabc    00000014     (.common:s_bmi160)
                  2000dad0    00000010     bmi160.obj (.bss:mag_trim)
                  2000dae0    0000000c     G8RTOS_Scheduler.obj (.bss)
                  2000daec    00000009     (.common:client)
                  2000daf5    00000009     (.common:host)
                  2000dafe    00000006     (.common:accelxyz)
                  2000db04    00000006     (.common:gyroxyz)
                  2000db0a    00000002     tmp007.obj (.bss)
                  2000db0c    00000004     bme280.obj (.bss)
                  2000db10    00000004     bmi160.obj (.bss)
                  2000db14    00000004     tmp007.obj (.bss:buf)
                  2000db18    00000004     cc3100_usage.obj (.bss)
                  2000db1c    00000004     (.common:ButtonFunction)
                  2000db20    00000004     (.common:ClientIP)
                  2000db24    00000004     (.common:CurrentlyRunningThread)
                  2000db28    00000004     (.common:SystemTime)
                  2000db2c    00000004     (.common:bufferIP)
                  2000db30    00000004     (.common:displayarr)
                  2000db34    00000004     (.common:g_ui32ByteCount)
                  2000db38    00000004     (.common:globalsem)
                  2000db3c    00000004     (.common:globalsemdata)
                  2000db40    00000004     (.common:hfxtFreq)
                  2000db44    00000004     (.common:iter)
                  2000db48    00000004     (.common:lfxtFreq)
                  2000db4c    00000004     (.common:oldclient)
                  2000db50    00000004     (.common:oldhost)
                  2000db54    00000004     (.common:pData)
                  2000db58    00000004     (.common:wifi)
                  2000db5c    00000003     bmi160.obj (.bss:akm_asa_data)
                  2000db5f    00000001     (.common:IntIsMasked)
                  2000db60    00000002     (.common:xCoord)
                  2000db62    00000002     (.common:yCoord)
                  2000db64    00000001     (.common:ui8DummyRead)
                  2000db65    00000001     (.common:ui8Status)

.data      0    2000db68    0000069c     UNINITIALIZED
                  2000db68    00000400     bmi160.obj (.data:v_fifo_data_u8)
                  2000df68    00000200     app.obj (.data:tablehost)
                  2000e168    00000030     msp432p4xx_driverlib.lib : gpio.o (.data:GPIO_PORT_TO_BASE)
                  2000e198    00000014     cc3100_usage.obj (.data)
                  2000e1ac    00000014     i2c_driver.obj (.data:i2cConfig)
                  2000e1c0    0000000c     rtsv7M4_T_le_v4SPD16_eabi.lib : exit.obj (.data:$O1$$)
                  2000e1cc    0000000a     app.obj (.data)
                  2000e1d6    00000001     i2c_driver.obj (.data)
                  2000e1d7    00000001     --HOLE--
                  2000e1d8    00000009     driver.obj (.data)
                  2000e1e1    00000003     --HOLE--
                  2000e1e4    00000008     rtsv7M4_T_le_v4SPD16_eabi.lib : _lock.obj (.data:$O1$$)
                  2000e1ec    00000008     bmi160.obj (.data)
                  2000e1f4    00000004     board.obj (.data)
                  2000e1f8    00000004     rtsv7M4_T_le_v4SPD16_eabi.lib : errno.obj (.data)
                  2000e1fc    00000004                                   : stkdepth_vars.obj (.data)
                  2000e200    00000004     system_msp432p401r.obj (.data)

.stack     0    2000fe00    00000200     UNINITIALIZED
                  2000fe00    00000200     --HOLE--

MODULE SUMMARY

       Module                        code     ro data   rw data
       ------                        ----     -------   -------
    .\
       app.obj                       2324     0         1160   
       system_msp432p401r.obj        812      0         8      
       startup_msp432p401r_ccs.obj   14       228       0      
       main.obj                      140      0         0      
    +--+-----------------------------+--------+---------+---------+
       Total:                        3290     228       1168   
                                                               
    .\BoardSupportPackage\src\
       bmi160.obj                    54736    28        7590   
       bme280.obj                    6168     0         8      
       bmi160_support.obj            3112     0         64     
       LCD.obj                       2402     0         8      
       AsciiLib.obj                  64       1520      0      
       BackChannelUart.obj           792      36        512    
       i2c_driver.obj                1164     0         62     
       bme280_support.obj            736      5         120    
       leds.obj                      852      0         0      
       tmp007.obj                    564      0         12     
       Joystick.obj                  380      0         8      
       opt3001.obj                   254      0         0      
       ClockSys.obj                  180      0         0      
       BSP.obj                       58       0         0      
       demo_sysctl.obj               44       0         0      
    +--+-----------------------------+--------+---------+---------+
       Total:                        71506    1589      8384   
                                                               
    .\CC3100SupportPackage\board\
       board.obj                     936      0         10     
    +--+-----------------------------+--------+---------+---------+
       Total:                        936      0         10     
                                                               
    .\CC3100SupportPackage\cc3100_usage\
       cc3100_usage.obj              1672     76        48     
    +--+-----------------------------+--------+---------+---------+
       Total:                        1672     76        48     
                                                               
    .\CC3100SupportPackage\simplelink\source\
       driver.obj                    8228     76        730    
       socket.obj                    3796     52        0      
       wlan.obj                      2744     236       0      
       netapp.obj                    2884     40        0      
       device.obj                    1460     20        0      
       nonos.obj                     304      0         80     
       netcfg.obj                    272      8         0      
       flowcont.obj                  128      0         0      
    +--+-----------------------------+--------+---------+---------+
       Total:                        19816    432       810    
                                                               
    .\CC3100SupportPackage\spi_cc3100\
       spi_cc3100.obj                528      0         0      
    +--+-----------------------------+--------+---------+---------+
       Total:                        528      0         0      
                                                               
    .\G8RTOS\
       G8RTOS_Scheduler.obj          2004     0         105120 
       G8RTOS_Semaphores.obj         172      0         0      
       G8RTOS_SchedulerASM.obj       96       0         0      
       G8RTOS_CriticalSection.obj    14       0         0      
    +--+-----------------------------+--------+---------+---------+
       Total:                        2286     0         105120 
                                                               
    ../BoardSupportPackage/DriverLib/msp432p4xx_driverlib.lib
       cs.o                          942      0         16     
       pcm.o                         510      0         0      
       gpio.o                        76       0         96     
       sysctl.o                      124      0         0      
       wdt_a.o                       48       0         0      
    +--+-----------------------------+--------+---------+---------+
       Total:                        1700     0         112    
                                                               
    C:\ti\ccsv7\tools\compiler\ti-cgt-arm_16.9.3.LTS\lib\rtsv7M4_T_le_v4SPD16_eabi.lib
       _printfi.obj                  4414     0         0      
       ll_div_t2.obj                 542      0         0      
       ull_div_t2.obj                500      0         0      
       fd_add_t2.obj                 438      0         0      
       fd_div_t2.obj                 310      0         0      
       fd_cmp_t2.obj                 268      0         0      
       ctype.obj                     0        257       0      
       fd_mul_t2.obj                 252      0         0      
       s_scalbn.obj                  252      0         0      
       memcpy_t2.obj                 156      0         0      
       snprintf.obj                  148      0         0      
       memset_t2.obj                 122      0         0      
       autoinit.obj                  112      0         0      
       exit.obj                      84       0         24     
       copy_decompress_lzss.obj      104      0         0      
       s_frexp.obj                   100      0         0      
       boot.obj                      84       0         0      
       ltoa.obj                      84       0         0      
       atoi.obj                      76       0         0      
       cpy_tbl.obj                   76       0         0      
       fd_toi_t2.obj                 72       0         0      
       i_tofd_t2.obj                 46       0         0      
       _lock.obj                     20       0         16     
       memccpy.obj                   28       0         0      
       args_main.obj                 24       0         0      
       ll_mul_t2.obj                 24       0         0      
       strchr.obj                    22       0         0      
       s_copysign.obj                20       0         0      
       strlen.obj                    20       0         0      
       copy_decompress_none.obj      14       0         0      
       copy_zero_init.obj            12       0         0      
       errno.obj                     0        0         8      
       stkdepth_vars.obj             0        0         8      
       pre_init.obj                  4        0         0      
       l_div0.obj                    2        0         0      
       mpu_init.obj                  2        0         0      
       startup.obj                   2        0         0      
    +--+-----------------------------+--------+---------+---------+
       Total:                        8434     257       56     
                                                               
       Stack:                        0        0         1024   
       Linker Generated:             0        410       0      
    +--+-----------------------------+--------+---------+---------+
       Grand Total:                  110168   2992      116732 


LINKER GENERATED COPY TABLES

__TI_cinit_table @ 0001ba10 records: 2, size/record: 8, table size: 16
	.data: load addr=0001b880, load size=00000176 bytes, run addr=2000db68, run size=0000069c bytes, compression=lzss
	.bss: load addr=0001ba08, load size=00000008 bytes, run addr=20000000, run size=0000db66 bytes, compression=zero_init


LINKER GENERATED HANDLER TABLE

__TI_handler_table @ 0001b9f8 records: 3, size/record: 4, table size: 12
	index: 0, handler: __TI_decompress_lzss
	index: 1, handler: __TI_decompress_none
	index: 2, handler: __TI_zero_init


GLOBAL SYMBOLS: SORTED ALPHABETICALLY BY Name 

address   name                                                  
-------   ----                                                  
0001aef9  ADC14_IRQHandler                                      
0001aef9  AES256_IRQHandler                                     
00018959  BME280_I2C_bus_read                                   
0001892d  BME280_I2C_bus_write                                  
00018985  BME280_SPI_bus_read                                   
000189eb  BME280_SPI_bus_write                                  
00018a5b  BME280_delay_msek                                     
0001abf9  BSP_InitBoard                                         
0001855d  BackChannelEventTrigger                               
000184c5  BackChannelInit                                       
00018575  BackChannelOpt3001PrintRaw                            
000184f3  BackChannelPrint                                      
0001853f  BackChannelPrintIntVariable                           
000185b7  BackupChannelBmi160PrintAccel                         
000185e3  BackupChannelBmi160PrintGyro                          
0001860f  BackupChannelBmi160PrintMag                           
00018591  BackupChannelTmp007PrintRaw                           
0001aef9  BusFault_Handler                                      
2000db1c  ButtonFunction                                        
0001a885  C$$EXIT                                               
00017adf  CC3100_InterruptDisable                               
00017aa5  CC3100_InterruptEnable                                
00017a8d  CC3100_disable                                        
00017a99  CC3100_enable                                         
0001aef9  COMP_E0_IRQHandler                                    
0001aef9  COMP_E1_IRQHandler                                    
0001aef9  CS_IRQHandler                                         
0001ad3d  CS_clearInterruptFlag                                 
0001999d  CS_getDCOFrequency                                    
0001adb9  CS_getMCLK                                            
0001add1  CS_getSMCLK                                           
0001ae61  CS_setExternalClockSourceFrequency                    
0001af3b  CS_startHFXT                                          
0001a129  CS_startHFXTWithTimeout                               
2000db20  ClientIP                                              
00019f07  ClockSys_GetSysFreq                                   
00019e75  ClockSys_SetMaxFreq                                   
0001418d  CopyPingResultsToReport                               
2000db24  CurrentlyRunningThread                                
0001aef9  DMA_ERR_IRQHandler                                    
0001aef9  DMA_INT0_IRQHandler                                   
0001aef9  DMA_INT1_IRQHandler                                   
0001aef9  DMA_INT2_IRQHandler                                   
0001aef9  DMA_INT3_IRQHandler                                   
0001aef9  DebugMon_Handler                                      
0001aef9  Default_Handler                                       
00017d71  Delay                                                 
0001ad15  DelayMs                                               
00019587  Disable_Joystick_Interrupt                            
00015885  DrawArena                                             
000153e5  DrawObjects                                           
00015299  DrawObjectsClient                                     
000157f5  DrawPlayer                                            
00017dbf  EUSCIA0_IRQHandler                                    
00017dbf  EUSCIA0_IRQHandler                                    
0001aef9  EUSCIA1_IRQHandler                                    
0001aef9  EUSCIA2_IRQHandler                                    
0001aef9  EUSCIA3_IRQHandler                                    
0001aef9  EUSCIB0_IRQHandler                                    
00017975  EUSCIB1_IRQHandler                                    
00017975  EUSCIB1_IRQHandler                                    
0001aef9  EUSCIB2_IRQHandler                                    
0001aef9  EUSCIB3_IRQHandler                                    
0001aed9  EndCriticalSection                                    
0001aef9  FLCTL_IRQHandler                                      
0001aef9  FPU_IRQHandler                                        
0001612b  G8RTOS_AddAPeriodicEvent                              
00015d01  G8RTOS_AddThread                                      
00015ffb  G8RTOS_GetThreadId                                    
00015c59  G8RTOS_Init                                           
00019fd9  G8RTOS_InitSemaphore                                  
0001617d  G8RTOS_KillAllOtherThreads                            
00016009  G8RTOS_KillSelf                                       
00016079  G8RTOS_KillThread                                     
00015c91  G8RTOS_Launch                                         
00015b67  G8RTOS_OS_Sleep                                       
00015b0f  G8RTOS_Scheduler                                      
0001a029  G8RTOS_SignalSemaphore                                
0001a7d5  G8RTOS_Start                                          
00019ff3  G8RTOS_WaitSemaphore                                  
0001a97d  GPIO_setAsPeripheralModuleFunctionOutputPin           
0001ab3d  GetASCIICode                                          
0001959d  GetJoystickCoordinates                                
00017cbd  GetLEDStatus                                          
00015129  Handshake                                             
0001aef9  HardFault_Handler                                     
000188fb  I2C_routine                                           
00017e83  I2C_write                                             
000151e7  IdleThread                                            
2000db5f  IntIsMasked                                           
000194cd  Joystick_Init_Without_Interrupt                       
0001952b  Joystick_Push_Button_Init_With_Interrupt              
000163e5  LCD_Bomberman                                         
000165d1  LCD_Clear                                             
000162b3  LCD_DrawRectangle                                     
000166ad  LCD_Init                                              
0001ad61  LCD_SetCursor                                         
0001664b  LCD_SetPoint                                          
00016525  LCD_Text                                              
0001ab7d  LCD_WriteData                                         
0001ac35  LCD_WriteIndex                                        
0001ad81  LCD_WriteReg                                          
0001abbd  LCD_Write_Data_Only                                   
0001af21  LCD_Write_Data_Start                                  
00017b03  MaskIntHdlr                                           
0001aef9  MemManage_Handler                                     
0001aef9  NMI_Handler                                           
0001aef9  PCM_IRQHandler                                        
0001ac97  PCM_getCoreVoltageLevel                               
0001acc3  PCM_getPowerMode                                      
0001aefd  PCM_getPowerState                                     
0001af2b  PCM_setCoreVoltageLevel                               
0001af33  PCM_setPowerMode                                      
00017d6f  PORT1_IRQHandler                                      
00017d6f  PORT1_IRQHandler                                      
00017d99  PORT2_IRQHandler                                      
00017d99  PORT2_IRQHandler                                      
0001aef9  PORT3_IRQHandler                                      
0001aef9  PORT4_IRQHandler                                      
0001aef9  PORT5_IRQHandler                                      
0001aef9  PORT6_IRQHandler                                      
0001aef9  PSS_IRQHandler                                        
0001a801  PendSV_Handler                                        
0001a801  PendSV_Handler                                        
0001a085  PutChar                                               
0001aef9  RTC_C_IRQHandler                                      
0001567d  ReadJoystickClient                                    
000154f5  ReadJoystickHost                                      
00016f29  ReceiveData                                           
00015465  ReceiveDataFromClient                                 
0001537b  ReceiveDataFromHost                                   
0001aeed  Reset_Handler                                         
UNDEFED   SHT$$INIT_ARRAY$$Base                                 
UNDEFED   SHT$$INIT_ARRAY$$Limit                                
00012e07  SL_FD_CLR                                             
00012e2d  SL_FD_ISSET                                           
00012de5  SL_FD_SET                                             
00012e55  SL_FD_ZERO                                            
0001aced  SPISendRecvByte                                       
00018917  SPI_routine                                           
0001aef9  SVC_Handler                                           
00017d2b  SelAntenna                                            
00016f09  SendData                                              
00015409  SendDataToClient                                      
00015337  SendDataToHost                                        
00016fed  SimpleLinkGeneralEventHandler                         
00016fe1  SimpleLinkHttpServerCallback                          
00016fa9  SimpleLinkNetAppEventHandler                          
00016ff7  SimpleLinkSockEventHandler                            
00016f55  SimpleLinkWlanEventHandler                            
2000e1a8  SockIDRx                                              
2000e1aa  SockIDTx                                              
0001aed1  StartCriticalSection                                  
0001af41  SysCtlDelay                                           
0001aeb1  SysCtl_disableNMISource                               
0001aec1  SysCtl_enableNMISource                                
0001af09  SysCtl_getNMISourceStatus                             
0001a92d  SysCtl_getTLVInfo                                     
00015b93  SysTick_Handler                                       
00015b93  SysTick_Handler                                       
2000e200  SystemCoreClock                                       
00018175  SystemCoreClockUpdate                                 
000183e9  SystemInit                                            
2000db28  SystemTime                                            
0001aef9  T32_INT1_IRQHandler                                   
0001aef9  T32_INT2_IRQHandler                                   
0001aef9  T32_INTC_IRQHandler                                   
0001aef9  TA0_0_IRQHandler                                      
0001aef9  TA0_N_IRQHandler                                      
0001aef9  TA1_0_IRQHandler                                      
0001aef9  TA1_N_IRQHandler                                      
0001aef9  TA2_0_IRQHandler                                      
0001aef9  TA2_N_IRQHandler                                      
0001aef9  TA3_0_IRQHandler                                      
0001aef9  TA3_N_IRQHandler                                      
000168cd  TP_ReadXY                                             
00017b0b  UnMaskIntHdlr                                         
0001aef9  UsageFault_Handler                                    
2000e1ec  V_bmm150_maual_auto_condition_u8                      
2000e1f0  V_fifo_time_U32                                       
4000480c  WDTCTL_SYM                                            
0001aef9  WDT_A_IRQHandler                                      
0001ade9  WDT_A_clearTimer                                      
0001ae01  WDT_A_holdTimer                                       
0001b7e6  _SlAcceptCmdCtrl                                      
0001b6f0  _SlActionLookupTable                                  
0000e581  _SlAsyncEventGenericHandler                           
0001b7ea  _SlDeviceGetCmdCtrl                                   
0001b7ee  _SlDeviceSetCmdCtrl                                   
0000ef93  _SlDrvBasicCmd                                        
0000ec47  _SlDrvClassifyRxMsg                                   
0000d87f  _SlDrvCmdOp                                           
0000d92f  _SlDrvCmdSend                                         
0000d985  _SlDrvDataReadOp                                      
0000db89  _SlDrvDataWriteOp                                     
0001756d  _SlDrvDeviceEventHandler                              
0000d799  _SlDrvDriverCBDeinit                                  
0000d6b5  _SlDrvDriverCBInit                                    
0001a567  _SlDrvFlowContDeinit                                  
0001a529  _SlDrvFlowContInit                                    
0000df4d  _SlDrvMsgRead                                         
0000ea65  _SlDrvMsgReadCmdCtx                                   
0000eb5f  _SlDrvMsgReadSpawnCtx                                 
0000dd59  _SlDrvMsgWrite                                        
0001455d  _SlDrvNetAppEventHandler                              
0000f487  _SlDrvObjDeInit                                       
0000f40b  _SlDrvObjInit                                         
0000f201  _SlDrvReleasePoolObj                                  
0000ed8d  _SlDrvRxHdrRead                                       
0000d83d  _SlDrvRxIrqHandler                                    
0000ed45  _SlDrvShiftDWord                                      
0000eff9  _SlDrvWaitForPoolObj                                  
0001b7f2  _SlEventMaskGetCmdCtrl                                
0001b7f6  _SlEventMaskSetCmdCtrl                                
0000f569  _SlFindAndSetActiveObj                                
0001b7fa  _SlGetHostByNameCtrl                                  
0001b7fe  _SlGetHostByServiceCtrl                               
0001b802  _SlGetServiceListeCtrl                                
0001b806  _SlGetSockOptCmdCtrl                                  
0001b80a  _SlListenCmdCtrl                                      
0001b80e  _SlNetAppGetCmdCtrl                                   
0001b812  _SlNetAppSendTokenValueCmdCtrl                        
0001b816  _SlNetAppSetCmdCtrl                                   
0001b81a  _SlNetAppStartCtrl                                    
0001b81e  _SlNetAppStopCtrl                                     
0001b822  _SlNetCfgGetCmdCtrl                                   
0001b826  _SlNetCfgSetCmdCtrl                                   
00019821  _SlNonOsMainLoopTask                                  
00019775  _SlNonOsSemGet                                        
0001975d  _SlNonOsSemSet                                        
000197d1  _SlNonOsSpawn                                         
0001b82a  _SlPolicyGetCmdCtrl                                   
0001b82e  _SlPolicySetCmdCtrl                                   
0001b832  _SlProfileDelCmdCtrl                                  
0001b836  _SlProfileGetCmdCtrl                                  
0001b83a  _SlRecvCmdCtrl                                        
0001b83e  _SlRecvfomCmdCtrl                                     
0001b842  _SlRegisterServiceCtrl                                
0000f4a7  _SlRemoveFromList                                     
0001b846  _SlRxFilterAddtCmdCtrl                                
0001b84a  _SlRxFilterGetCmdCtrl                                 
0001b84e  _SlRxFilterSetCmdCtrl                                 
0001b852  _SlSelectCmdCtrl                                      
0001b856  _SlSendCmdCtrl                                        
0001b85a  _SlSetSockOptCmdCtrl                                  
0001b85e  _SlSmartConfigStartCmdCtrl                            
0001b862  _SlSockCloseCmdCtrl                                   
0001b866  _SlSockSocketCmdCtrl                                  
0001b86a  _SlStopCmdCtrl                                        
0001b86e  _SlWlanCfgGetCmdCtrl                                  
0001b872  _SlWlanCfgSetCmdCtrl                                  
0001b876  _SlWlanGetNetworkListCtrl                             
0001b87a  _SlWlanSetModeCmdCtrl                                 
20010000  __STACK_END                                           
00000200  __STACK_SIZE                                          
0001ba10  __TI_CINIT_Base                                       
0001ba20  __TI_CINIT_Limit                                      
0001b9f8  __TI_Handler_Table_Base                               
0001ba04  __TI_Handler_Table_Limit                              
0001a695  __TI_auto_init                                        
2000e1c0  __TI_cleanup_ptr                                      
0001a705  __TI_decompress_lzss                                  
0001aedf  __TI_decompress_none                                  
2000e1c4  __TI_dtors_ptr                                        
2000e1c8  __TI_enable_exit_profile_output                       
ffffffff  __TI_pprof_out_hndl                                   
00011735  __TI_printfi                                          
ffffffff  __TI_prof_data_size                                   
ffffffff  __TI_prof_data_start                                  
00000000  __TI_static_base__                                    
0001af15  __TI_zero_init                                        
0001a41d  __aeabi_cdcmpeq                                       
0001a41d  __aeabi_cdcmple                                       
0001a4a3  __aeabi_cdrcmple                                      
0001aaf5  __aeabi_d2iz                                          
000192fb  __aeabi_dadd                                          
00019625  __aeabi_ddiv                                          
00019b9f  __aeabi_dmul                                          
000192f1  __aeabi_dsub                                          
0001ac69  __aeabi_i2d                                           
0001202f  __aeabi_ldiv0                                         
00018ccd  __aeabi_ldivmod                                       
0001ae31  __aeabi_lmul                                          
0001a5a9  __aeabi_memclr                                        
0001a5a9  __aeabi_memclr4                                       
0001a5a9  __aeabi_memclr8                                       
0001a261  __aeabi_memcpy                                        
0001a261  __aeabi_memcpy4                                       
0001a261  __aeabi_memcpy8                                       
0001a5ab  __aeabi_memset                                        
0001a5ab  __aeabi_memset4                                       
0001a5ab  __aeabi_memset8                                       
000190fd  __aeabi_uldivmod                                      
ffffffff  __binit__                                             
ffffffff  __c_args__                                            
00018eeb  __mpu_init                                            
2000fe00  __stack                                               
0001ae19  _args_main                                            
0001a831  _c_int00                                              
0001b53c  _ctypes_                                              
2000e1e4  _lock                                                 
0001ae83  _nop                                                  
0001ae7b  _register_lock                                        
0001ae75  _register_unlock                                      
00012031  _sl_BuildAddress                                      
00017039  _sl_GetStartResponseConvert                           
00012a45  _sl_HandleAsync_Accept                                
0001263f  _sl_HandleAsync_Connect                               
00013f75  _sl_HandleAsync_DnsGetHostByAddr                      
000140c9  _sl_HandleAsync_DnsGetHostByName                      
00013ea5  _sl_HandleAsync_DnsGetHostByService                   
0001719d  _sl_HandleAsync_InitComplete                          
000141c9  _sl_HandleAsync_PingResponse                          
00012e6d  _sl_HandleAsync_Select                                
0001724f  _sl_HandleAsync_Stop                                  
00012149  _sl_ParseAddress                                      
00012081  _sl_TruncatePayloadByProtocol                         
000194a7  _system_post_cinit                                    
0001af47  _system_pre_init                                      
2000e1e8  _unlock                                               
0001a889  abort                                                 
2000ccb0  accel_fifo                                            
2000dafe  accelxyz                                              
0001aa15  atoi                                                  
ffffffff  binit                                                 
2000da58  bme280                                                
0000fa17  bme280_compensate_humidity_int32                      
0000fad3  bme280_compensate_humidity_int32_sixteen_bit_output   
0000f891  bme280_compensate_pressure_int32                      
00010c5b  bme280_compensate_pressure_int64                      
00010e5f  bme280_compensate_pressure_int64_twentyfour_bit_output
0000f78f  bme280_compensate_temperature_int32                   
0000f807  bme280_compensate_temperature_int32_sixteen_bit_output
00010e79  bme280_compute_wait_time                              
000187b9  bme280_data_readout_template                          
0000fbef  bme280_get_calib_param                                
000106af  bme280_get_filter                                     
00010a13  bme280_get_forced_uncomp_pressure_temperature_humidity
0001010b  bme280_get_oversamp_humidity                          
0000ff53  bme280_get_oversamp_pressure                          
0000fd91  bme280_get_oversamp_temperature                       
000102f9  bme280_get_power_mode                                 
00010501  bme280_get_spi3                                       
00010863  bme280_get_standby_durn                               
0000f6d9  bme280_init                                           
000188a5  bme280_initialize_sensor                              
0000fb8f  bme280_read_pressure_temperature_humidity             
00010c15  bme280_read_register                                  
0000f9c1  bme280_read_uncomp_humidity                           
0000f831  bme280_read_uncomp_pressure                           
0000fafd  bme280_read_uncomp_pressure_temperature_humidity      
0000f72f  bme280_read_uncomp_temperature                        
000106ff  bme280_set_filter                                     
00010165  bme280_set_oversamp_humidity                          
0000ffaf  bme280_set_oversamp_pressure                          
0000fded  bme280_set_oversamp_temperature                       
00010347  bme280_set_power_mode                                 
000104c1  bme280_set_soft_rst                                   
0001054f  bme280_set_spi3                                       
000108b3  bme280_set_standby_durn                               
00010bcf  bme280_write_register                                 
00007511  bmi160_accel_foc_trigger_xyz                          
0000ac11  bmi160_bmm150_mag_compensate_X                        
0000acbd  bmi160_bmm150_mag_compensate_Y                        
0000ad69  bmi160_bmm150_mag_compensate_Z                        
0000abb5  bmi160_bmm150_mag_compensate_xyz                      
0000ae11  bmi160_bmm150_mag_interface_init                      
0000b2a9  bmi160_bmm150_mag_set_power_mode                      
0000b0b5  bmi160_bmm150_mag_wakeup                              
0000c001  bmi160_bst_akm_compensate_X                           
0000c039  bmi160_bst_akm_compensate_Y                           
0000c06b  bmi160_bst_akm_compensate_Z                           
0000c09d  bmi160_bst_akm_compensate_xyz                         
0000bc01  bmi160_bst_akm_mag_interface_init                     
0000c0e9  bmi160_bst_akm_set_powermode                          
0000ca95  bmi160_bst_yamaha_yas532_calib_values                 
0000c473  bmi160_bst_yamaha_yas532_mag_interface_init           
0000d4cd  bmi160_bst_yas532_acquisition_command_register        
0000c909  bmi160_bst_yas532_magnetic_measure_set_offset         
0000d05d  bmi160_bst_yas532_measurement_xyz_data                
0000cee9  bmi160_bst_yas532_normal_measurement_data             
0000c7a9  bmi160_bst_yas532_set_initial_values                  
0000d595  bmi160_bst_yas532_set_offset                          
0000ce4d  bmi160_bst_yas532_xy1y2_to_linear                     
000095c1  bmi160_clear_step_counter                             
00012f41  bmi160_config_running_mode                            
00013af1  bmi160_delay_ms                                       
00001805  bmi160_fifo_data                                      
000017a5  bmi160_fifo_length                                    
0000191d  bmi160_get_accel_bw                                   
00000e21  bmi160_get_accel_data_rdy                             
000021f7  bmi160_get_accel_fifo_filter_data                     
000086ab  bmi160_get_accel_offset_compensation_xaxis            
00008791  bmi160_get_accel_offset_compensation_yaxis            
0000887b  bmi160_get_accel_offset_compensation_zaxis            
00008edb  bmi160_get_accel_offset_enable                        
0000183f  bmi160_get_accel_output_data_rate                     
00000481  bmi160_get_accel_power_mode_stat                      
00001ad9  bmi160_get_accel_range                                
0000829d  bmi160_get_accel_selftest_amp                         
000080e7  bmi160_get_accel_selftest_axis                        
000081bf  bmi160_get_accel_selftest_sign                        
000019ff  bmi160_get_accel_under_sampling_parameter             
00000d85  bmi160_get_data_rdy_mag                               
000002b5  bmi160_get_drop_cmd_err                               
00000219  bmi160_get_err_code                                   
00000351  bmi160_get_error_status                               
000001cd  bmi160_get_fatal_err                                  
000028a5  bmi160_get_fifo_accel_enable                          
0000212f  bmi160_get_fifo_down_accel                            
00001f87  bmi160_get_fifo_down_gyro                             
00002985  bmi160_get_fifo_gyro_enable                           
000026f1  bmi160_get_fifo_header_enable                         
000027cb  bmi160_get_fifo_mag_enable                            
0000235f  bmi160_get_fifo_stop_on_full                          
000025ff  bmi160_get_fifo_tag_intr1_enable                      
00002511  bmi160_get_fifo_tag_intr2_enable                      
00002437  bmi160_get_fifo_time_enable                           
000022d1  bmi160_get_fifo_wm                                    
000070db  bmi160_get_foc_accel_x                                
00007001  bmi160_get_foc_accel_y                                
00006f3b  bmi160_get_foc_accel_z                                
0000775b  bmi160_get_foc_gyro_enable                            
00000ce5  bmi160_get_foc_rdy                                    
00001ce5  bmi160_get_gyro_bw                                    
00000dd3  bmi160_get_gyro_data_rdy                              
00002055  bmi160_get_gyro_fifo_filter_data                      
00008961  bmi160_get_gyro_offset_compensation_xaxis             
00008b31  bmi160_get_gyro_offset_compensation_yaxis             
00008d09  bmi160_get_gyro_offset_compensation_zaxis             
00008fab  bmi160_get_gyro_offset_enable                         
00001bc9  bmi160_get_gyro_output_data_rate                      
00000433  bmi160_get_gyro_power_mode_stat                       
00001dbf  bmi160_get_gyro_range                                 
00000c49  bmi160_get_gyro_selftest                              
00008377  bmi160_get_gyro_selftest_start                        
00007f33  bmi160_get_gyro_sleep_state                           
00007d7b  bmi160_get_gyro_sleep_trigger                         
0000800d  bmi160_get_gyro_wakeup_intr                           
00007e53  bmi160_get_gyro_wakeup_trigger                        
00002a5f  bmi160_get_i2c_device_addr                            
00000267  bmi160_get_i2c_fail_err                               
00007bc7  bmi160_get_i2c_wdt_enable                             
00007ae7  bmi160_get_i2c_wdt_select                             
00007ca1  bmi160_get_if_mode                                    
000041f3  bmi160_get_input_enable                               
000046ed  bmi160_get_intr_any_motion                            
00005dbf  bmi160_get_intr_any_motion_durn                       
00005f53  bmi160_get_intr_any_motion_thres                      
00005519  bmi160_get_intr_data_rdy                              
00004a31  bmi160_get_intr_double_tap                            
00003ae5  bmi160_get_intr_edge_ctrl                             
00002f23  bmi160_get_intr_enable_0                              
00003393  bmi160_get_intr_enable_1                              
000037fb  bmi160_get_intr_enable_2                              
000051fd  bmi160_get_intr_fifo_full                             
00005389  bmi160_get_intr_fifo_wm                               
00004ee1  bmi160_get_intr_flat                                  
00006d83  bmi160_get_intr_flat_hold                             
00006e63  bmi160_get_intr_flat_hyst                             
00006cab  bmi160_get_intr_flat_theta                            
00004561  bmi160_get_intr_high_g                                
00005cb3  bmi160_get_intr_high_g_durn                           
00005beb  bmi160_get_intr_high_g_hyst                           
00005d39  bmi160_get_intr_high_g_thres                          
00003c6d  bmi160_get_intr_level                                 
0000437f  bmi160_get_intr_low_g                                 
00005937  bmi160_get_intr_low_g_durn                            
00005a43  bmi160_get_intr_low_g_hyst                            
00005b11  bmi160_get_intr_low_g_mode                            
000059bd  bmi160_get_intr_low_g_thres                           
0000577f  bmi160_get_intr_low_high_source                       
0000585d  bmi160_get_intr_motion_source                         
000048a5  bmi160_get_intr_nomotion                              
00004d4f  bmi160_get_intr_orient                                
00006bd1  bmi160_get_intr_orient_axes_enable                    
00006879  bmi160_get_intr_orient_blocking                       
00006953  bmi160_get_intr_orient_hyst                           
0000679b  bmi160_get_intr_orient_mode                           
00006a1b  bmi160_get_intr_orient_theta                          
00006af3  bmi160_get_intr_orient_ud_enable                      
00003dff  bmi160_get_intr_output_type                           
0000506d  bmi160_get_intr_pmu_trig                              
000062f1  bmi160_get_intr_significant_motion_proof              
0000613d  bmi160_get_intr_significant_motion_select             
00006217  bmi160_get_intr_significant_motion_skip               
00004bc3  bmi160_get_intr_single_tap                            
00005e8b  bmi160_get_intr_slow_no_motion_durn                   
0000605f  bmi160_get_intr_slow_no_motion_select                 
00005fd9  bmi160_get_intr_slow_no_motion_thres                  
000063cb  bmi160_get_intr_tap_durn                              
000065fb  bmi160_get_intr_tap_quiet                             
00006521  bmi160_get_intr_tap_shock                             
000056a5  bmi160_get_intr_tap_source                            
000066d5  bmi160_get_intr_tap_thres                             
0000411b  bmi160_get_latch_intr                                 
00002b27  bmi160_get_mag_burst                                  
00000303  bmi160_get_mag_dada_rdy_err                           
00002cb9  bmi160_get_mag_manual_enable                          
00000c97  bmi160_get_mag_manual_operation_stat                  
00002bed  bmi160_get_mag_offset                                 
00001e97  bmi160_get_mag_output_data_rate                       
000003e1  bmi160_get_mag_power_mode_stat                        
00002d91  bmi160_get_mag_read_addr                              
00002e17  bmi160_get_mag_write_addr                             
00002e9d  bmi160_get_mag_write_data                             
000085e3  bmi160_get_nvm_counter                                
00007935  bmi160_get_nvm_prog_enable                            
00000d33  bmi160_get_nvm_rdy                                    
00003f8b  bmi160_get_output_enable                              
00009701  bmi160_get_paging_enable                              
0000d69b  bmi160_get_ptr                                        
000097db  bmi160_get_pullup_configuration                       
00000bed  bmi160_get_sensor_time                                
00008517  bmi160_get_spare0_trim                                
00007a0f  bmi160_get_spi3                                       
00008451  bmi160_get_spi_enable                                 
00000f09  bmi160_get_stat0_any_motion_intr                      
00000fa5  bmi160_get_stat0_double_tap_intr                      
00001095  bmi160_get_stat0_flat_intr                            
00001041  bmi160_get_stat0_orient_intr                          
00000f57  bmi160_get_stat0_pmu_trigger_intr                     
00000ebb  bmi160_get_stat0_significant_intr                     
00000ff3  bmi160_get_stat0_single_tap_intr                      
00000e6f  bmi160_get_stat0_step_intr                            
0000117f  bmi160_get_stat1_data_rdy_intr                        
000011cd  bmi160_get_stat1_fifo_full_intr                       
0000121b  bmi160_get_stat1_fifo_wm_intr                         
000010e3  bmi160_get_stat1_high_g_intr                          
00001131  bmi160_get_stat1_low_g_intr                           
00001269  bmi160_get_stat1_nomotion_intr                        
000012b7  bmi160_get_stat2_any_motion_first_x                   
00001303  bmi160_get_stat2_any_motion_first_y                   
00001351  bmi160_get_stat2_any_motion_first_z                   
000013a5  bmi160_get_stat2_any_motion_sign                      
000013f3  bmi160_get_stat2_tap_first_x                          
00001441  bmi160_get_stat2_tap_first_y                          
0000148f  bmi160_get_stat2_tap_first_z                          
000014dd  bmi160_get_stat2_tap_sign                             
00001703  bmi160_get_stat3_flat                                 
0000152b  bmi160_get_stat3_high_g_first_x                       
00001577  bmi160_get_stat3_high_g_first_y                       
000015c5  bmi160_get_stat3_high_g_first_z                       
00001613  bmi160_get_stat3_high_g_sign                          
00001661  bmi160_get_stat3_orient_xy                            
000016b5  bmi160_get_stat3_orient_z                             
000090c7  bmi160_get_step_config                                
00009299  bmi160_get_step_counter_enable                        
00003a15  bmi160_get_step_detector_enable                       
00009627  bmi160_get_target_page                                
00001751  bmi160_get_temp                                       
00013a57  bmi160_i2c_burst_read                                 
00013a2b  bmi160_i2c_bus_read                                   
00013a89  bmi160_i2c_bus_write                                  
000000e5  bmi160_init                                           
00012f05  bmi160_initialize_sensor                              
00013979  bmi160_interrupt_configuration                        
000093f1  bmi160_map_significant_motion_intr                    
000094d9  bmi160_map_step_detector_intr                         
00000a7d  bmi160_read_accel_x                                   
00000b79  bmi160_read_accel_xyz                                 
00000ad1  bmi160_read_accel_y                                   
00000b25  bmi160_read_accel_z                                   
0000b761  bmi160_read_bmm150_mag_trim                           
0000bf1d  bmi160_read_bst_akm_sensitivity_data                  
000098b9  bmi160_read_fifo_header_data                          
0000a289  bmi160_read_fifo_headerless_mode                      
00000909  bmi160_read_gyro_x                                    
00000a05  bmi160_read_gyro_xyz                                  
0000095d  bmi160_read_gyro_y                                    
000009b1  bmi160_read_gyro_z                                    
000006d9  bmi160_read_mag_r                                     
000004cf  bmi160_read_mag_x                                     
00000743  bmi160_read_mag_xyz                                   
0000084d  bmi160_read_mag_xyzr                                  
0000057d  bmi160_read_mag_y                                     
0000062b  bmi160_read_mag_z                                     
00000189  bmi160_read_reg                                       
00009073  bmi160_read_step_count                                
0000196b  bmi160_set_accel_bw                                   
00002245  bmi160_set_accel_fifo_filter_data                     
000071b9  bmi160_set_accel_foc_trigger                          
000086f7  bmi160_set_accel_offset_compensation_xaxis            
000087dd  bmi160_set_accel_offset_compensation_yaxis            
000088c7  bmi160_set_accel_offset_compensation_zaxis            
00008f29  bmi160_set_accel_offset_enable                        
0000188b  bmi160_set_accel_output_data_rate                     
00001b25  bmi160_set_accel_range                                
000082eb  bmi160_set_accel_selftest_amp                         
00008133  bmi160_set_accel_selftest_axis                        
00008211  bmi160_set_accel_selftest_sign                        
00001a4d  bmi160_set_accel_under_sampling_parameter             
0000b185  bmi160_set_bmm150_mag_and_secondary_if_power_mode     
0000b405  bmi160_set_bmm150_mag_presetmode                      
0000c30d  bmi160_set_bst_akm_and_secondary_if_powermode         
000095ed  bmi160_set_command_register                           
000028f3  bmi160_set_fifo_accel_enable                          
0000217d  bmi160_set_fifo_down_accel                            
00001fd3  bmi160_set_fifo_down_gyro                             
000029d3  bmi160_set_fifo_gyro_enable                           
0000273f  bmi160_set_fifo_header_enable                         
00002819  bmi160_set_fifo_mag_enable                            
000023ab  bmi160_set_fifo_stop_on_full                          
00002651  bmi160_set_fifo_tag_intr1_enable                      
0000255f  bmi160_set_fifo_tag_intr2_enable                      
00002485  bmi160_set_fifo_time_enable                           
00002325  bmi160_set_fifo_wm                                    
00007129  bmi160_set_foc_accel_x                                
0000704f  bmi160_set_foc_accel_y                                
00006f87  bmi160_set_foc_accel_z                                
000077a9  bmi160_set_foc_gyro_enable                            
00001d33  bmi160_set_gyro_bw                                    
000020a3  bmi160_set_gyro_fifo_filter_data                      
00008a15  bmi160_set_gyro_offset_compensation_xaxis             
00008bed  bmi160_set_gyro_offset_compensation_yaxis             
00008dbf  bmi160_set_gyro_offset_compensation_zaxis             
00008ff9  bmi160_set_gyro_offset_enable                         
00001c15  bmi160_set_gyro_output_data_rate                      
00001e0b  bmi160_set_gyro_range                                 
000083c5  bmi160_set_gyro_selftest_start                        
00007f81  bmi160_set_gyro_sleep_state                           
00007dc7  bmi160_set_gyro_sleep_trigger                         
0000805b  bmi160_set_gyro_wakeup_intr                           
00007ea1  bmi160_set_gyro_wakeup_trigger                        
00002aad  bmi160_set_i2c_device_addr                            
00007c15  bmi160_set_i2c_wdt_enable                             
00007b35  bmi160_set_i2c_wdt_select                             
00007cef  bmi160_set_if_mode                                    
0000428d  bmi160_set_input_enable                               
00004787  bmi160_set_intr_any_motion                            
00005e0b  bmi160_set_intr_any_motion_durn                       
00005f9f  bmi160_set_intr_any_motion_thres                      
000055b3  bmi160_set_intr_data_rdy                              
00004acb  bmi160_set_intr_double_tap                            
00003b7b  bmi160_set_intr_edge_ctrl                             
000030b9  bmi160_set_intr_enable_0                              
00003521  bmi160_set_intr_enable_1                              
000038c3  bmi160_set_intr_enable_2                              
00005297  bmi160_set_intr_fifo_full                             
00005423  bmi160_set_intr_fifo_wm                               
00004f7b  bmi160_set_intr_flat                                  
00006dd1  bmi160_set_intr_flat_hold                             
00006eaf  bmi160_set_intr_flat_hyst                             
00006cf7  bmi160_set_intr_flat_theta                            
000045fb  bmi160_set_intr_high_g                                
00005cff  bmi160_set_intr_high_g_durn                           
00005c39  bmi160_set_intr_high_g_hyst                           
00005d85  bmi160_set_intr_high_g_thres                          
00003d07  bmi160_set_intr_level                                 
00004413  bmi160_set_intr_low_g                                 
00005983  bmi160_set_intr_low_g_durn                            
00005a8f  bmi160_set_intr_low_g_hyst                            
00005b5f  bmi160_set_intr_low_g_mode                            
00005a09  bmi160_set_intr_low_g_thres                           
000057d1  bmi160_set_intr_low_high_source                       
000058ab  bmi160_set_intr_motion_source                         
0000493f  bmi160_set_intr_nomotion                              
00004de9  bmi160_set_intr_orient                                
00006c1f  bmi160_set_intr_orient_axes_enable                    
000068c7  bmi160_set_intr_orient_blocking                       
000069a1  bmi160_set_intr_orient_hyst                           
000067ed  bmi160_set_intr_orient_mode                           
00006a67  bmi160_set_intr_orient_theta                          
00006b45  bmi160_set_intr_orient_ud_enable                      
00003e99  bmi160_set_intr_output_type                           
00005103  bmi160_set_intr_pmu_trig                              
0000633f  bmi160_set_intr_significant_motion_proof              
0000618b  bmi160_set_intr_significant_motion_select             
00006265  bmi160_set_intr_significant_motion_skip               
00004c5d  bmi160_set_intr_single_tap                            
00005ed9  bmi160_set_intr_slow_no_motion_durn                   
000060ab  bmi160_set_intr_slow_no_motion_select                 
00006025  bmi160_set_intr_slow_no_motion_thres                  
00006417  bmi160_set_intr_tap_durn                              
00006649  bmi160_set_intr_tap_quiet                             
0000656f  bmi160_set_intr_tap_shock                             
000056f3  bmi160_set_intr_tap_source                            
00006721  bmi160_set_intr_tap_thres                             
00004167  bmi160_set_latch_intr                                 
00002b73  bmi160_set_mag_burst                                  
00002d07  bmi160_set_mag_manual_enable                          
00002c3b  bmi160_set_mag_offset                                 
00001ee3  bmi160_set_mag_output_data_rate                       
00002ddd  bmi160_set_mag_read_addr                              
00002e63  bmi160_set_mag_write_addr                             
00002ee9  bmi160_set_mag_write_data                             
00008631  bmi160_set_nvm_counter                                
00007983  bmi160_set_nvm_prog_enable                            
00004025  bmi160_set_output_enable                              
0000974f  bmi160_set_paging_enable                              
00009829  bmi160_set_pullup_configuration                       
00008569  bmi160_set_spare0_trim                                
00007a5b  bmi160_set_spi3                                       
0000849d  bmi160_set_spi_enable                                 
00009185  bmi160_set_step_config                                
000092e7  bmi160_set_step_counter_enable                        
00003a6b  bmi160_set_step_detector_enable                       
00009373  bmi160_set_step_mode                                  
00009675  bmi160_set_target_page                                
00013ab5  bmi160_spi_bus_read                                   
00013ad3  bmi160_spi_bus_write                                  
00000145  bmi160_write_reg                                      
2000db2c  bufferIP                                              
2000e1d6  burstMode                                             
00017b1f  clear_rts                                             
2000daec  client                                                
0001aa61  copy_in                                               
0001ae89  copysign                                              
0001ae89  copysignl                                             
2000e1d4  counterIdle                                           
2000e1d2  counterRecv                                           
2000e1d0  counterSend                                           
2000e1ce  data                                                  
2000e1cc  display                                               
2000db30  displayarr                                            
2000e1f8  errno                                                 
0001a891  exit                                                  
2000e1cd  fill                                                  
000151f1  fillBuffer                                            
0001a76d  frexp                                                 
0001a76d  frexpl                                                
2000e1e0  gFirstCmdMode                                         
0001b7a4  g_H2NCnysPattern                                      
0001b7ac  g_H2NSyncPattern                                      
2000d6f4  g_StatMem                                             
2000e198  g_Status                                              
2000da94  g__SlNonOsCB                                          
2000e1d8  g_pCB                                                 
2000db34  g_ui32ByteCount                                       
00018083  generate                                              
00016f49  getLocalIP                                            
2000db38  globalsem                                             
2000db3c  globalsemdata                                         
2000d01c  gyro_fifo                                             
2000db04  gyroxyz                                               
2000daf5  host                                                  
2000e1ac  i2cConfig                                             
000139f3  i2c_routine                                           
00017cf7  initAntSelGPIO                                        
00016e45  initCC3100                                            
00017b2b  initClk                                               
0001762b  initI2C                                               
00017edb  initI2C_ledsOFF                                       
00017bcf  initLEDs                                              
00017e21  init_GPIO                                             
00017e3d  init_I2C                                              
00000000  interruptVectors                                      
2000db44  iter                                                  
00019c9d  ldexp                                                 
00019c9d  ldexpl                                                
00017ef9  ledsOFF                                               
0001a8d9  ltoa                                                  
2000d388  mag_fifo                                              
0001a391  main                                                  
2000e1fc  main_func_sp                                          
0001ad9d  memccpy                                               
0001a261  memcpy                                                
[...]
000183e9  SystemInit                                            
000184c5  BackChannelInit                                       
000184f3  BackChannelPrint                                      
0001853f  BackChannelPrintIntVariable                           
0001855d  BackChannelEventTrigger                               
00018575  BackChannelOpt3001PrintRaw                            
00018591  BackupChannelTmp007PrintRaw                           
000185b7  BackupChannelBmi160PrintAccel                         
000185e3  BackupChannelBmi160PrintGyro                          
0001860f  BackupChannelBmi160PrintMag                           
000187b9  bme280_data_readout_template                          
000188a5  bme280_initialize_sensor                              
000188fb  I2C_routine                                           
00018917  SPI_routine                                           
0001892d  BME280_I2C_bus_write                                  
00018959  BME280_I2C_bus_read                                   
00018985  BME280_SPI_bus_read                                   
000189eb  BME280_SPI_bus_write                                  
00018a5b  BME280_delay_msek                                     
00018a99  sensorTmp007Init                                      
00018aa3  sensorTmp007Enable                                    
00018b0d  sensorTmp007EnableInterruptConversion                 
00018b57  sensorTmp007Read                                      
00018c15  sensorTmp007Test                                      
00018ccd  __aeabi_ldivmod                                       
00018eeb  __mpu_init                                            
00018eed  spi_Close                                             
00018ef9  spi_Open                                              
00018fe9  spi_Write                                             
00019043  spi_Read                                              
000190fd  __aeabi_uldivmod                                      
000192f1  __aeabi_dsub                                          
000192fb  __aeabi_dadd                                          
000194a7  _system_post_cinit                                    
000194cd  Joystick_Init_Without_Interrupt                       
0001952b  Joystick_Push_Button_Init_With_Interrupt              
00019587  Disable_Joystick_Interrupt                            
0001959d  GetJoystickCoordinates                                
00019625  __aeabi_ddiv                                          
0001975d  _SlNonOsSemSet                                        
00019775  _SlNonOsSemGet                                        
000197d1  _SlNonOsSpawn                                         
00019821  _SlNonOsMainLoopTask                                  
0001988d  sl_NetCfgSet                                          
000198f3  sl_NetCfgGet                                          
0001999d  CS_getDCOFrequency                                    
00019aa1  sensorOpt3001Init                                     
00019aad  sensorOpt3001Enable                                   
00019ad9  sensorOpt3001Read                                     
00019b3d  sensorOpt3001Test                                     
00019b9f  __aeabi_dmul                                          
00019c9d  ldexp                                                 
00019c9d  ldexpl                                                
00019c9d  scalbn                                                
00019c9d  scalbnl                                               
00019e75  ClockSys_SetMaxFreq                                   
00019f07  ClockSys_GetSysFreq                                   
00019fd9  G8RTOS_InitSemaphore                                  
00019ff3  G8RTOS_WaitSemaphore                                  
0001a029  G8RTOS_SignalSemaphore                                
0001a085  PutChar                                               
0001a129  CS_startHFXTWithTimeout                               
0001a261  __aeabi_memcpy                                        
0001a261  __aeabi_memcpy4                                       
0001a261  __aeabi_memcpy8                                       
0001a261  memcpy                                                
0001a2fd  snprintf                                              
0001a391  main                                                  
0001a41d  __aeabi_cdcmpeq                                       
0001a41d  __aeabi_cdcmple                                       
0001a4a3  __aeabi_cdrcmple                                      
0001a529  _SlDrvFlowContInit                                    
0001a567  _SlDrvFlowContDeinit                                  
0001a5a9  __aeabi_memclr                                        
0001a5a9  __aeabi_memclr4                                       
0001a5a9  __aeabi_memclr8                                       
0001a5ab  __aeabi_memset                                        
0001a5ab  __aeabi_memset4                                       
0001a5ab  __aeabi_memset8                                       
0001a5b1  memset                                                
0001a695  __TI_auto_init                                        
0001a705  __TI_decompress_lzss                                  
0001a76d  frexp                                                 
0001a76d  frexpl                                                
0001a7d5  G8RTOS_Start                                          
0001a801  PendSV_Handler                                        
0001a801  PendSV_Handler                                        
0001a831  _c_int00                                              
0001a885  C$$EXIT                                               
0001a889  abort                                                 
0001a891  exit                                                  
0001a8d9  ltoa                                                  
0001a92d  SysCtl_getTLVInfo                                     
0001a97d  GPIO_setAsPeripheralModuleFunctionOutputPin           
0001aa15  atoi                                                  
0001aa61  copy_in                                               
0001aaf5  __aeabi_d2iz                                          
0001ab3d  GetASCIICode                                          
0001ab7d  LCD_WriteData                                         
0001abbd  LCD_Write_Data_Only                                   
0001abf9  BSP_InitBoard                                         
0001ac35  LCD_WriteIndex                                        
0001ac69  __aeabi_i2d                                           
0001ac97  PCM_getCoreVoltageLevel                               
0001acc3  PCM_getPowerMode                                      
0001aced  SPISendRecvByte                                       
0001ad15  DelayMs                                               
0001ad3d  CS_clearInterruptFlag                                 
0001ad61  LCD_SetCursor                                         
0001ad81  LCD_WriteReg                                          
0001ad9d  memccpy                                               
0001adb9  CS_getMCLK                                            
0001add1  CS_getSMCLK                                           
0001ade9  WDT_A_clearTimer                                      
0001ae01  WDT_A_holdTimer                                       
0001ae19  _args_main                                            
0001ae31  __aeabi_lmul                                          
0001ae49  strchr                                                
0001ae61  CS_setExternalClockSourceFrequency                    
0001ae75  _register_unlock                                      
0001ae7b  _register_lock                                        
0001ae83  _nop                                                  
0001ae89  copysign                                              
0001ae89  copysignl                                             
0001ae9d  strlen                                                
0001aeb1  SysCtl_disableNMISource                               
0001aec1  SysCtl_enableNMISource                                
0001aed1  StartCriticalSection                                  
0001aed9  EndCriticalSection                                    
0001aedf  __TI_decompress_none                                  
0001aeed  Reset_Handler                                         
0001aef9  ADC14_IRQHandler                                      
0001aef9  AES256_IRQHandler                                     
0001aef9  BusFault_Handler                                      
0001aef9  COMP_E0_IRQHandler                                    
0001aef9  COMP_E1_IRQHandler                                    
0001aef9  CS_IRQHandler                                         
0001aef9  DMA_ERR_IRQHandler                                    
0001aef9  DMA_INT0_IRQHandler                                   
0001aef9  DMA_INT1_IRQHandler                                   
0001aef9  DMA_INT2_IRQHandler                                   
0001aef9  DMA_INT3_IRQHandler                                   
0001aef9  DebugMon_Handler                                      
0001aef9  Default_Handler                                       
0001aef9  EUSCIA1_IRQHandler                                    
0001aef9  EUSCIA2_IRQHandler                                    
0001aef9  EUSCIA3_IRQHandler                                    
0001aef9  EUSCIB0_IRQHandler                                    
0001aef9  EUSCIB2_IRQHandler                                    
0001aef9  EUSCIB3_IRQHandler                                    
0001aef9  FLCTL_IRQHandler                                      
0001aef9  FPU_IRQHandler                                        
0001aef9  HardFault_Handler                                     
0001aef9  MemManage_Handler                                     
0001aef9  NMI_Handler                                           
0001aef9  PCM_IRQHandler                                        
0001aef9  PORT3_IRQHandler                                      
0001aef9  PORT4_IRQHandler                                      
0001aef9  PORT5_IRQHandler                                      
0001aef9  PORT6_IRQHandler                                      
0001aef9  PSS_IRQHandler                                        
0001aef9  RTC_C_IRQHandler                                      
0001aef9  SVC_Handler                                           
0001aef9  T32_INT1_IRQHandler                                   
0001aef9  T32_INT2_IRQHandler                                   
0001aef9  T32_INTC_IRQHandler                                   
0001aef9  TA0_0_IRQHandler                                      
0001aef9  TA0_N_IRQHandler                                      
0001aef9  TA1_0_IRQHandler                                      
0001aef9  TA1_N_IRQHandler                                      
0001aef9  TA2_0_IRQHandler                                      
0001aef9  TA2_N_IRQHandler                                      
0001aef9  TA3_0_IRQHandler                                      
0001aef9  TA3_N_IRQHandler                                      
0001aef9  UsageFault_Handler                                    
0001aef9  WDT_A_IRQHandler                                      
0001aefd  PCM_getPowerState                                     
0001af09  SysCtl_getNMISourceStatus                             
0001af15  __TI_zero_init                                        
0001af21  LCD_Write_Data_Start                                  
0001af2b  PCM_setCoreVoltageLevel                               
0001af33  PCM_setPowerMode                                      
0001af3b  CS_startHFXT                                          
0001af41  SysCtlDelay                                           
0001af47  _system_pre_init                                      
0001b53c  _ctypes_                                              
0001b6f0  _SlActionLookupTable                                  
0001b7a4  g_H2NCnysPattern                                      
0001b7ac  g_H2NSyncPattern                                      
0001b7e6  _SlAcceptCmdCtrl                                      
0001b7ea  _SlDeviceGetCmdCtrl                                   
0001b7ee  _SlDeviceSetCmdCtrl                                   
0001b7f2  _SlEventMaskGetCmdCtrl                                
0001b7f6  _SlEventMaskSetCmdCtrl                                
0001b7fa  _SlGetHostByNameCtrl                                  
0001b7fe  _SlGetHostByServiceCtrl                               
0001b802  _SlGetServiceListeCtrl                                
0001b806  _SlGetSockOptCmdCtrl                                  
0001b80a  _SlListenCmdCtrl                                      
0001b80e  _SlNetAppGetCmdCtrl                                   
0001b812  _SlNetAppSendTokenValueCmdCtrl                        
0001b816  _SlNetAppSetCmdCtrl                                   
0001b81a  _SlNetAppStartCtrl                                    
0001b81e  _SlNetAppStopCtrl                                     
0001b822  _SlNetCfgGetCmdCtrl                                   
0001b826  _SlNetCfgSetCmdCtrl                                   
0001b82a  _SlPolicyGetCmdCtrl                                   
0001b82e  _SlPolicySetCmdCtrl                                   
0001b832  _SlProfileDelCmdCtrl                                  
0001b836  _SlProfileGetCmdCtrl                                  
0001b83a  _SlRecvCmdCtrl                                        
0001b83e  _SlRecvfomCmdCtrl                                     
0001b842  _SlRegisterServiceCtrl                                
0001b846  _SlRxFilterAddtCmdCtrl                                
0001b84a  _SlRxFilterGetCmdCtrl                                 
0001b84e  _SlRxFilterSetCmdCtrl                                 
0001b852  _SlSelectCmdCtrl                                      
0001b856  _SlSendCmdCtrl                                        
0001b85a  _SlSetSockOptCmdCtrl                                  
0001b85e  _SlSmartConfigStartCmdCtrl                            
0001b862  _SlSockCloseCmdCtrl                                   
0001b866  _SlSockSocketCmdCtrl                                  
0001b86a  _SlStopCmdCtrl                                        
0001b86e  _SlWlanCfgGetCmdCtrl                                  
0001b872  _SlWlanCfgSetCmdCtrl                                  
0001b876  _SlWlanGetNetworkListCtrl                             
0001b87a  _SlWlanSetModeCmdCtrl                                 
0001b9f8  __TI_Handler_Table_Base                               
0001ba04  __TI_Handler_Table_Limit                              
0001ba10  __TI_CINIT_Base                                       
0001ba20  __TI_CINIT_Limit                                      
2000ccb0  accel_fifo                                            
2000d01c  gyro_fifo                                             
2000d388  mag_fifo                                              
2000d6f4  g_StatMem                                             
2000da58  bme280                                                
2000da94  g__SlNonOsCB                                          
2000dabc  s_bmi160                                              
2000daec  client                                                
2000daf5  host                                                  
2000dafe  accelxyz                                              
2000db04  gyroxyz                                               
2000db1c  ButtonFunction                                        
2000db20  ClientIP                                              
2000db24  CurrentlyRunningThread                                
2000db28  SystemTime                                            
2000db2c  bufferIP                                              
2000db30  displayarr                                            
2000db34  g_ui32ByteCount                                       
2000db38  globalsem                                             
2000db3c  globalsemdata                                         
2000db44  iter                                                  
2000db4c  oldclient                                             
2000db50  oldhost                                               
2000db54  pData                                                 
2000db58  wifi                                                  
2000db5f  IntIsMasked                                           
2000db60  xCoord                                                
2000db62  yCoord                                                
2000db64  ui8DummyRead                                          
2000db65  ui8Status                                             
2000db68  v_fifo_data_u8                                        
2000df68  tablehost                                             
2000e198  g_Status                                              
2000e19c  retVal                                                
2000e1a0  receivedAlready                                       
2000e1a4  transmitedAlready                                     
2000e1a8  SockIDRx                                              
2000e1aa  SockIDTx                                              
2000e1ac  i2cConfig                                             
2000e1c0  __TI_cleanup_ptr                                      
2000e1c4  __TI_dtors_ptr                                        
2000e1c8  __TI_enable_exit_profile_output                       
2000e1cc  display                                               
2000e1cd  fill                                                  
2000e1ce  data                                                  
2000e1d0  counterSend                                           
2000e1d2  counterRecv                                           
2000e1d4  counterIdle                                           
2000e1d6  burstMode                                             
2000e1d8  g_pCB                                                 
2000e1dc  pPingCallBackFunc                                     
2000e1e0  gFirstCmdMode                                         
2000e1e4  _lock                                                 
2000e1e8  _unlock                                               
2000e1ec  V_bmm150_maual_auto_condition_u8                      
2000e1f0  V_fifo_time_U32                                       
2000e1f4  pIraEventHandler                                      
2000e1f8  errno                                                 
2000e1fc  main_func_sp                                          
2000e200  SystemCoreClock                                       
2000fe00  __stack                                               
20010000  __STACK_END                                           
4000480c  WDTCTL_SYM                                            
ffffffff  __TI_pprof_out_hndl                                   
ffffffff  __TI_prof_data_size                                   
ffffffff  __TI_prof_data_start                                  
ffffffff  __binit__                                             
ffffffff  __c_args__                                            
ffffffff  binit                                                 
UNDEFED   SHT$$INIT_ARRAY$$Base                                 
UNDEFED   SHT$$INIT_ARRAY$$Limit                                

[861 symbols]
