******************************************************************************
                  TI ARM Linker PC v16.9.3                     
******************************************************************************
>> Linked Thu Nov 30 21:26:44 2017

OUTPUT FILE NAME:   <Final_Project_Testing.out>
ENTRY POINT SYMBOL: "_c_int00"  address: 0001a7f5


MEMORY CONFIGURATION

         name            origin    length      used     unused   attr    fill
----------------------  --------  ---------  --------  --------  ----  --------
  MAIN                  00000000   00040000  0001ba7c  00024584  R  X
  INFO                  00200000   00004000  00000000  00004000  R  X
  SRAM_CODE             01000000   00010000  0000e402  00001bfe  RW X
  SRAM_DATA             20000000   00010000  0000e402  00001bfe  RW  


SEGMENT ALLOCATION MAP

run origin  load origin   length   init length attrs members
----------  ----------- ---------- ----------- ----- -------
00000000    00000000    0001ba80   0001ba80    r-x
  00000000    00000000    000000e4   000000e4    r-- .intvecs
  000000e4    000000e4    0001aec6   0001aec6    r-x .text
  0001afac    0001afac    00000932   00000932    r-- .const
  0001b8e0    0001b8e0    000001a0   000001a0    r-- .cinit
20000000    20000000    0000e204   00000000    rw-
  20000000    20000000    0000db66   00000000    rw- .bss
  2000db68    2000db68    0000069c   00000000    rw- .data
2000fe00    2000fe00    00000200   00000000    rw-
  2000fe00    2000fe00    00000200   00000000    rw- .stack


SECTION ALLOCATION MAP

 output                                  attributes/
section   page    origin      length       input sections
--------  ----  ----------  ----------   ----------------
.intvecs   0    00000000    000000e4     
                  00000000    000000e4     startup_msp432p401r_ccs.obj (.intvecs:retain)

.binit     0    00000000    00000000     

.text      0    000000e4    0001aec6     
                  000000e4    0000d5d0     bmi160.obj (.text)
                  0000d6b4    00002024     driver.obj (.text)
                  0000f6d8    00001818     bme280.obj (.text)
                  00010ef0    0000113e     rtsv7M4_T_le_v4SPD16_eabi.lib : _printfi.obj (.text)
                  0001202e    00000002                                   : l_div0.obj (.text)
                  00012030    00000ed4     socket.obj (.text)
                  00012f04    00000c28     bmi160_support.obj (.text)
                  00013b2c    00000b44     netapp.obj (.text)
                  00014670    00000ab8     wlan.obj (.text)
                  00015128    000007d4     G8RTOS_Scheduler.obj (.text)
                  000158fc    000007a0     LCD.obj (.text)
                  0001609c    000006ec     app.obj (.text)
                  00016788    00000688     cc3100_usage.obj (.text)
                  00016e10    000005b4     device.obj (.text)
                  000173c4    0000048c     i2c_driver.obj (.text)
                  00017850    000003a8     board.obj (.text)
                  00017bf8    00000354     leds.obj (.text)
                  00017f4c    0000032c     system_msp432p401r.obj (.text)
                  00018278    00000318     BackChannelUart.obj (.text)
                  00018590    000002e0     bme280_support.obj (.text)
                  00018870    00000278     main.obj (.text)
                  00018ae8    00000234     tmp007.obj (.text)
                  00018d1c    0000021e     rtsv7M4_T_le_v4SPD16_eabi.lib : ll_div_t2.obj (.text)
                  00018f3a    00000002                                   : mpu_init.obj (.text)
                  00018f3c    00000210     spi_cc3100.obj (.text)
                  0001914c    000001f4     rtsv7M4_T_le_v4SPD16_eabi.lib : ull_div_t2.obj (.text)
                  00019340    000001b6                                   : fd_add_t2.obj (.text)
                  000194f6    00000002                                   : startup.obj (.text)
                  000194f8    0000017c     Joystick.obj (.text)
                  00019674    00000136     rtsv7M4_T_le_v4SPD16_eabi.lib : fd_div_t2.obj (.text)
                  000197aa    00000002     --HOLE-- [fill = 0]
                  000197ac    00000130     nonos.obj (.text)
                  000198dc    00000110     netcfg.obj (.text)
                  000199ec    00000104     msp432p4xx_driverlib.lib : cs.o (.text:CS_getDCOFrequency)
                  00019af0    000000fe     opt3001.obj (.text)
                  00019bee    000000fc     rtsv7M4_T_le_v4SPD16_eabi.lib : fd_mul_t2.obj (.text)
                  00019cea    00000002     --HOLE-- [fill = 0]
                  00019cec    000000fc                                   : s_scalbn.obj (.text)
                  00019de8    000000dc     msp432p4xx_driverlib.lib : pcm.o (.text:__PCM_setPowerModeAdvanced)
                  00019ec4    000000b4     ClockSys.obj (.text)
                  00019f78    000000b0     msp432p4xx_driverlib.lib : pcm.o (.text:__PCM_setCoreVoltageLevelAdvanced)
                  0001a028    000000ac     G8RTOS_Semaphores.obj (.text)
                  0001a0d4    000000a4     LCD.obj (.text:PutChar)
                  0001a178    0000009c     msp432p4xx_driverlib.lib : cs.o (.text:CS_startHFXTWithTimeout)
                  0001a214    0000009c                              : cs.o (.text:_CSComputeCLKFrequency)
                  0001a2b0    0000009c     rtsv7M4_T_le_v4SPD16_eabi.lib : memcpy_t2.obj (.text)
                  0001a34c    00000094                                   : snprintf.obj (.text)
                  0001a3e0    00000086                                   : fd_cmp_t2.obj (.text:__aeabi_cdcmple)
                  0001a466    00000086                                   : fd_cmp_t2.obj (.text:__aeabi_cdrcmple)
                  0001a4ec    00000080     flowcont.obj (.text)
                  0001a56c    0000007a     rtsv7M4_T_le_v4SPD16_eabi.lib : memset_t2.obj (.text)
                  0001a5e6    00000002     --HOLE-- [fill = 0]
                  0001a5e8    00000070     msp432p4xx_driverlib.lib : cs.o (.text:_CSGetHFXTFrequency)
                  0001a658    00000070     rtsv7M4_T_le_v4SPD16_eabi.lib : autoinit.obj (.text)
                  0001a6c8    00000068                                   : copy_decompress_lzss.obj (.text:decompress:lzss)
                  0001a730    00000064                                   : s_frexp.obj (.text)
                  0001a794    00000060     G8RTOS_SchedulerASM.obj (.text)
                  0001a7f4    00000054     rtsv7M4_T_le_v4SPD16_eabi.lib : boot.obj (.text)
                  0001a848    00000054                                   : exit.obj (.text)
                  0001a89c    00000054                                   : ltoa.obj (.text)
                  0001a8f0    00000050     msp432p4xx_driverlib.lib : sysctl.o (.text:SysCtl_getTLVInfo)
                  0001a940    0000004c                              : gpio.o (.text:GPIO_setAsPeripheralModuleFunctionOutputPin)
                  0001a98c    0000004c                              : cs.o (.text:_CSGetDOCFrequency)
                  0001a9d8    0000004c     rtsv7M4_T_le_v4SPD16_eabi.lib : atoi.obj (.text)
                  0001aa24    0000004c                                   : cpy_tbl.obj (.text)
                  0001aa70    00000048     msp432p4xx_driverlib.lib : cs.o (.text:_CSGetDividerValue)
                  0001aab8    00000048     rtsv7M4_T_le_v4SPD16_eabi.lib : fd_toi_t2.obj (.text)
                  0001ab00    00000040     AsciiLib.obj (.text)
                  0001ab40    00000040     LCD.obj (.text:LCD_WriteData)
                  0001ab80    0000003c     LCD.obj (.text:LCD_Write_Data_Only)
                  0001abbc    0000003a     BSP.obj (.text)
                  0001abf6    00000002     --HOLE-- [fill = 0]
                  0001abf8    00000034     LCD.obj (.text:LCD_WriteIndex)
                  0001ac2c    00000030     msp432p4xx_driverlib.lib : spi.o (.text:is_A_Module)
                  0001ac5c    0000002e     rtsv7M4_T_le_v4SPD16_eabi.lib : i_tofd_t2.obj (.text)
                  0001ac8a    0000002c     msp432p4xx_driverlib.lib : pcm.o (.text:PCM_getCoreVoltageLevel)
                  0001acb6    0000002a                              : pcm.o (.text:PCM_getPowerMode)
                  0001ace0    00000028     LCD.obj (.text:SPISendRecvByte)
                  0001ad08    00000026     demo_sysctl.obj (.text)
                  0001ad2e    00000002     --HOLE-- [fill = 0]
                  0001ad30    00000024     msp432p4xx_driverlib.lib : cs.o (.text:CS_clearInterruptFlag)
                  0001ad54    00000020     LCD.obj (.text:LCD_SetCursor)
                  0001ad74    00000020     msp432p4xx_driverlib.lib : spi.o (.text:SPI_transmitData)
                  0001ad94    0000001c                              : spi.o (.text:EUSCI_B_SPI_isBusy)
                  0001adb0    0000001c     LCD.obj (.text:LCD_WriteReg)
                  0001adcc    0000001c     rtsv7M4_T_le_v4SPD16_eabi.lib : memccpy.obj (.text)
                  0001ade8    0000001a     msp432p4xx_driverlib.lib : spi.o (.text:SPI_receiveData)
                  0001ae02    00000002     --HOLE-- [fill = 0]
                  0001ae04    00000018                              : cs.o (.text:CS_getMCLK)
                  0001ae1c    00000018                              : cs.o (.text:CS_getSMCLK)
                  0001ae34    00000018                              : wdt_a.o (.text:WDT_A_clearTimer)
                  0001ae4c    00000018                              : wdt_a.o (.text:WDT_A_holdTimer)
                  0001ae64    00000018     rtsv7M4_T_le_v4SPD16_eabi.lib : args_main.obj (.text)
                  0001ae7c    00000018                                   : ll_mul_t2.obj (.text)
                  0001ae94    00000016                                   : strchr.obj (.text)
                  0001aeaa    00000002     --HOLE-- [fill = 0]
                  0001aeac    00000014     msp432p4xx_driverlib.lib : cs.o (.text:CS_setExternalClockSourceFrequency)
                  0001aec0    00000014     rtsv7M4_T_le_v4SPD16_eabi.lib : _lock.obj (.text)
                  0001aed4    00000014                                   : s_copysign.obj (.text)
                  0001aee8    00000014                                   : strlen.obj (.text)
                  0001aefc    00000010     msp432p4xx_driverlib.lib : sysctl.o (.text:SysCtl_disableNMISource)
                  0001af0c    00000010                              : sysctl.o (.text:SysCtl_enableNMISource)
                  0001af1c    0000000e     G8RTOS_CriticalSection.obj (.text)
                  0001af2a    0000000e     rtsv7M4_T_le_v4SPD16_eabi.lib : copy_decompress_none.obj (.text:decompress:none)
                  0001af38    0000000e     startup_msp432p401r_ccs.obj (.text)
                  0001af46    00000002     --HOLE-- [fill = 0]
                  0001af48    0000000c     msp432p4xx_driverlib.lib : pcm.o (.text:PCM_getPowerState)
                  0001af54    0000000c                              : sysctl.o (.text:SysCtl_getNMISourceStatus)
                  0001af60    0000000c     rtsv7M4_T_le_v4SPD16_eabi.lib : copy_zero_init.obj (.text:decompress:ZI)
                  0001af6c    0000000a     LCD.obj (.text:LCD_Write_Data_Start)
                  0001af76    00000008     msp432p4xx_driverlib.lib : pcm.o (.text:PCM_setCoreVoltageLevel)
                  0001af7e    00000008                              : pcm.o (.text:PCM_setPowerMode)
                  0001af86    00000006                              : cs.o (.text:CS_startHFXT)
                  0001af8c    00000006                              : spi.o (.text:EUSCI_A_SPI_receiveData)
                  0001af92    00000006                              : spi.o (.text:EUSCI_B_SPI_receiveData)
                  0001af98    00000006     demo_sysctl.obj (.text:SysCtlDelay)
                  0001af9e    00000004     msp432p4xx_driverlib.lib : spi.o (.text:EUSCI_A_SPI_transmitData)
                  0001afa2    00000004                              : spi.o (.text:EUSCI_B_SPI_transmitData)
                  0001afa6    00000004     rtsv7M4_T_le_v4SPD16_eabi.lib : pre_init.obj (.text)

.const     0    0001afac    00000932     
                  0001afac    000005f0     AsciiLib.obj (.const:AsciiLib)
                  0001b59c    00000101     rtsv7M4_T_le_v4SPD16_eabi.lib : ctype.obj (.const:.string:_ctypes_)
                  0001b69d    00000003     bmi160.obj (.const:.string:INVALID_OFFSET)
                  0001b6a0    000000b0     wlan.obj (.const:$P$T0$1)
                  0001b750    00000038     driver.obj (.const:_SlActionLookupTable)
                  0001b788    0000002c     cc3100_usage.obj (.const:$P$T0$1)
                  0001b7b4    00000024     BackChannelUart.obj (.const:backChannelUart115200Config)
                  0001b7d8    00000014     cc3100_usage.obj (.const:$P$T1$2)
                  0001b7ec    0000000c     cc3100_usage.obj (.const:$P$T2$3)
                  0001b7f8    0000000c     bmi160.obj (.const:yas532_version_ac_coef)
                  0001b804    00000008     driver.obj (.const:g_H2NCnysPattern)
                  0001b80c    00000008     driver.obj (.const:g_H2NSyncPattern)
                  0001b814    00000008     bmi160.obj (.const:v_calib_data$2)
                  0001b81c    00000005     bme280_support.obj (.const:.string:$P$T0$1)
                  0001b821    00000005     bmi160.obj (.const:.string:v_correct_u8$1)
                  0001b826    00000004     driver.obj (.const:$P$T0$1)
                  0001b82a    00000004     netapp.obj (.const:$P$T0$1)
                  0001b82e    00000004     socket.obj (.const:$P$T0$1)
                  0001b832    00000004     socket.obj (.const:$P$T1$2)
                  0001b836    00000004     wlan.obj (.const:$P$T1$2)
                  0001b83a    00000004     socket.obj (.const:$P$T2$3)
                  0001b83e    00000004     wlan.obj (.const:$P$T2$3)
                  0001b842    00000004     wlan.obj (.const:$P$T3$4)
                  0001b846    00000004     socket.obj (.const:_SlAcceptCmdCtrl)
                  0001b84a    00000004     device.obj (.const:_SlDeviceGetCmdCtrl)
                  0001b84e    00000004     device.obj (.const:_SlDeviceSetCmdCtrl)
                  0001b852    00000004     device.obj (.const:_SlEventMaskGetCmdCtrl)
                  0001b856    00000004     device.obj (.const:_SlEventMaskSetCmdCtrl)
                  0001b85a    00000004     netapp.obj (.const:_SlGetHostByNameCtrl)
                  0001b85e    00000004     netapp.obj (.const:_SlGetHostByServiceCtrl)
                  0001b862    00000004     netapp.obj (.const:_SlGetServiceListeCtrl)
                  0001b866    00000004     socket.obj (.const:_SlGetSockOptCmdCtrl)
                  0001b86a    00000004     socket.obj (.const:_SlListenCmdCtrl)
                  0001b86e    00000004     netapp.obj (.const:_SlNetAppGetCmdCtrl)
                  0001b872    00000004     netapp.obj (.const:_SlNetAppSendTokenValueCmdCtrl)
                  0001b876    00000004     netapp.obj (.const:_SlNetAppSetCmdCtrl)
                  0001b87a    00000004     netapp.obj (.const:_SlNetAppStartCtrl)
                  0001b87e    00000004     netapp.obj (.const:_SlNetAppStopCtrl)
                  0001b882    00000004     netcfg.obj (.const:_SlNetCfgGetCmdCtrl)
                  0001b886    00000004     netcfg.obj (.const:_SlNetCfgSetCmdCtrl)
                  0001b88a    00000004     wlan.obj (.const:_SlPolicyGetCmdCtrl)
                  0001b88e    00000004     wlan.obj (.const:_SlPolicySetCmdCtrl)
                  0001b892    00000004     wlan.obj (.const:_SlProfileDelCmdCtrl)
                  0001b896    00000004     wlan.obj (.const:_SlProfileGetCmdCtrl)
                  0001b89a    00000004     socket.obj (.const:_SlRecvCmdCtrl)
                  0001b89e    00000004     socket.obj (.const:_SlRecvfomCmdCtrl)
                  0001b8a2    00000004     netapp.obj (.const:_SlRegisterServiceCtrl)
                  0001b8a6    00000004     wlan.obj (.const:_SlRxFilterAddtCmdCtrl)
                  0001b8aa    00000004     wlan.obj (.const:_SlRxFilterGetCmdCtrl)
                  0001b8ae    00000004     wlan.obj (.const:_SlRxFilterSetCmdCtrl)
                  0001b8b2    00000004     socket.obj (.const:_SlSelectCmdCtrl)
                  0001b8b6    00000004     socket.obj (.const:_SlSendCmdCtrl)
                  0001b8ba    00000004     socket.obj (.const:_SlSetSockOptCmdCtrl)
                  0001b8be    00000004     wlan.obj (.const:_SlSmartConfigStartCmdCtrl)
                  0001b8c2    00000004     socket.obj (.const:_SlSockCloseCmdCtrl)
                  0001b8c6    00000004     socket.obj (.const:_SlSockSocketCmdCtrl)
                  0001b8ca    00000004     device.obj (.const:_SlStopCmdCtrl)
                  0001b8ce    00000004     wlan.obj (.const:_SlWlanCfgGetCmdCtrl)
                  0001b8d2    00000004     wlan.obj (.const:_SlWlanCfgSetCmdCtrl)
                  0001b8d6    00000004     wlan.obj (.const:_SlWlanGetNetworkListCtrl)
                  0001b8da    00000004     wlan.obj (.const:_SlWlanSetModeCmdCtrl)

.cinit     0    0001b8e0    000001a0     
                  0001b8e0    00000176     (.cinit..data.load) [load image, compression = lzss]
                  0001ba56    00000002     --HOLE-- [fill = 0]
                  0001ba58    0000000c     (__TI_handler_table)
                  0001ba64    00000004     --HOLE-- [fill = 0]
                  0001ba68    00000008     (.cinit..bss.load) [load image, compression = zero_init]
                  0001ba70    00000010     (__TI_cinit_table)

.init_array 
*          0    00000000    00000000     UNINITIALIZED

.bss       0    20000000    0000db66     UNINITIALIZED
                  20000000    0000c800     G8RTOS_Scheduler.obj (.bss:threadStacks)
                  2000c800    000004b0     G8RTOS_Scheduler.obj (.bss:threadControlBlocks)
                  2000ccb0    0000036c     (.common:accel_fifo)
                  2000d01c    0000036c     (.common:gyro_fifo)
                  2000d388    0000036c     (.common:mag_fifo)
                  2000d6f4    00000164     (.common:g_StatMem)
                  2000d858    00000100     BackChannelUart.obj (.bss:backChannelStringBuff)
                  2000d958    00000090     G8RTOS_Scheduler.obj (.bss:PE_Table)
                  2000d9e8    00000070     bmi160.obj (.bss:yas532_data)
                  2000da58    0000003c     (.common:bme280)
                  2000da94    00000028     (.common:g__SlNonOsCB)
                  2000dabc    00000014     (.common:s_bmi160)
                  2000dad0    00000010     bmi160.obj (.bss:mag_trim)
                  2000dae0    0000000c     G8RTOS_Scheduler.obj (.bss)
                  2000daec    00000009     (.common:client)
                  2000daf5    00000009     (.common:host)
                  2000dafe    00000006     (.common:accelxyz)
                  2000db04    00000006     (.common:gyroxyz)
                  2000db0a    00000002     tmp007.obj (.bss)
                  2000db0c    00000004     bme280.obj (.bss)
                  2000db10    00000004     bmi160.obj (.bss)
                  2000db14    00000004     tmp007.obj (.bss:buf)
                  2000db18    00000004     cc3100_usage.obj (.bss)
                  2000db1c    00000004     (.common:ButtonFunction)
                  2000db20    00000004     (.common:ClientIP)
                  2000db24    00000004     (.common:CurrentlyRunningThread)
                  2000db28    00000004     (.common:SystemTime)
                  2000db2c    00000004     (.common:bufferIP)
                  2000db30    00000004     (.common:displayarr)
                  2000db34    00000004     (.common:g_ui32ByteCount)
                  2000db38    00000004     (.common:globalsem)
                  2000db3c    00000004     (.common:globalsemdata)
                  2000db40    00000004     (.common:hfxtFreq)
                  2000db44    00000004     (.common:iter)
                  2000db48    00000004     (.common:lfxtFreq)
                  2000db4c    00000004     (.common:oldclient)
                  2000db50    00000004     (.common:oldhost)
                  2000db54    00000004     (.common:pData)
                  2000db58    00000004     (.common:wifi)
                  2000db5c    00000003     bmi160.obj (.bss:akm_asa_data)
                  2000db5f    00000001     (.common:IntIsMasked)
                  2000db60    00000002     (.common:xCoord)
                  2000db62    00000002     (.common:yCoord)
                  2000db64    00000001     (.common:ui8DummyRead)
                  2000db65    00000001     (.common:ui8Status)

.data      0    2000db68    0000069c     UNINITIALIZED
                  2000db68    00000400     bmi160.obj (.data:v_fifo_data_u8)
                  2000df68    00000200     app.obj (.data:tablehost)
                  2000e168    00000030     msp432p4xx_driverlib.lib : gpio.o (.data:GPIO_PORT_TO_BASE)
                  2000e198    00000014     cc3100_usage.obj (.data)
                  2000e1ac    00000014     i2c_driver.obj (.data:i2cConfig)
                  2000e1c0    0000000c     rtsv7M4_T_le_v4SPD16_eabi.lib : exit.obj (.data:$O1$$)
                  2000e1cc    0000000a     app.obj (.data)
                  2000e1d6    00000001     i2c_driver.obj (.data)
                  2000e1d7    00000001     --HOLE--
                  2000e1d8    00000009     driver.obj (.data)
                  2000e1e1    00000003     --HOLE--
                  2000e1e4    00000008     rtsv7M4_T_le_v4SPD16_eabi.lib : _lock.obj (.data:$O1$$)
                  2000e1ec    00000008     bmi160.obj (.data)
                  2000e1f4    00000004     board.obj (.data)
                  2000e1f8    00000004     rtsv7M4_T_le_v4SPD16_eabi.lib : errno.obj (.data)
                  2000e1fc    00000004                                   : stkdepth_vars.obj (.data)
                  2000e200    00000004     system_msp432p401r.obj (.data)

.stack     0    2000fe00    00000200     UNINITIALIZED
                  2000fe00    00000200     --HOLE--

MODULE SUMMARY

       Module                        code     ro data   rw data
       ------                        ----     -------   -------
    .\
       app.obj                       1772     0         1160   
       system_msp432p401r.obj        812      0         8      
       main.obj                      632      0         0      
       startup_msp432p401r_ccs.obj   14       228       0      
    +--+-----------------------------+--------+---------+---------+
       Total:                        3230     228       1168   
                                                               
    .\BoardSupportPackage\src\
       bmi160.obj                    54736    28        7590   
       bme280.obj                    6168     0         8      
       bmi160_support.obj            3112     0         64     
       LCD.obj                       2402     0         8      
       AsciiLib.obj                  64       1520      0      
       BackChannelUart.obj           792      36        512    
       i2c_driver.obj                1164     0         62     
       bme280_support.obj            736      5         120    
       leds.obj                      852      0         0      
       tmp007.obj                    564      0         12     
       Joystick.obj                  380      0         8      
       opt3001.obj                   254      0         0      
       ClockSys.obj                  180      0         0      
       BSP.obj                       58       0         0      
       demo_sysctl.obj               44       0         0      
    +--+-----------------------------+--------+---------+---------+
       Total:                        71506    1589      8384   
                                                               
    .\CC3100SupportPackage\board\
       board.obj                     936      0         10     
    +--+-----------------------------+--------+---------+---------+
       Total:                        936      0         10     
                                                               
    .\CC3100SupportPackage\cc3100_usage\
       cc3100_usage.obj              1672     76        48     
    +--+-----------------------------+--------+---------+---------+
       Total:                        1672     76        48     
                                                               
    .\CC3100SupportPackage\simplelink\source\
       driver.obj                    8228     76        730    
       socket.obj                    3796     52        0      
       wlan.obj                      2744     236       0      
       netapp.obj                    2884     40        0      
       device.obj                    1460     20        0      
       nonos.obj                     304      0         80     
       netcfg.obj                    272      8         0      
       flowcont.obj                  128      0         0      
    +--+-----------------------------+--------+---------+---------+
       Total:                        19816    432       810    
                                                               
    .\CC3100SupportPackage\spi_cc3100\
       spi_cc3100.obj                528      0         0      
    +--+-----------------------------+--------+---------+---------+
       Total:                        528      0         0      
                                                               
    .\G8RTOS\
       G8RTOS_Scheduler.obj          2004     0         105120 
       G8RTOS_Semaphores.obj         172      0         0      
       G8RTOS_SchedulerASM.obj       96       0         0      
       G8RTOS_CriticalSection.obj    14       0         0      
    +--+-----------------------------+--------+---------+---------+
       Total:                        2286     0         105120 
                                                               
    ../BoardSupportPackage/DriverLib/msp432p4xx_driverlib.lib
       cs.o                          942      0         16     
       pcm.o                         510      0         0      
       gpio.o                        76       0         96     
       spi.o                         154      0         0      
       sysctl.o                      124      0         0      
       wdt_a.o                       48       0         0      
    +--+-----------------------------+--------+---------+---------+
       Total:                        1854     0         112    
                                                               
    C:\ti\ccsv7\tools\compiler\ti-cgt-arm_16.9.3.LTS\lib\rtsv7M4_T_le_v4SPD16_eabi.lib
       _printfi.obj                  4414     0         0      
       ll_div_t2.obj                 542      0         0      
       ull_div_t2.obj                500      0         0      
       fd_add_t2.obj                 438      0         0      
       fd_div_t2.obj                 310      0         0      
       fd_cmp_t2.obj                 268      0         0      
       ctype.obj                     0        257       0      
       fd_mul_t2.obj                 252      0         0      
       s_scalbn.obj                  252      0         0      
       memcpy_t2.obj                 156      0         0      
       snprintf.obj                  148      0         0      
       memset_t2.obj                 122      0         0      
       autoinit.obj                  112      0         0      
       exit.obj                      84       0         24     
       copy_decompress_lzss.obj      104      0         0      
       s_frexp.obj                   100      0         0      
       boot.obj                      84       0         0      
       ltoa.obj                      84       0         0      
       atoi.obj                      76       0         0      
       cpy_tbl.obj                   76       0         0      
       fd_toi_t2.obj                 72       0         0      
       i_tofd_t2.obj                 46       0         0      
       _lock.obj                     20       0         16     
       memccpy.obj                   28       0         0      
       args_main.obj                 24       0         0      
       ll_mul_t2.obj                 24       0         0      
       strchr.obj                    22       0         0      
       s_copysign.obj                20       0         0      
       strlen.obj                    20       0         0      
       copy_decompress_none.obj      14       0         0      
       copy_zero_init.obj            12       0         0      
       errno.obj                     0        0         8      
       stkdepth_vars.obj             0        0         8      
       pre_init.obj                  4        0         0      
       l_div0.obj                    2        0         0      
       mpu_init.obj                  2        0         0      
       startup.obj                   2        0         0      
    +--+-----------------------------+--------+---------+---------+
       Total:                        8434     257       56     
                                                               
       Stack:                        0        0         1024   
       Linker Generated:             0        410       0      
    +--+-----------------------------+--------+---------+---------+
       Grand Total:                  110262   2992      116732 


LINKER GENERATED COPY TABLES

__TI_cinit_table @ 0001ba70 records: 2, size/record: 8, table size: 16
	.data: load addr=0001b8e0, load size=00000176 bytes, run addr=2000db68, run size=0000069c bytes, compression=lzss
	.bss: load addr=0001ba68, load size=00000008 bytes, run addr=20000000, run size=0000db66 bytes, compression=zero_init


LINKER GENERATED HANDLER TABLE

__TI_handler_table @ 0001ba58 records: 3, size/record: 4, table size: 12
	index: 0, handler: __TI_decompress_lzss
	index: 1, handler: __TI_decompress_none
	index: 2, handler: __TI_zero_init


GLOBAL SYMBOLS: SORTED ALPHABETICALLY BY Name 

address   name                                                  
-------   ----                                                  
0001af45  ADC14_IRQHandler                                      
0001af45  AES256_IRQHandler                                     
00018731  BME280_I2C_bus_read                                   
00018705  BME280_I2C_bus_write                                  
0001875d  BME280_SPI_bus_read                                   
000187c3  BME280_SPI_bus_write                                  
00018833  BME280_delay_msek                                     
0001abbd  BSP_InitBoard                                         
00018335  BackChannelEventTrigger                               
0001829d  BackChannelInit                                       
0001834d  BackChannelOpt3001PrintRaw                            
000182cb  BackChannelPrint                                      
00018317  BackChannelPrintIntVariable                           
0001838f  BackupChannelBmi160PrintAccel                         
000183bb  BackupChannelBmi160PrintGyro                          
000183e7  BackupChannelBmi160PrintMag                           
00018369  BackupChannelTmp007PrintRaw                           
0001af45  BusFault_Handler                                      
2000db1c  ButtonFunction                                        
0001a849  C$$EXIT                                               
000178b7  CC3100_InterruptDisable                               
0001787d  CC3100_InterruptEnable                                
00017865  CC3100_disable                                        
00017871  CC3100_enable                                         
0001af45  COMP_E0_IRQHandler                                    
0001af45  COMP_E1_IRQHandler                                    
0001af45  CS_IRQHandler                                         
0001ad31  CS_clearInterruptFlag                                 
000199ed  CS_getDCOFrequency                                    
0001ae05  CS_getMCLK                                            
0001ae1d  CS_getSMCLK                                           
0001aead  CS_setExternalClockSourceFrequency                    
0001af87  CS_startHFXT                                          
0001a179  CS_startHFXTWithTimeout                               
2000db20  ClientIP                                              
00019f57  ClockSys_GetSysFreq                                   
00019ec5  ClockSys_SetMaxFreq                                   
0001418d  CopyPingResultsToReport                               
2000db24  CurrentlyRunningThread                                
0001af45  DMA_ERR_IRQHandler                                    
0001af45  DMA_INT0_IRQHandler                                   
0001af45  DMA_INT1_IRQHandler                                   
0001af45  DMA_INT2_IRQHandler                                   
0001af45  DMA_INT3_IRQHandler                                   
0001af45  DebugMon_Handler                                      
0001af45  Default_Handler                                       
00017b49  Delay                                                 
0001ad09  DelayMs                                               
000195d7  Disable_Joystick_Interrupt                            
00016359  DrawObjects                                           
0001620d  DrawObjectsClient                                     
000166f9  DrawPlayer                                            
00017b97  EUSCIA0_IRQHandler                                    
00017b97  EUSCIA0_IRQHandler                                    
0001af45  EUSCIA1_IRQHandler                                    
0001af45  EUSCIA2_IRQHandler                                    
0001af45  EUSCIA3_IRQHandler                                    
0001af45  EUSCIB0_IRQHandler                                    
0001774d  EUSCIB1_IRQHandler                                    
0001774d  EUSCIB1_IRQHandler                                    
0001af45  EUSCIB2_IRQHandler                                    
0001af45  EUSCIB3_IRQHandler                                    
0001af8d  EUSCI_A_SPI_receiveData                               
0001af9f  EUSCI_A_SPI_transmitData                              
0001ad95  EUSCI_B_SPI_isBusy                                    
0001af93  EUSCI_B_SPI_receiveData                               
0001afa3  EUSCI_B_SPI_transmitData                              
0001af25  EndCriticalSection                                    
0001af45  FLCTL_IRQHandler                                      
0001af45  FPU_IRQHandler                                        
00015817  G8RTOS_AddAPeriodicEvent                              
000153ed  G8RTOS_AddThread                                      
000156e7  G8RTOS_GetThreadId                                    
00015345  G8RTOS_Init                                           
0001a029  G8RTOS_InitSemaphore                                  
00015869  G8RTOS_KillAllOtherThreads                            
000156f5  G8RTOS_KillSelf                                       
00015765  G8RTOS_KillThread                                     
0001537d  G8RTOS_Launch                                         
00015253  G8RTOS_OS_Sleep                                       
000151fb  G8RTOS_Scheduler                                      
0001a079  G8RTOS_SignalSemaphore                                
0001a799  G8RTOS_Start                                          
0001a043  G8RTOS_WaitSemaphore                                  
0001a941  GPIO_setAsPeripheralModuleFunctionOutputPin           
0001ab01  GetASCIICode                                          
000195ed  GetJoystickCoordinates                                
00017a95  GetLEDStatus                                          
0001609d  Handshake                                             
0001af45  HardFault_Handler                                     
000186d3  I2C_routine                                           
00017c5b  I2C_write                                             
0001615b  IdleThread                                            
2000db5f  IntIsMasked                                           
0001951d  Joystick_Init_Without_Interrupt                       
0001957b  Joystick_Push_Button_Init_With_Interrupt              
00015ad1  LCD_Bomberman                                         
00015cbd  LCD_Clear                                             
0001599f  LCD_DrawRectangle                                     
00015d99  LCD_Init                                              
0001ad55  LCD_SetCursor                                         
00015d37  LCD_SetPoint                                          
00015c11  LCD_Text                                              
0001ab41  LCD_WriteData                                         
0001abf9  LCD_WriteIndex                                        
0001adb1  LCD_WriteReg                                          
0001ab81  LCD_Write_Data_Only                                   
0001af6d  LCD_Write_Data_Start                                  
000178db  MaskIntHdlr                                           
0001af45  MemManage_Handler                                     
0001af45  NMI_Handler                                           
0001af45  PCM_IRQHandler                                        
0001ac8b  PCM_getCoreVoltageLevel                               
0001acb7  PCM_getPowerMode                                      
0001af49  PCM_getPowerState                                     
0001af77  PCM_setCoreVoltageLevel                               
0001af7f  PCM_setPowerMode                                      
00017b47  PORT1_IRQHandler                                      
00017b47  PORT1_IRQHandler                                      
00017b71  PORT2_IRQHandler                                      
00017b71  PORT2_IRQHandler                                      
0001af45  PORT3_IRQHandler                                      
0001af45  PORT4_IRQHandler                                      
0001af45  PORT5_IRQHandler                                      
0001af45  PORT6_IRQHandler                                      
0001af45  PSS_IRQHandler                                        
0001a7c5  PendSV_Handler                                        
0001a7c5  PendSV_Handler                                        
0001a0d5  PutChar                                               
0001af45  RTC_C_IRQHandler                                      
000165ad  ReadJoystickClient                                    
0001645d  ReadJoystickHost                                      
00016d01  ReceiveData                                           
000163d9  ReceiveDataFromClient                                 
000162ef  ReceiveDataFromHost                                   
0001af39  Reset_Handler                                         
UNDEFED   SHT$$INIT_ARRAY$$Base                                 
UNDEFED   SHT$$INIT_ARRAY$$Limit                                
00012e07  SL_FD_CLR                                             
00012e2d  SL_FD_ISSET                                           
00012de5  SL_FD_SET                                             
00012e55  SL_FD_ZERO                                            
0001ace1  SPISendRecvByte                                       
0001ade9  SPI_receiveData                                       
000186ef  SPI_routine                                           
0001ad75  SPI_transmitData                                      
0001af45  SVC_Handler                                           
00017b03  SelAntenna                                            
00016ce1  SendData                                              
0001637d  SendDataToClient                                      
000162ab  SendDataToHost                                        
00016dc5  SimpleLinkGeneralEventHandler                         
00016db9  SimpleLinkHttpServerCallback                          
00016d81  SimpleLinkNetAppEventHandler                          
00016dcf  SimpleLinkSockEventHandler                            
00016d2d  SimpleLinkWlanEventHandler                            
2000e1a8  SockIDRx                                              
2000e1aa  SockIDTx                                              
0001af1d  StartCriticalSection                                  
0001af99  SysCtlDelay                                           
0001aefd  SysCtl_disableNMISource                               
0001af0d  SysCtl_enableNMISource                                
0001af55  SysCtl_getNMISourceStatus                             
0001a8f1  SysCtl_getTLVInfo                                     
0001527f  SysTick_Handler                                       
0001527f  SysTick_Handler                                       
2000e200  SystemCoreClock                                       
00017f4d  SystemCoreClockUpdate                                 
000181c1  SystemInit                                            
2000db28  SystemTime                                            
0001af45  T32_INT1_IRQHandler                                   
0001af45  T32_INT2_IRQHandler                                   
0001af45  T32_INTC_IRQHandler                                   
0001af45  TA0_0_IRQHandler                                      
0001af45  TA0_N_IRQHandler                                      
0001af45  TA1_0_IRQHandler                                      
0001af45  TA1_N_IRQHandler                                      
0001af45  TA2_0_IRQHandler                                      
0001af45  TA2_N_IRQHandler                                      
0001af45  TA3_0_IRQHandler                                      
0001af45  TA3_N_IRQHandler                                      
00015fb9  TP_ReadXY                                             
000178e3  UnMaskIntHdlr                                         
0001af45  UsageFault_Handler                                    
2000e1ec  V_bmm150_maual_auto_condition_u8                      
2000e1f0  V_fifo_time_U32                                       
4000480c  WDTCTL_SYM                                            
0001af45  WDT_A_IRQHandler                                      
0001ae35  WDT_A_clearTimer                                      
0001ae4d  WDT_A_holdTimer                                       
0001b846  _SlAcceptCmdCtrl                                      
0001b750  _SlActionLookupTable                                  
0000e581  _SlAsyncEventGenericHandler                           
0001b84a  _SlDeviceGetCmdCtrl                                   
0001b84e  _SlDeviceSetCmdCtrl                                   
0000ef93  _SlDrvBasicCmd                                        
0000ec47  _SlDrvClassifyRxMsg                                   
0000d87f  _SlDrvCmdOp                                           
0000d92f  _SlDrvCmdSend                                         
0000d985  _SlDrvDataReadOp                                      
0000db89  _SlDrvDataWriteOp                                     
00017345  _SlDrvDeviceEventHandler                              
0000d799  _SlDrvDriverCBDeinit                                  
0000d6b5  _SlDrvDriverCBInit                                    
0001a52b  _SlDrvFlowContDeinit                                  
0001a4ed  _SlDrvFlowContInit                                    
0000df4d  _SlDrvMsgRead                                         
0000ea65  _SlDrvMsgReadCmdCtx                                   
0000eb5f  _SlDrvMsgReadSpawnCtx                                 
0000dd59  _SlDrvMsgWrite                                        
0001455d  _SlDrvNetAppEventHandler                              
0000f487  _SlDrvObjDeInit                                       
0000f40b  _SlDrvObjInit                                         
0000f201  _SlDrvReleasePoolObj                                  
0000ed8d  _SlDrvRxHdrRead                                       
0000d83d  _SlDrvRxIrqHandler                                    
0000ed45  _SlDrvShiftDWord                                      
0000eff9  _SlDrvWaitForPoolObj                                  
0001b852  _SlEventMaskGetCmdCtrl                                
0001b856  _SlEventMaskSetCmdCtrl                                
0000f569  _SlFindAndSetActiveObj                                
0001b85a  _SlGetHostByNameCtrl                                  
0001b85e  _SlGetHostByServiceCtrl                               
0001b862  _SlGetServiceListeCtrl                                
0001b866  _SlGetSockOptCmdCtrl                                  
0001b86a  _SlListenCmdCtrl                                      
0001b86e  _SlNetAppGetCmdCtrl                                   
0001b872  _SlNetAppSendTokenValueCmdCtrl                        
0001b876  _SlNetAppSetCmdCtrl                                   
0001b87a  _SlNetAppStartCtrl                                    
0001b87e  _SlNetAppStopCtrl                                     
0001b882  _SlNetCfgGetCmdCtrl                                   
0001b886  _SlNetCfgSetCmdCtrl                                   
00019871  _SlNonOsMainLoopTask                                  
000197c5  _SlNonOsSemGet                                        
000197ad  _SlNonOsSemSet                                        
00019821  _SlNonOsSpawn                                         
0001b88a  _SlPolicyGetCmdCtrl                                   
0001b88e  _SlPolicySetCmdCtrl                                   
0001b892  _SlProfileDelCmdCtrl                                  
0001b896  _SlProfileGetCmdCtrl                                  
0001b89a  _SlRecvCmdCtrl                                        
0001b89e  _SlRecvfomCmdCtrl                                     
0001b8a2  _SlRegisterServiceCtrl                                
0000f4a7  _SlRemoveFromList                                     
0001b8a6  _SlRxFilterAddtCmdCtrl                                
0001b8aa  _SlRxFilterGetCmdCtrl                                 
0001b8ae  _SlRxFilterSetCmdCtrl                                 
0001b8b2  _SlSelectCmdCtrl                                      
0001b8b6  _SlSendCmdCtrl                                        
0001b8ba  _SlSetSockOptCmdCtrl                                  
0001b8be  _SlSmartConfigStartCmdCtrl                            
0001b8c2  _SlSockCloseCmdCtrl                                   
0001b8c6  _SlSockSocketCmdCtrl                                  
0001b8ca  _SlStopCmdCtrl                                        
0001b8ce  _SlWlanCfgGetCmdCtrl                                  
0001b8d2  _SlWlanCfgSetCmdCtrl                                  
0001b8d6  _SlWlanGetNetworkListCtrl                             
0001b8da  _SlWlanSetModeCmdCtrl                                 
20010000  __STACK_END                                           
00000200  __STACK_SIZE                                          
0001ba70  __TI_CINIT_Base                                       
0001ba80  __TI_CINIT_Limit                                      
0001ba58  __TI_Handler_Table_Base                               
0001ba64  __TI_Handler_Table_Limit                              
0001a659  __TI_auto_init                                        
2000e1c0  __TI_cleanup_ptr                                      
0001a6c9  __TI_decompress_lzss                                  
0001af2b  __TI_decompress_none                                  
2000e1c4  __TI_dtors_ptr                                        
2000e1c8  __TI_enable_exit_profile_output                       
ffffffff  __TI_pprof_out_hndl                                   
00011735  __TI_printfi                                          
ffffffff  __TI_prof_data_size                                   
ffffffff  __TI_prof_data_start                                  
00000000  __TI_static_base__                                    
0001af61  __TI_zero_init                                        
0001a3e1  __aeabi_cdcmpeq                                       
0001a3e1  __aeabi_cdcmple                                       
0001a467  __aeabi_cdrcmple                                      
0001aab9  __aeabi_d2iz                                          
0001934b  __aeabi_dadd                                          
00019675  __aeabi_ddiv                                          
00019bef  __aeabi_dmul                                          
00019341  __aeabi_dsub                                          
0001ac5d  __aeabi_i2d                                           
0001202f  __aeabi_ldiv0                                         
00018d1d  __aeabi_ldivmod                                       
0001ae7d  __aeabi_lmul                                          
0001a56d  __aeabi_memclr                                        
0001a56d  __aeabi_memclr4                                       
0001a56d  __aeabi_memclr8                                       
0001a2b1  __aeabi_memcpy                                        
0001a2b1  __aeabi_memcpy4                                       
0001a2b1  __aeabi_memcpy8                                       
0001a56f  __aeabi_memset                                        
0001a56f  __aeabi_memset4                                       
0001a56f  __aeabi_memset8                                       
0001914d  __aeabi_uldivmod                                      
ffffffff  __binit__                                             
ffffffff  __c_args__                                            
00018f3b  __mpu_init                                            
2000fe00  __stack                                               
0001ae65  _args_main                                            
0001a7f5  _c_int00                                              
0001b59c  _ctypes_                                              
2000e1e4  _lock                                                 
0001aecf  _nop                                                  
0001aec7  _register_lock                                        
0001aec1  _register_unlock                                      
00012031  _sl_BuildAddress                                      
00016e11  _sl_GetStartResponseConvert                           
00012a45  _sl_HandleAsync_Accept                                
0001263f  _sl_HandleAsync_Connect                               
00013f75  _sl_HandleAsync_DnsGetHostByAddr                      
000140c9  _sl_HandleAsync_DnsGetHostByName                      
00013ea5  _sl_HandleAsync_DnsGetHostByService                   
00016f75  _sl_HandleAsync_InitComplete                          
000141c9  _sl_HandleAsync_PingResponse                          
00012e6d  _sl_HandleAsync_Select                                
00017027  _sl_HandleAsync_Stop                                  
00012149  _sl_ParseAddress                                      
00012081  _sl_TruncatePayloadByProtocol                         
000194f7  _system_post_cinit                                    
0001afa7  _system_pre_init                                      
2000e1e8  _unlock                                               
0001a84d  abort                                                 
2000ccb0  accel_fifo                                            
2000dafe  accelxyz                                              
0001a9d9  atoi                                                  
ffffffff  binit                                                 
2000da58  bme280                                                
0000fa17  bme280_compensate_humidity_int32                      
0000fad3  bme280_compensate_humidity_int32_sixteen_bit_output   
0000f891  bme280_compensate_pressure_int32                      
00010c5b  bme280_compensate_pressure_int64                      
00010e5f  bme280_compensate_pressure_int64_twentyfour_bit_output
0000f78f  bme280_compensate_temperature_int32                   
0000f807  bme280_compensate_temperature_int32_sixteen_bit_output
00010e79  bme280_compute_wait_time                              
00018591  bme280_data_readout_template                          
0000fbef  bme280_get_calib_param                                
000106af  bme280_get_filter                                     
00010a13  bme280_get_forced_uncomp_pressure_temperature_humidity
0001010b  bme280_get_oversamp_humidity                          
0000ff53  bme280_get_oversamp_pressure                          
0000fd91  bme280_get_oversamp_temperature                       
000102f9  bme280_get_power_mode                                 
00010501  bme280_get_spi3                                       
00010863  bme280_get_standby_durn                               
0000f6d9  bme280_init                                           
0001867d  bme280_initialize_sensor                              
0000fb8f  bme280_read_pressure_temperature_humidity             
00010c15  bme280_read_register                                  
0000f9c1  bme280_read_uncomp_humidity                           
0000f831  bme280_read_uncomp_pressure                           
0000fafd  bme280_read_uncomp_pressure_temperature_humidity      
0000f72f  bme280_read_uncomp_temperature                        
000106ff  bme280_set_filter                                     
00010165  bme280_set_oversamp_humidity                          
0000ffaf  bme280_set_oversamp_pressure                          
0000fded  bme280_set_oversamp_temperature                       
00010347  bme280_set_power_mode                                 
000104c1  bme280_set_soft_rst                                   
0001054f  bme280_set_spi3                                       
000108b3  bme280_set_standby_durn                               
00010bcf  bme280_write_register                                 
00007511  bmi160_accel_foc_trigger_xyz                          
0000ac11  bmi160_bmm150_mag_compensate_X                        
0000acbd  bmi160_bmm150_mag_compensate_Y                        
0000ad69  bmi160_bmm150_mag_compensate_Z                        
0000abb5  bmi160_bmm150_mag_compensate_xyz                      
0000ae11  bmi160_bmm150_mag_interface_init                      
0000b2a9  bmi160_bmm150_mag_set_power_mode                      
0000b0b5  bmi160_bmm150_mag_wakeup                              
0000c001  bmi160_bst_akm_compensate_X                           
0000c039  bmi160_bst_akm_compensate_Y                           
0000c06b  bmi160_bst_akm_compensate_Z                           
0000c09d  bmi160_bst_akm_compensate_xyz                         
0000bc01  bmi160_bst_akm_mag_interface_init                     
0000c0e9  bmi160_bst_akm_set_powermode                          
0000ca95  bmi160_bst_yamaha_yas532_calib_values                 
0000c473  bmi160_bst_yamaha_yas532_mag_interface_init           
0000d4cd  bmi160_bst_yas532_acquisition_command_register        
0000c909  bmi160_bst_yas532_magnetic_measure_set_offset         
0000d05d  bmi160_bst_yas532_measurement_xyz_data                
0000cee9  bmi160_bst_yas532_normal_measurement_data             
0000c7a9  bmi160_bst_yas532_set_initial_values                  
0000d595  bmi160_bst_yas532_set_offset                          
0000ce4d  bmi160_bst_yas532_xy1y2_to_linear                     
000095c1  bmi160_clear_step_counter                             
00012f41  bmi160_config_running_mode                            
00013af1  bmi160_delay_ms                                       
00001805  bmi160_fifo_data                                      
000017a5  bmi160_fifo_length                                    
0000191d  bmi160_get_accel_bw                                   
00000e21  bmi160_get_accel_data_rdy                             
000021f7  bmi160_get_accel_fifo_filter_data                     
000086ab  bmi160_get_accel_offset_compensation_xaxis            
00008791  bmi160_get_accel_offset_compensation_yaxis            
0000887b  bmi160_get_accel_offset_compensation_zaxis            
00008edb  bmi160_get_accel_offset_enable                        
0000183f  bmi160_get_accel_output_data_rate                     
00000481  bmi160_get_accel_power_mode_stat                      
00001ad9  bmi160_get_accel_range                                
0000829d  bmi160_get_accel_selftest_amp                         
000080e7  bmi160_get_accel_selftest_axis                        
000081bf  bmi160_get_accel_selftest_sign                        
000019ff  bmi160_get_accel_under_sampling_parameter             
00000d85  bmi160_get_data_rdy_mag                               
000002b5  bmi160_get_drop_cmd_err                               
00000219  bmi160_get_err_code                                   
00000351  bmi160_get_error_status                               
000001cd  bmi160_get_fatal_err                                  
000028a5  bmi160_get_fifo_accel_enable                          
0000212f  bmi160_get_fifo_down_accel                            
00001f87  bmi160_get_fifo_down_gyro                             
00002985  bmi160_get_fifo_gyro_enable                           
000026f1  bmi160_get_fifo_header_enable                         
000027cb  bmi160_get_fifo_mag_enable                            
0000235f  bmi160_get_fifo_stop_on_full                          
000025ff  bmi160_get_fifo_tag_intr1_enable                      
00002511  bmi160_get_fifo_tag_intr2_enable                      
00002437  bmi160_get_fifo_time_enable                           
000022d1  bmi160_get_fifo_wm                                    
000070db  bmi160_get_foc_accel_x                                
00007001  bmi160_get_foc_accel_y                                
00006f3b  bmi160_get_foc_accel_z                                
0000775b  bmi160_get_foc_gyro_enable                            
00000ce5  bmi160_get_foc_rdy                                    
00001ce5  bmi160_get_gyro_bw                                    
00000dd3  bmi160_get_gyro_data_rdy                              
00002055  bmi160_get_gyro_fifo_filter_data                      
00008961  bmi160_get_gyro_offset_compensation_xaxis             
00008b31  bmi160_get_gyro_offset_compensation_yaxis             
00008d09  bmi160_get_gyro_offset_compensation_zaxis             
00008fab  bmi160_get_gyro_offset_enable                         
00001bc9  bmi160_get_gyro_output_data_rate                      
00000433  bmi160_get_gyro_power_mode_stat                       
00001dbf  bmi160_get_gyro_range                                 
00000c49  bmi160_get_gyro_selftest                              
00008377  bmi160_get_gyro_selftest_start                        
00007f33  bmi160_get_gyro_sleep_state                           
00007d7b  bmi160_get_gyro_sleep_trigger                         
0000800d  bmi160_get_gyro_wakeup_intr                           
00007e53  bmi160_get_gyro_wakeup_trigger                        
00002a5f  bmi160_get_i2c_device_addr                            
00000267  bmi160_get_i2c_fail_err                               
00007bc7  bmi160_get_i2c_wdt_enable                             
00007ae7  bmi160_get_i2c_wdt_select                             
00007ca1  bmi160_get_if_mode                                    
000041f3  bmi160_get_input_enable                               
000046ed  bmi160_get_intr_any_motion                            
00005dbf  bmi160_get_intr_any_motion_durn                       
00005f53  bmi160_get_intr_any_motion_thres                      
00005519  bmi160_get_intr_data_rdy                              
00004a31  bmi160_get_intr_double_tap                            
00003ae5  bmi160_get_intr_edge_ctrl                             
00002f23  bmi160_get_intr_enable_0                              
00003393  bmi160_get_intr_enable_1                              
000037fb  bmi160_get_intr_enable_2                              
000051fd  bmi160_get_intr_fifo_full                             
00005389  bmi160_get_intr_fifo_wm                               
00004ee1  bmi160_get_intr_flat                                  
00006d83  bmi160_get_intr_flat_hold                             
00006e63  bmi160_get_intr_flat_hyst                             
00006cab  bmi160_get_intr_flat_theta                            
00004561  bmi160_get_intr_high_g                                
00005cb3  bmi160_get_intr_high_g_durn                           
00005beb  bmi160_get_intr_high_g_hyst                           
00005d39  bmi160_get_intr_high_g_thres                          
00003c6d  bmi160_get_intr_level                                 
0000437f  bmi160_get_intr_low_g                                 
00005937  bmi160_get_intr_low_g_durn                            
00005a43  bmi160_get_intr_low_g_hyst                            
00005b11  bmi160_get_intr_low_g_mode                            
000059bd  bmi160_get_intr_low_g_thres                           
0000577f  bmi160_get_intr_low_high_source                       
0000585d  bmi160_get_intr_motion_source                         
000048a5  bmi160_get_intr_nomotion                              
00004d4f  bmi160_get_intr_orient                                
00006bd1  bmi160_get_intr_orient_axes_enable                    
00006879  bmi160_get_intr_orient_blocking                       
00006953  bmi160_get_intr_orient_hyst                           
0000679b  bmi160_get_intr_orient_mode                           
00006a1b  bmi160_get_intr_orient_theta                          
00006af3  bmi160_get_intr_orient_ud_enable                      
00003dff  bmi160_get_intr_output_type                           
0000506d  bmi160_get_intr_pmu_trig                              
000062f1  bmi160_get_intr_significant_motion_proof              
0000613d  bmi160_get_intr_significant_motion_select             
00006217  bmi160_get_intr_significant_motion_skip               
00004bc3  bmi160_get_intr_single_tap                            
00005e8b  bmi160_get_intr_slow_no_motion_durn                   
0000605f  bmi160_get_intr_slow_no_motion_select                 
00005fd9  bmi160_get_intr_slow_no_motion_thres                  
000063cb  bmi160_get_intr_tap_durn                              
000065fb  bmi160_get_intr_tap_quiet                             
00006521  bmi160_get_intr_tap_shock                             
000056a5  bmi160_get_intr_tap_source                            
000066d5  bmi160_get_intr_tap_thres                             
0000411b  bmi160_get_latch_intr                                 
00002b27  bmi160_get_mag_burst                                  
00000303  bmi160_get_mag_dada_rdy_err                           
00002cb9  bmi160_get_mag_manual_enable                          
00000c97  bmi160_get_mag_manual_operation_stat                  
00002bed  bmi160_get_mag_offset                                 
00001e97  bmi160_get_mag_output_data_rate                       
000003e1  bmi160_get_mag_power_mode_stat                        
00002d91  bmi160_get_mag_read_addr                              
00002e17  bmi160_get_mag_write_addr                             
00002e9d  bmi160_get_mag_write_data                             
000085e3  bmi160_get_nvm_counter                                
00007935  bmi160_get_nvm_prog_enable                            
00000d33  bmi160_get_nvm_rdy                                    
00003f8b  bmi160_get_output_enable                              
00009701  bmi160_get_paging_enable                              
0000d69b  bmi160_get_ptr                                        
000097db  bmi160_get_pullup_configuration                       
00000bed  bmi160_get_sensor_time                                
00008517  bmi160_get_spare0_trim                                
00007a0f  bmi160_get_spi3                                       
00008451  bmi160_get_spi_enable                                 
00000f09  bmi160_get_stat0_any_motion_intr                      
00000fa5  bmi160_get_stat0_double_tap_intr                      
00001095  bmi160_get_stat0_flat_intr                            
00001041  bmi160_get_stat0_orient_intr                          
00000f57  bmi160_get_stat0_pmu_trigger_intr                     
00000ebb  bmi160_get_stat0_significant_intr                     
00000ff3  bmi160_get_stat0_single_tap_intr                      
00000e6f  bmi160_get_stat0_step_intr                            
0000117f  bmi160_get_stat1_data_rdy_intr                        
000011cd  bmi160_get_stat1_fifo_full_intr                       
0000121b  bmi160_get_stat1_fifo_wm_intr                         
000010e3  bmi160_get_stat1_high_g_intr                          
00001131  bmi160_get_stat1_low_g_intr                           
00001269  bmi160_get_stat1_nomotion_intr                        
000012b7  bmi160_get_stat2_any_motion_first_x                   
00001303  bmi160_get_stat2_any_motion_first_y                   
00001351  bmi160_get_stat2_any_motion_first_z                   
000013a5  bmi160_get_stat2_any_motion_sign                      
000013f3  bmi160_get_stat2_tap_first_x                          
00001441  bmi160_get_stat2_tap_first_y                          
0000148f  bmi160_get_stat2_tap_first_z                          
000014dd  bmi160_get_stat2_tap_sign                             
00001703  bmi160_get_stat3_flat                                 
0000152b  bmi160_get_stat3_high_g_first_x                       
00001577  bmi160_get_stat3_high_g_first_y                       
000015c5  bmi160_get_stat3_high_g_first_z                       
00001613  bmi160_get_stat3_high_g_sign                          
00001661  bmi160_get_stat3_orient_xy                            
000016b5  bmi160_get_stat3_orient_z                             
000090c7  bmi160_get_step_config                                
00009299  bmi160_get_step_counter_enable                        
00003a15  bmi160_get_step_detector_enable                       
00009627  bmi160_get_target_page                                
00001751  bmi160_get_temp                                       
00013a57  bmi160_i2c_burst_read                                 
00013a2b  bmi160_i2c_bus_read                                   
00013a89  bmi160_i2c_bus_write                                  
000000e5  bmi160_init                                           
00012f05  bmi160_initialize_sensor                              
00013979  bmi160_interrupt_configuration                        
000093f1  bmi160_map_significant_motion_intr                    
000094d9  bmi160_map_step_detector_intr                         
00000a7d  bmi160_read_accel_x                                   
00000b79  bmi160_read_accel_xyz                                 
00000ad1  bmi160_read_accel_y                                   
00000b25  bmi160_read_accel_z                                   
0000b761  bmi160_read_bmm150_mag_trim                           
0000bf1d  bmi160_read_bst_akm_sensitivity_data                  
000098b9  bmi160_read_fifo_header_data                          
0000a289  bmi160_read_fifo_headerless_mode                      
00000909  bmi160_read_gyro_x                                    
00000a05  bmi160_read_gyro_xyz                                  
0000095d  bmi160_read_gyro_y                                    
000009b1  bmi160_read_gyro_z                                    
000006d9  bmi160_read_mag_r                                     
000004cf  bmi160_read_mag_x                                     
00000743  bmi160_read_mag_xyz                                   
0000084d  bmi160_read_mag_xyzr                                  
0000057d  bmi160_read_mag_y                                     
0000062b  bmi160_read_mag_z                                     
00000189  bmi160_read_reg                                       
00009073  bmi160_read_step_count                                
0000196b  bmi160_set_accel_bw                                   
00002245  bmi160_set_accel_fifo_filter_data                     
000071b9  bmi160_set_accel_foc_trigger                          
000086f7  bmi160_set_accel_offset_compensation_xaxis            
000087dd  bmi160_set_accel_offset_compensation_yaxis            
000088c7  bmi160_set_accel_offset_compensation_zaxis            
00008f29  bmi160_set_accel_offset_enable                        
0000188b  bmi160_set_accel_output_data_rate                     
00001b25  bmi160_set_accel_range                                
000082eb  bmi160_set_accel_selftest_amp                         
00008133  bmi160_set_accel_selftest_axis                        
00008211  bmi160_set_accel_selftest_sign                        
00001a4d  bmi160_set_accel_under_sampling_parameter             
0000b185  bmi160_set_bmm150_mag_and_secondary_if_power_mode     
0000b405  bmi160_set_bmm150_mag_presetmode                      
0000c30d  bmi160_set_bst_akm_and_secondary_if_powermode         
000095ed  bmi160_set_command_register                           
000028f3  bmi160_set_fifo_accel_enable                          
0000217d  bmi160_set_fifo_down_accel                            
00001fd3  bmi160_set_fifo_down_gyro                             
000029d3  bmi160_set_fifo_gyro_enable                           
0000273f  bmi160_set_fifo_header_enable                         
00002819  bmi160_set_fifo_mag_enable                            
000023ab  bmi160_set_fifo_stop_on_full                          
00002651  bmi160_set_fifo_tag_intr1_enable                      
0000255f  bmi160_set_fifo_tag_intr2_enable                      
00002485  bmi160_set_fifo_time_enable                           
00002325  bmi160_set_fifo_wm                                    
00007129  bmi160_set_foc_accel_x                                
0000704f  bmi160_set_foc_accel_y                                
00006f87  bmi160_set_foc_accel_z                                
000077a9  bmi160_set_foc_gyro_enable                            
00001d33  bmi160_set_gyro_bw                                    
000020a3  bmi160_set_gyro_fifo_filter_data                      
00008a15  bmi160_set_gyro_offset_compensation_xaxis             
00008bed  bmi160_set_gyro_offset_compensation_yaxis             
00008dbf  bmi160_set_gyro_offset_compensation_zaxis             
00008ff9  bmi160_set_gyro_offset_enable                         
00001c15  bmi160_set_gyro_output_data_rate                      
00001e0b  bmi160_set_gyro_range                                 
000083c5  bmi160_set_gyro_selftest_start                        
00007f81  bmi160_set_gyro_sleep_state                           
00007dc7  bmi160_set_gyro_sleep_trigger                         
0000805b  bmi160_set_gyro_wakeup_intr                           
00007ea1  bmi160_set_gyro_wakeup_trigger                        
00002aad  bmi160_set_i2c_device_addr                            
00007c15  bmi160_set_i2c_wdt_enable                             
00007b35  bmi160_set_i2c_wdt_select                             
00007cef  bmi160_set_if_mode                                    
0000428d  bmi160_set_input_enable                               
00004787  bmi160_set_intr_any_motion                            
00005e0b  bmi160_set_intr_any_motion_durn                       
00005f9f  bmi160_set_intr_any_motion_thres                      
000055b3  bmi160_set_intr_data_rdy                              
00004acb  bmi160_set_intr_double_tap                            
00003b7b  bmi160_set_intr_edge_ctrl                             
000030b9  bmi160_set_intr_enable_0                              
00003521  bmi160_set_intr_enable_1                              
000038c3  bmi160_set_intr_enable_2                              
00005297  bmi160_set_intr_fifo_full                             
00005423  bmi160_set_intr_fifo_wm                               
00004f7b  bmi160_set_intr_flat                                  
00006dd1  bmi160_set_intr_flat_hold                             
00006eaf  bmi160_set_intr_flat_hyst                             
00006cf7  bmi160_set_intr_flat_theta                            
000045fb  bmi160_set_intr_high_g                                
00005cff  bmi160_set_intr_high_g_durn                           
00005c39  bmi160_set_intr_high_g_hyst                           
00005d85  bmi160_set_intr_high_g_thres                          
00003d07  bmi160_set_intr_level                                 
00004413  bmi160_set_intr_low_g                                 
00005983  bmi160_set_intr_low_g_durn                            
00005a8f  bmi160_set_intr_low_g_hyst                            
00005b5f  bmi160_set_intr_low_g_mode                            
00005a09  bmi160_set_intr_low_g_thres                           
000057d1  bmi160_set_intr_low_high_source                       
000058ab  bmi160_set_intr_motion_source                         
0000493f  bmi160_set_intr_nomotion                              
00004de9  bmi160_set_intr_orient                                
00006c1f  bmi160_set_intr_orient_axes_enable                    
000068c7  bmi160_set_intr_orient_blocking                       
000069a1  bmi160_set_intr_orient_hyst                           
000067ed  bmi160_set_intr_orient_mode                           
00006a67  bmi160_set_intr_orient_theta                          
00006b45  bmi160_set_intr_orient_ud_enable                      
00003e99  bmi160_set_intr_output_type                           
00005103  bmi160_set_intr_pmu_trig                              
0000633f  bmi160_set_intr_significant_motion_proof              
0000618b  bmi160_set_intr_significant_motion_select             
00006265  bmi160_set_intr_significant_motion_skip               
00004c5d  bmi160_set_intr_single_tap                            
00005ed9  bmi160_set_intr_slow_no_motion_durn                   
000060ab  bmi160_set_intr_slow_no_motion_select                 
00006025  bmi160_set_intr_slow_no_motion_thres                  
00006417  bmi160_set_intr_tap_durn                              
00006649  bmi160_set_intr_tap_quiet                             
0000656f  bmi160_set_intr_tap_shock                             
000056f3  bmi160_set_intr_tap_source                            
00006721  bmi160_set_intr_tap_thres                             
00004167  bmi160_set_latch_intr                                 
00002b73  bmi160_set_mag_burst                                  
00002d07  bmi160_set_mag_manual_enable                          
00002c3b  bmi160_set_mag_offset                                 
00001ee3  bmi160_set_mag_output_data_rate                       
00002ddd  bmi160_set_mag_read_addr                              
00002e63  bmi160_set_mag_write_addr                             
00002ee9  bmi160_set_mag_write_data                             
00008631  bmi160_set_nvm_counter                                
00007983  bmi160_set_nvm_prog_enable                            
00004025  bmi160_set_output_enable                              
0000974f  bmi160_set_paging_enable                              
00009829  bmi160_set_pullup_configuration                       
00008569  bmi160_set_spare0_trim                                
00007a5b  bmi160_set_spi3                                       
0000849d  bmi160_set_spi_enable                                 
00009185  bmi160_set_step_config                                
000092e7  bmi160_set_step_counter_enable                        
00003a6b  bmi160_set_step_detector_enable                       
00009373  bmi160_set_step_mode                                  
00009675  bmi160_set_target_page                                
00013ab5  bmi160_spi_bus_read                                   
00013ad3  bmi160_spi_bus_write                                  
00000145  bmi160_write_reg                                      
2000db2c  bufferIP                                              
2000e1d6  burstMode                                             
000178f7  clear_rts                                             
2000daec  client                                                
0001aa25  copy_in                                               
0001aed5  copysign                                              
0001aed5  copysignl                                             
2000e1d4  counterIdle                                           
2000e1d2  counterRecv                                           
2000e1d0  counterSend                                           
2000e1ce  data                                                  
2000e1cc  display                                               
2000db30  displayarr                                            
2000e1f8  errno                                                 
0001a855  exit                                                  
2000e1cd  fill                                                  
00016165  fillBuffer                                            
0001a731  frexp                                                 
0001a731  frexpl                                                
2000e1e0  gFirstCmdMode                                         
0001b804  g_H2NCnysPattern                                      
0001b80c  g_H2NSyncPattern                                      
2000d6f4  g_StatMem                                             
2000e198  g_Status                                              
2000da94  g__SlNonOsCB                                          
2000e1d8  g_pCB                                                 
2000db34  g_ui32ByteCount                                       
00017e5b  generate                                              
00016d21  getLocalIP                                            
2000db38  globalsem                                             
2000db3c  globalsemdata                                         
2000d01c  gyro_fifo                                             
2000db04  gyroxyz                                               
2000daf5  host                                                  
[...]
0001838f  BackupChannelBmi160PrintAccel                         
000183bb  BackupChannelBmi160PrintGyro                          
000183e7  BackupChannelBmi160PrintMag                           
00018591  bme280_data_readout_template                          
0001867d  bme280_initialize_sensor                              
000186d3  I2C_routine                                           
000186ef  SPI_routine                                           
00018705  BME280_I2C_bus_write                                  
00018731  BME280_I2C_bus_read                                   
0001875d  BME280_SPI_bus_read                                   
000187c3  BME280_SPI_bus_write                                  
00018833  BME280_delay_msek                                     
00018871  main                                                  
00018ae9  sensorTmp007Init                                      
00018af3  sensorTmp007Enable                                    
00018b5d  sensorTmp007EnableInterruptConversion                 
00018ba7  sensorTmp007Read                                      
00018c65  sensorTmp007Test                                      
00018d1d  __aeabi_ldivmod                                       
00018f3b  __mpu_init                                            
00018f3d  spi_Close                                             
00018f49  spi_Open                                              
00019039  spi_Write                                             
00019093  spi_Read                                              
0001914d  __aeabi_uldivmod                                      
00019341  __aeabi_dsub                                          
0001934b  __aeabi_dadd                                          
000194f7  _system_post_cinit                                    
0001951d  Joystick_Init_Without_Interrupt                       
0001957b  Joystick_Push_Button_Init_With_Interrupt              
000195d7  Disable_Joystick_Interrupt                            
000195ed  GetJoystickCoordinates                                
00019675  __aeabi_ddiv                                          
000197ad  _SlNonOsSemSet                                        
000197c5  _SlNonOsSemGet                                        
00019821  _SlNonOsSpawn                                         
00019871  _SlNonOsMainLoopTask                                  
000198dd  sl_NetCfgSet                                          
00019943  sl_NetCfgGet                                          
000199ed  CS_getDCOFrequency                                    
00019af1  sensorOpt3001Init                                     
00019afd  sensorOpt3001Enable                                   
00019b29  sensorOpt3001Read                                     
00019b8d  sensorOpt3001Test                                     
00019bef  __aeabi_dmul                                          
00019ced  ldexp                                                 
00019ced  ldexpl                                                
00019ced  scalbn                                                
00019ced  scalbnl                                               
00019ec5  ClockSys_SetMaxFreq                                   
00019f57  ClockSys_GetSysFreq                                   
0001a029  G8RTOS_InitSemaphore                                  
0001a043  G8RTOS_WaitSemaphore                                  
0001a079  G8RTOS_SignalSemaphore                                
0001a0d5  PutChar                                               
0001a179  CS_startHFXTWithTimeout                               
0001a2b1  __aeabi_memcpy                                        
0001a2b1  __aeabi_memcpy4                                       
0001a2b1  __aeabi_memcpy8                                       
0001a2b1  memcpy                                                
0001a34d  snprintf                                              
0001a3e1  __aeabi_cdcmpeq                                       
0001a3e1  __aeabi_cdcmple                                       
0001a467  __aeabi_cdrcmple                                      
0001a4ed  _SlDrvFlowContInit                                    
0001a52b  _SlDrvFlowContDeinit                                  
0001a56d  __aeabi_memclr                                        
0001a56d  __aeabi_memclr4                                       
0001a56d  __aeabi_memclr8                                       
0001a56f  __aeabi_memset                                        
0001a56f  __aeabi_memset4                                       
0001a56f  __aeabi_memset8                                       
0001a575  memset                                                
0001a659  __TI_auto_init                                        
0001a6c9  __TI_decompress_lzss                                  
0001a731  frexp                                                 
0001a731  frexpl                                                
0001a799  G8RTOS_Start                                          
0001a7c5  PendSV_Handler                                        
0001a7c5  PendSV_Handler                                        
0001a7f5  _c_int00                                              
0001a849  C$$EXIT                                               
0001a84d  abort                                                 
0001a855  exit                                                  
0001a89d  ltoa                                                  
0001a8f1  SysCtl_getTLVInfo                                     
0001a941  GPIO_setAsPeripheralModuleFunctionOutputPin           
0001a9d9  atoi                                                  
0001aa25  copy_in                                               
0001aab9  __aeabi_d2iz                                          
0001ab01  GetASCIICode                                          
0001ab41  LCD_WriteData                                         
0001ab81  LCD_Write_Data_Only                                   
0001abbd  BSP_InitBoard                                         
0001abf9  LCD_WriteIndex                                        
0001ac5d  __aeabi_i2d                                           
0001ac8b  PCM_getCoreVoltageLevel                               
0001acb7  PCM_getPowerMode                                      
0001ace1  SPISendRecvByte                                       
0001ad09  DelayMs                                               
0001ad31  CS_clearInterruptFlag                                 
0001ad55  LCD_SetCursor                                         
0001ad75  SPI_transmitData                                      
0001ad95  EUSCI_B_SPI_isBusy                                    
0001adb1  LCD_WriteReg                                          
0001adcd  memccpy                                               
0001ade9  SPI_receiveData                                       
0001ae05  CS_getMCLK                                            
0001ae1d  CS_getSMCLK                                           
0001ae35  WDT_A_clearTimer                                      
0001ae4d  WDT_A_holdTimer                                       
0001ae65  _args_main                                            
0001ae7d  __aeabi_lmul                                          
0001ae95  strchr                                                
0001aead  CS_setExternalClockSourceFrequency                    
0001aec1  _register_unlock                                      
0001aec7  _register_lock                                        
0001aecf  _nop                                                  
0001aed5  copysign                                              
0001aed5  copysignl                                             
0001aee9  strlen                                                
0001aefd  SysCtl_disableNMISource                               
0001af0d  SysCtl_enableNMISource                                
0001af1d  StartCriticalSection                                  
0001af25  EndCriticalSection                                    
0001af2b  __TI_decompress_none                                  
0001af39  Reset_Handler                                         
0001af45  ADC14_IRQHandler                                      
0001af45  AES256_IRQHandler                                     
0001af45  BusFault_Handler                                      
0001af45  COMP_E0_IRQHandler                                    
0001af45  COMP_E1_IRQHandler                                    
0001af45  CS_IRQHandler                                         
0001af45  DMA_ERR_IRQHandler                                    
0001af45  DMA_INT0_IRQHandler                                   
0001af45  DMA_INT1_IRQHandler                                   
0001af45  DMA_INT2_IRQHandler                                   
0001af45  DMA_INT3_IRQHandler                                   
0001af45  DebugMon_Handler                                      
0001af45  Default_Handler                                       
0001af45  EUSCIA1_IRQHandler                                    
0001af45  EUSCIA2_IRQHandler                                    
0001af45  EUSCIA3_IRQHandler                                    
0001af45  EUSCIB0_IRQHandler                                    
0001af45  EUSCIB2_IRQHandler                                    
0001af45  EUSCIB3_IRQHandler                                    
0001af45  FLCTL_IRQHandler                                      
0001af45  FPU_IRQHandler                                        
0001af45  HardFault_Handler                                     
0001af45  MemManage_Handler                                     
0001af45  NMI_Handler                                           
0001af45  PCM_IRQHandler                                        
0001af45  PORT3_IRQHandler                                      
0001af45  PORT4_IRQHandler                                      
0001af45  PORT5_IRQHandler                                      
0001af45  PORT6_IRQHandler                                      
0001af45  PSS_IRQHandler                                        
0001af45  RTC_C_IRQHandler                                      
0001af45  SVC_Handler                                           
0001af45  T32_INT1_IRQHandler                                   
0001af45  T32_INT2_IRQHandler                                   
0001af45  T32_INTC_IRQHandler                                   
0001af45  TA0_0_IRQHandler                                      
0001af45  TA0_N_IRQHandler                                      
0001af45  TA1_0_IRQHandler                                      
0001af45  TA1_N_IRQHandler                                      
0001af45  TA2_0_IRQHandler                                      
0001af45  TA2_N_IRQHandler                                      
0001af45  TA3_0_IRQHandler                                      
0001af45  TA3_N_IRQHandler                                      
0001af45  UsageFault_Handler                                    
0001af45  WDT_A_IRQHandler                                      
0001af49  PCM_getPowerState                                     
0001af55  SysCtl_getNMISourceStatus                             
0001af61  __TI_zero_init                                        
0001af6d  LCD_Write_Data_Start                                  
0001af77  PCM_setCoreVoltageLevel                               
0001af7f  PCM_setPowerMode                                      
0001af87  CS_startHFXT                                          
0001af8d  EUSCI_A_SPI_receiveData                               
0001af93  EUSCI_B_SPI_receiveData                               
0001af99  SysCtlDelay                                           
0001af9f  EUSCI_A_SPI_transmitData                              
0001afa3  EUSCI_B_SPI_transmitData                              
0001afa7  _system_pre_init                                      
0001b59c  _ctypes_                                              
0001b750  _SlActionLookupTable                                  
0001b804  g_H2NCnysPattern                                      
0001b80c  g_H2NSyncPattern                                      
0001b846  _SlAcceptCmdCtrl                                      
0001b84a  _SlDeviceGetCmdCtrl                                   
0001b84e  _SlDeviceSetCmdCtrl                                   
0001b852  _SlEventMaskGetCmdCtrl                                
0001b856  _SlEventMaskSetCmdCtrl                                
0001b85a  _SlGetHostByNameCtrl                                  
0001b85e  _SlGetHostByServiceCtrl                               
0001b862  _SlGetServiceListeCtrl                                
0001b866  _SlGetSockOptCmdCtrl                                  
0001b86a  _SlListenCmdCtrl                                      
0001b86e  _SlNetAppGetCmdCtrl                                   
0001b872  _SlNetAppSendTokenValueCmdCtrl                        
0001b876  _SlNetAppSetCmdCtrl                                   
0001b87a  _SlNetAppStartCtrl                                    
0001b87e  _SlNetAppStopCtrl                                     
0001b882  _SlNetCfgGetCmdCtrl                                   
0001b886  _SlNetCfgSetCmdCtrl                                   
0001b88a  _SlPolicyGetCmdCtrl                                   
0001b88e  _SlPolicySetCmdCtrl                                   
0001b892  _SlProfileDelCmdCtrl                                  
0001b896  _SlProfileGetCmdCtrl                                  
0001b89a  _SlRecvCmdCtrl                                        
0001b89e  _SlRecvfomCmdCtrl                                     
0001b8a2  _SlRegisterServiceCtrl                                
0001b8a6  _SlRxFilterAddtCmdCtrl                                
0001b8aa  _SlRxFilterGetCmdCtrl                                 
0001b8ae  _SlRxFilterSetCmdCtrl                                 
0001b8b2  _SlSelectCmdCtrl                                      
0001b8b6  _SlSendCmdCtrl                                        
0001b8ba  _SlSetSockOptCmdCtrl                                  
0001b8be  _SlSmartConfigStartCmdCtrl                            
0001b8c2  _SlSockCloseCmdCtrl                                   
0001b8c6  _SlSockSocketCmdCtrl                                  
0001b8ca  _SlStopCmdCtrl                                        
0001b8ce  _SlWlanCfgGetCmdCtrl                                  
0001b8d2  _SlWlanCfgSetCmdCtrl                                  
0001b8d6  _SlWlanGetNetworkListCtrl                             
0001b8da  _SlWlanSetModeCmdCtrl                                 
0001ba58  __TI_Handler_Table_Base                               
0001ba64  __TI_Handler_Table_Limit                              
0001ba70  __TI_CINIT_Base                                       
0001ba80  __TI_CINIT_Limit                                      
2000ccb0  accel_fifo                                            
2000d01c  gyro_fifo                                             
2000d388  mag_fifo                                              
2000d6f4  g_StatMem                                             
2000da58  bme280                                                
2000da94  g__SlNonOsCB                                          
2000dabc  s_bmi160                                              
2000daec  client                                                
2000daf5  host                                                  
2000dafe  accelxyz                                              
2000db04  gyroxyz                                               
2000db1c  ButtonFunction                                        
2000db20  ClientIP                                              
2000db24  CurrentlyRunningThread                                
2000db28  SystemTime                                            
2000db2c  bufferIP                                              
2000db30  displayarr                                            
2000db34  g_ui32ByteCount                                       
2000db38  globalsem                                             
2000db3c  globalsemdata                                         
2000db44  iter                                                  
2000db4c  oldclient                                             
2000db50  oldhost                                               
2000db54  pData                                                 
2000db58  wifi                                                  
2000db5f  IntIsMasked                                           
2000db60  xCoord                                                
2000db62  yCoord                                                
2000db64  ui8DummyRead                                          
2000db65  ui8Status                                             
2000db68  v_fifo_data_u8                                        
2000df68  tablehost                                             
2000e198  g_Status                                              
2000e19c  retVal                                                
2000e1a0  receivedAlready                                       
2000e1a4  transmitedAlready                                     
2000e1a8  SockIDRx                                              
2000e1aa  SockIDTx                                              
2000e1ac  i2cConfig                                             
2000e1c0  __TI_cleanup_ptr                                      
2000e1c4  __TI_dtors_ptr                                        
2000e1c8  __TI_enable_exit_profile_output                       
2000e1cc  display                                               
2000e1cd  fill                                                  
2000e1ce  data                                                  
2000e1d0  counterSend                                           
2000e1d2  counterRecv                                           
2000e1d4  counterIdle                                           
2000e1d6  burstMode                                             
2000e1d8  g_pCB                                                 
2000e1dc  pPingCallBackFunc                                     
2000e1e0  gFirstCmdMode                                         
2000e1e4  _lock                                                 
2000e1e8  _unlock                                               
2000e1ec  V_bmm150_maual_auto_condition_u8                      
2000e1f0  V_fifo_time_U32                                       
2000e1f4  pIraEventHandler                                      
2000e1f8  errno                                                 
2000e1fc  main_func_sp                                          
2000e200  SystemCoreClock                                       
2000fe00  __stack                                               
20010000  __STACK_END                                           
4000480c  WDTCTL_SYM                                            
ffffffff  __TI_pprof_out_hndl                                   
ffffffff  __TI_prof_data_size                                   
ffffffff  __TI_prof_data_start                                  
ffffffff  __binit__                                             
ffffffff  __c_args__                                            
ffffffff  binit                                                 
UNDEFED   SHT$$INIT_ARRAY$$Base                                 
UNDEFED   SHT$$INIT_ARRAY$$Limit                                

[867 symbols]
