<?xml version="1.0"?>
<link_info>
   <banner>TI ARM Linker PC v16.9.3.LTS</banner>
   <copyright>Copyright (c) 1996-2017 Texas Instruments Incorporated</copyright>
   <link_time>0x5a246256</link_time>
   <link_errors>0x0</link_errors>
   <output_file>Final_Project_Testing.out</output_file>
   <entry_point>
      <name>_c_int00</name>
      <address>0x1a831</address>
   </entry_point>
   <input_file_list>
      <input_file id="fl-2">
         <path>.\</path>
         <kind>object</kind>
         <file>app.obj</file>
         <name>app.obj</name>
      </input_file>
      <input_file id="fl-3">
         <path>.\</path>
         <kind>object</kind>
         <file>main.obj</file>
         <name>main.obj</name>
      </input_file>
      <input_file id="fl-4">
         <path>.\</path>
         <kind>object</kind>
         <file>startup_msp432p401r_ccs.obj</file>
         <name>startup_msp432p401r_ccs.obj</name>
      </input_file>
      <input_file id="fl-5">
         <path>.\</path>
         <kind>object</kind>
         <file>system_msp432p401r.obj</file>
         <name>system_msp432p401r.obj</name>
      </input_file>
      <input_file id="fl-6">
         <path>.\BoardSupportPackage\src\</path>
         <kind>object</kind>
         <file>AsciiLib.obj</file>
         <name>AsciiLib.obj</name>
      </input_file>
      <input_file id="fl-7">
         <path>.\BoardSupportPackage\src\</path>
         <kind>object</kind>
         <file>BSP.obj</file>
         <name>BSP.obj</name>
      </input_file>
      <input_file id="fl-8">
         <path>.\BoardSupportPackage\src\</path>
         <kind>object</kind>
         <file>BackChannelUart.obj</file>
         <name>BackChannelUart.obj</name>
      </input_file>
      <input_file id="fl-9">
         <path>.\BoardSupportPackage\src\</path>
         <kind>object</kind>
         <file>ClockSys.obj</file>
         <name>ClockSys.obj</name>
      </input_file>
      <input_file id="fl-a">
         <path>.\BoardSupportPackage\src\</path>
         <kind>object</kind>
         <file>Joystick.obj</file>
         <name>Joystick.obj</name>
      </input_file>
      <input_file id="fl-b">
         <path>.\BoardSupportPackage\src\</path>
         <kind>object</kind>
         <file>LCD.obj</file>
         <name>LCD.obj</name>
      </input_file>
      <input_file id="fl-c">
         <path>.\BoardSupportPackage\src\</path>
         <kind>object</kind>
         <file>bme280.obj</file>
         <name>bme280.obj</name>
      </input_file>
      <input_file id="fl-d">
         <path>.\BoardSupportPackage\src\</path>
         <kind>object</kind>
         <file>bme280_support.obj</file>
         <name>bme280_support.obj</name>
      </input_file>
      <input_file id="fl-e">
         <path>.\BoardSupportPackage\src\</path>
         <kind>object</kind>
         <file>bmi160.obj</file>
         <name>bmi160.obj</name>
      </input_file>
      <input_file id="fl-f">
         <path>.\BoardSupportPackage\src\</path>
         <kind>object</kind>
         <file>bmi160_support.obj</file>
         <name>bmi160_support.obj</name>
      </input_file>
      <input_file id="fl-10">
         <path>.\BoardSupportPackage\src\</path>
         <kind>object</kind>
         <file>demo_sysctl.obj</file>
         <name>demo_sysctl.obj</name>
      </input_file>
      <input_file id="fl-11">
         <path>.\BoardSupportPackage\src\</path>
         <kind>object</kind>
         <file>i2c_driver.obj</file>
         <name>i2c_driver.obj</name>
      </input_file>
      <input_file id="fl-12">
         <path>.\BoardSupportPackage\src\</path>
         <kind>object</kind>
         <file>leds.obj</file>
         <name>leds.obj</name>
      </input_file>
      <input_file id="fl-13">
         <path>.\BoardSupportPackage\src\</path>
         <kind>object</kind>
         <file>opt3001.obj</file>
         <name>opt3001.obj</name>
      </input_file>
      <input_file id="fl-14">
         <path>.\BoardSupportPackage\src\</path>
         <kind>object</kind>
         <file>tmp007.obj</file>
         <name>tmp007.obj</name>
      </input_file>
      <input_file id="fl-15">
         <path>.\CC3100SupportPackage\board\</path>
         <kind>object</kind>
         <file>board.obj</file>
         <name>board.obj</name>
      </input_file>
      <input_file id="fl-16">
         <path>.\CC3100SupportPackage\cc3100_usage\</path>
         <kind>object</kind>
         <file>cc3100_usage.obj</file>
         <name>cc3100_usage.obj</name>
      </input_file>
      <input_file id="fl-17">
         <path>.\CC3100SupportPackage\simplelink\source\</path>
         <kind>object</kind>
         <file>device.obj</file>
         <name>device.obj</name>
      </input_file>
      <input_file id="fl-18">
         <path>.\CC3100SupportPackage\simplelink\source\</path>
         <kind>object</kind>
         <file>driver.obj</file>
         <name>driver.obj</name>
      </input_file>
      <input_file id="fl-19">
         <path>.\CC3100SupportPackage\simplelink\source\</path>
         <kind>object</kind>
         <file>flowcont.obj</file>
         <name>flowcont.obj</name>
      </input_file>
      <input_file id="fl-1a">
         <path>.\CC3100SupportPackage\simplelink\source\</path>
         <kind>object</kind>
         <file>fs.obj</file>
         <name>fs.obj</name>
      </input_file>
      <input_file id="fl-1b">
         <path>.\CC3100SupportPackage\simplelink\source\</path>
         <kind>object</kind>
         <file>netapp.obj</file>
         <name>netapp.obj</name>
      </input_file>
      <input_file id="fl-1c">
         <path>.\CC3100SupportPackage\simplelink\source\</path>
         <kind>object</kind>
         <file>netcfg.obj</file>
         <name>netcfg.obj</name>
      </input_file>
      <input_file id="fl-1d">
         <path>.\CC3100SupportPackage\simplelink\source\</path>
         <kind>object</kind>
         <file>nonos.obj</file>
         <name>nonos.obj</name>
      </input_file>
      <input_file id="fl-1e">
         <path>.\CC3100SupportPackage\simplelink\source\</path>
         <kind>object</kind>
         <file>socket.obj</file>
         <name>socket.obj</name>
      </input_file>
      <input_file id="fl-1f">
         <path>.\CC3100SupportPackage\simplelink\source\</path>
         <kind>object</kind>
         <file>spawn.obj</file>
         <name>spawn.obj</name>
      </input_file>
      <input_file id="fl-20">
         <path>.\CC3100SupportPackage\simplelink\source\</path>
         <kind>object</kind>
         <file>wlan.obj</file>
         <name>wlan.obj</name>
      </input_file>
      <input_file id="fl-21">
         <path>.\CC3100SupportPackage\spi_cc3100\</path>
         <kind>object</kind>
         <file>spi_cc3100.obj</file>
         <name>spi_cc3100.obj</name>
      </input_file>
      <input_file id="fl-22">
         <path>.\G8RTOS\</path>
         <kind>object</kind>
         <file>G8RTOS_CriticalSection.obj</file>
         <name>G8RTOS_CriticalSection.obj</name>
      </input_file>
      <input_file id="fl-23">
         <path>.\G8RTOS\</path>
         <kind>object</kind>
         <file>G8RTOS_FIFO.obj</file>
         <name>G8RTOS_FIFO.obj</name>
      </input_file>
      <input_file id="fl-24">
         <path>.\G8RTOS\</path>
         <kind>object</kind>
         <file>G8RTOS_Scheduler.obj</file>
         <name>G8RTOS_Scheduler.obj</name>
      </input_file>
      <input_file id="fl-25">
         <path>.\G8RTOS\</path>
         <kind>object</kind>
         <file>G8RTOS_SchedulerASM.obj</file>
         <name>G8RTOS_SchedulerASM.obj</name>
      </input_file>
      <input_file id="fl-26">
         <path>.\G8RTOS\</path>
         <kind>object</kind>
         <file>G8RTOS_Semaphores.obj</file>
         <name>G8RTOS_Semaphores.obj</name>
      </input_file>
      <input_file id="fl-27">
         <path>.\G8RTOS\</path>
         <kind>object</kind>
         <file>random.obj</file>
         <name>random.obj</name>
      </input_file>
      <input_file id="fl-2c">
         <kind>object</kind>
         <file>&lt;internal&gt;</file>
         <name>&lt;internal&gt;</name>
      </input_file>
      <input_file id="fl-2d">
         <path>..\BoardSupportPackage\DriverLib\</path>
         <kind>archive</kind>
         <file>msp432p4xx_driverlib.lib</file>
         <name>cs.o</name>
      </input_file>
      <input_file id="fl-2e">
         <path>..\BoardSupportPackage\DriverLib\</path>
         <kind>archive</kind>
         <file>msp432p4xx_driverlib.lib</file>
         <name>gpio.o</name>
      </input_file>
      <input_file id="fl-2f">
         <path>..\BoardSupportPackage\DriverLib\</path>
         <kind>archive</kind>
         <file>msp432p4xx_driverlib.lib</file>
         <name>interrupt.o</name>
      </input_file>
      <input_file id="fl-30">
         <path>..\BoardSupportPackage\DriverLib\</path>
         <kind>archive</kind>
         <file>msp432p4xx_driverlib.lib</file>
         <name>pcm.o</name>
      </input_file>
      <input_file id="fl-31">
         <path>..\BoardSupportPackage\DriverLib\</path>
         <kind>archive</kind>
         <file>msp432p4xx_driverlib.lib</file>
         <name>rtc_c.o</name>
      </input_file>
      <input_file id="fl-32">
         <path>..\BoardSupportPackage\DriverLib\</path>
         <kind>archive</kind>
         <file>msp432p4xx_driverlib.lib</file>
         <name>sysctl.o</name>
      </input_file>
      <input_file id="fl-33">
         <path>..\BoardSupportPackage\DriverLib\</path>
         <kind>archive</kind>
         <file>msp432p4xx_driverlib.lib</file>
         <name>wdt_a.o</name>
      </input_file>
      <input_file id="fl-34">
         <path>..\BoardSupportPackage\DriverLib\</path>
         <kind>archive</kind>
         <file>msp432p4xx_driverlib.lib</file>
         <name>cpu.o</name>
      </input_file>
      <input_file id="fl-ea">
         <path>C:\ti\ccsv7\tools\compiler\ti-cgt-arm_16.9.3.LTS\lib\</path>
         <kind>archive</kind>
         <file>rtsv7M4_T_le_v4SPD16_eabi.lib</file>
         <name>boot.obj</name>
      </input_file>
      <input_file id="fl-eb">
         <path>C:\ti\ccsv7\tools\compiler\ti-cgt-arm_16.9.3.LTS\lib\</path>
         <kind>archive</kind>
         <file>rtsv7M4_T_le_v4SPD16_eabi.lib</file>
         <name>copy_decompress_lzss.obj</name>
      </input_file>
      <input_file id="fl-ec">
         <path>C:\ti\ccsv7\tools\compiler\ti-cgt-arm_16.9.3.LTS\lib\</path>
         <kind>archive</kind>
         <file>rtsv7M4_T_le_v4SPD16_eabi.lib</file>
         <name>copy_decompress_none.obj</name>
      </input_file>
      <input_file id="fl-ed">
         <path>C:\ti\ccsv7\tools\compiler\ti-cgt-arm_16.9.3.LTS\lib\</path>
         <kind>archive</kind>
         <file>rtsv7M4_T_le_v4SPD16_eabi.lib</file>
         <name>copy_zero_init.obj</name>
      </input_file>
      <input_file id="fl-ee">
         <path>C:\ti\ccsv7\tools\compiler\ti-cgt-arm_16.9.3.LTS\lib\</path>
         <kind>archive</kind>
         <file>rtsv7M4_T_le_v4SPD16_eabi.lib</file>
         <name>exit.obj</name>
      </input_file>
      <input_file id="fl-ef">
         <path>C:\ti\ccsv7\tools\compiler\ti-cgt-arm_16.9.3.LTS\lib\</path>
         <kind>archive</kind>
         <file>rtsv7M4_T_le_v4SPD16_eabi.lib</file>
         <name>ll_div_t2.obj</name>
      </input_file>
      <input_file id="fl-f0">
         <path>C:\ti\ccsv7\tools\compiler\ti-cgt-arm_16.9.3.LTS\lib\</path>
         <kind>archive</kind>
         <file>rtsv7M4_T_le_v4SPD16_eabi.lib</file>
         <name>ll_mul_t2.obj</name>
      </input_file>
      <input_file id="fl-f1">
         <path>C:\ti\ccsv7\tools\compiler\ti-cgt-arm_16.9.3.LTS\lib\</path>
         <kind>archive</kind>
         <file>rtsv7M4_T_le_v4SPD16_eabi.lib</file>
         <name>memcpy_t2.obj</name>
      </input_file>
      <input_file id="fl-f2">
         <path>C:\ti\ccsv7\tools\compiler\ti-cgt-arm_16.9.3.LTS\lib\</path>
         <kind>archive</kind>
         <file>rtsv7M4_T_le_v4SPD16_eabi.lib</file>
         <name>memset_t2.obj</name>
      </input_file>
      <input_file id="fl-f3">
         <path>C:\ti\ccsv7\tools\compiler\ti-cgt-arm_16.9.3.LTS\lib\</path>
         <kind>archive</kind>
         <file>rtsv7M4_T_le_v4SPD16_eabi.lib</file>
         <name>mpu_init.obj</name>
      </input_file>
      <input_file id="fl-f4">
         <path>C:\ti\ccsv7\tools\compiler\ti-cgt-arm_16.9.3.LTS\lib\</path>
         <kind>archive</kind>
         <file>rtsv7M4_T_le_v4SPD16_eabi.lib</file>
         <name>pre_init.obj</name>
      </input_file>
      <input_file id="fl-f5">
         <path>C:\ti\ccsv7\tools\compiler\ti-cgt-arm_16.9.3.LTS\lib\</path>
         <kind>archive</kind>
         <file>rtsv7M4_T_le_v4SPD16_eabi.lib</file>
         <name>snprintf.obj</name>
      </input_file>
      <input_file id="fl-f6">
         <path>C:\ti\ccsv7\tools\compiler\ti-cgt-arm_16.9.3.LTS\lib\</path>
         <kind>archive</kind>
         <file>rtsv7M4_T_le_v4SPD16_eabi.lib</file>
         <name>stkdepth_vars.obj</name>
      </input_file>
      <input_file id="fl-f7">
         <path>C:\ti\ccsv7\tools\compiler\ti-cgt-arm_16.9.3.LTS\lib\</path>
         <kind>archive</kind>
         <file>rtsv7M4_T_le_v4SPD16_eabi.lib</file>
         <name>_lock.obj</name>
      </input_file>
      <input_file id="fl-f8">
         <path>C:\ti\ccsv7\tools\compiler\ti-cgt-arm_16.9.3.LTS\lib\</path>
         <kind>archive</kind>
         <file>rtsv7M4_T_le_v4SPD16_eabi.lib</file>
         <name>_printfi.obj</name>
      </input_file>
      <input_file id="fl-f9">
         <path>C:\ti\ccsv7\tools\compiler\ti-cgt-arm_16.9.3.LTS\lib\</path>
         <kind>archive</kind>
         <file>rtsv7M4_T_le_v4SPD16_eabi.lib</file>
         <name>args_main.obj</name>
      </input_file>
      <input_file id="fl-fa">
         <path>C:\ti\ccsv7\tools\compiler\ti-cgt-arm_16.9.3.LTS\lib\</path>
         <kind>archive</kind>
         <file>rtsv7M4_T_le_v4SPD16_eabi.lib</file>
         <name>atoi.obj</name>
      </input_file>
      <input_file id="fl-fb">
         <path>C:\ti\ccsv7\tools\compiler\ti-cgt-arm_16.9.3.LTS\lib\</path>
         <kind>archive</kind>
         <file>rtsv7M4_T_le_v4SPD16_eabi.lib</file>
         <name>autoinit.obj</name>
      </input_file>
      <input_file id="fl-fc">
         <path>C:\ti\ccsv7\tools\compiler\ti-cgt-arm_16.9.3.LTS\lib\</path>
         <kind>archive</kind>
         <file>rtsv7M4_T_le_v4SPD16_eabi.lib</file>
         <name>cpy_tbl.obj</name>
      </input_file>
      <input_file id="fl-fd">
         <path>C:\ti\ccsv7\tools\compiler\ti-cgt-arm_16.9.3.LTS\lib\</path>
         <kind>archive</kind>
         <file>rtsv7M4_T_le_v4SPD16_eabi.lib</file>
         <name>ctype.obj</name>
      </input_file>
      <input_file id="fl-fe">
         <path>C:\ti\ccsv7\tools\compiler\ti-cgt-arm_16.9.3.LTS\lib\</path>
         <kind>archive</kind>
         <file>rtsv7M4_T_le_v4SPD16_eabi.lib</file>
         <name>fd_add_t2.obj</name>
      </input_file>
      <input_file id="fl-ff">
         <path>C:\ti\ccsv7\tools\compiler\ti-cgt-arm_16.9.3.LTS\lib\</path>
         <kind>archive</kind>
         <file>rtsv7M4_T_le_v4SPD16_eabi.lib</file>
         <name>fd_cmp_t2.obj</name>
      </input_file>
      <input_file id="fl-100">
         <path>C:\ti\ccsv7\tools\compiler\ti-cgt-arm_16.9.3.LTS\lib\</path>
         <kind>archive</kind>
         <file>rtsv7M4_T_le_v4SPD16_eabi.lib</file>
         <name>fd_div_t2.obj</name>
      </input_file>
      <input_file id="fl-101">
         <path>C:\ti\ccsv7\tools\compiler\ti-cgt-arm_16.9.3.LTS\lib\</path>
         <kind>archive</kind>
         <file>rtsv7M4_T_le_v4SPD16_eabi.lib</file>
         <name>fd_mul_t2.obj</name>
      </input_file>
      <input_file id="fl-102">
         <path>C:\ti\ccsv7\tools\compiler\ti-cgt-arm_16.9.3.LTS\lib\</path>
         <kind>archive</kind>
         <file>rtsv7M4_T_le_v4SPD16_eabi.lib</file>
         <name>fd_toi_t2.obj</name>
      </input_file>
      <input_file id="fl-103">
         <path>C:\ti\ccsv7\tools\compiler\ti-cgt-arm_16.9.3.LTS\lib\</path>
         <kind>archive</kind>
         <file>rtsv7M4_T_le_v4SPD16_eabi.lib</file>
         <name>i_tofd_t2.obj</name>
      </input_file>
      <input_file id="fl-104">
         <path>C:\ti\ccsv7\tools\compiler\ti-cgt-arm_16.9.3.LTS\lib\</path>
         <kind>archive</kind>
         <file>rtsv7M4_T_le_v4SPD16_eabi.lib</file>
         <name>l_div0.obj</name>
      </input_file>
      <input_file id="fl-105">
         <path>C:\ti\ccsv7\tools\compiler\ti-cgt-arm_16.9.3.LTS\lib\</path>
         <kind>archive</kind>
         <file>rtsv7M4_T_le_v4SPD16_eabi.lib</file>
         <name>ltoa.obj</name>
      </input_file>
      <input_file id="fl-106">
         <path>C:\ti\ccsv7\tools\compiler\ti-cgt-arm_16.9.3.LTS\lib\</path>
         <kind>archive</kind>
         <file>rtsv7M4_T_le_v4SPD16_eabi.lib</file>
         <name>memccpy.obj</name>
      </input_file>
      <input_file id="fl-107">
         <path>C:\ti\ccsv7\tools\compiler\ti-cgt-arm_16.9.3.LTS\lib\</path>
         <kind>archive</kind>
         <file>rtsv7M4_T_le_v4SPD16_eabi.lib</file>
         <name>s_frexp.obj</name>
      </input_file>
      <input_file id="fl-108">
         <path>C:\ti\ccsv7\tools\compiler\ti-cgt-arm_16.9.3.LTS\lib\</path>
         <kind>archive</kind>
         <file>rtsv7M4_T_le_v4SPD16_eabi.lib</file>
         <name>s_scalbn.obj</name>
      </input_file>
      <input_file id="fl-109">
         <path>C:\ti\ccsv7\tools\compiler\ti-cgt-arm_16.9.3.LTS\lib\</path>
         <kind>archive</kind>
         <file>rtsv7M4_T_le_v4SPD16_eabi.lib</file>
         <name>startup.obj</name>
      </input_file>
      <input_file id="fl-10a">
         <path>C:\ti\ccsv7\tools\compiler\ti-cgt-arm_16.9.3.LTS\lib\</path>
         <kind>archive</kind>
         <file>rtsv7M4_T_le_v4SPD16_eabi.lib</file>
         <name>strchr.obj</name>
      </input_file>
      <input_file id="fl-10b">
         <path>C:\ti\ccsv7\tools\compiler\ti-cgt-arm_16.9.3.LTS\lib\</path>
         <kind>archive</kind>
         <file>rtsv7M4_T_le_v4SPD16_eabi.lib</file>
         <name>strlen.obj</name>
      </input_file>
      <input_file id="fl-10c">
         <path>C:\ti\ccsv7\tools\compiler\ti-cgt-arm_16.9.3.LTS\lib\</path>
         <kind>archive</kind>
         <file>rtsv7M4_T_le_v4SPD16_eabi.lib</file>
         <name>ull_div_t2.obj</name>
      </input_file>
      <input_file id="fl-10d">
         <path>C:\ti\ccsv7\tools\compiler\ti-cgt-arm_16.9.3.LTS\lib\</path>
         <kind>archive</kind>
         <file>rtsv7M4_T_le_v4SPD16_eabi.lib</file>
         <name>errno.obj</name>
      </input_file>
      <input_file id="fl-10e">
         <path>C:\ti\ccsv7\tools\compiler\ti-cgt-arm_16.9.3.LTS\lib\</path>
         <kind>archive</kind>
         <file>rtsv7M4_T_le_v4SPD16_eabi.lib</file>
         <name>s_copysign.obj</name>
      </input_file>
   </input_file_list>
   <object_component_list>
      <object_component id="oc-2c">
         <name>.intvecs:retain</name>
         <load_address>0x0</load_address>
         <run_address>0x0</run_address>
         <size>0xe4</size>
         <input_file_ref idref="fl-4"/>
      </object_component>
      <object_component id="oc-269">
         <name>.text</name>
         <load_address>0xe4</load_address>
         <run_address>0xe4</run_address>
         <size>0xd5d0</size>
         <input_file_ref idref="fl-e"/>
      </object_component>
      <object_component id="oc-42a">
         <name>.text</name>
         <load_address>0xd6b4</load_address>
         <run_address>0xd6b4</run_address>
         <size>0x2024</size>
         <input_file_ref idref="fl-18"/>
      </object_component>
      <object_component id="oc-289">
         <name>.text</name>
         <load_address>0xf6d8</load_address>
         <run_address>0xf6d8</run_address>
         <size>0x1818</size>
         <input_file_ref idref="fl-c"/>
      </object_component>
      <object_component id="oc-3ad">
         <name>.text</name>
         <load_address>0x10ef0</load_address>
         <run_address>0x10ef0</run_address>
         <size>0x113e</size>
         <input_file_ref idref="fl-f8"/>
      </object_component>
      <object_component id="oc-524">
         <name>.text</name>
         <load_address>0x1202e</load_address>
         <run_address>0x1202e</run_address>
         <size>0x2</size>
         <input_file_ref idref="fl-104"/>
      </object_component>
      <object_component id="oc-316">
         <name>.text</name>
         <load_address>0x12030</load_address>
         <run_address>0x12030</run_address>
         <size>0xed4</size>
         <input_file_ref idref="fl-1e"/>
      </object_component>
      <object_component id="oc-1d0">
         <name>.text</name>
         <load_address>0x12f04</load_address>
         <run_address>0x12f04</run_address>
         <size>0xc28</size>
         <input_file_ref idref="fl-f"/>
      </object_component>
      <object_component id="oc-337">
         <name>.text</name>
         <load_address>0x13b2c</load_address>
         <run_address>0x13b2c</run_address>
         <size>0xb44</size>
         <input_file_ref idref="fl-1b"/>
      </object_component>
      <object_component id="oc-32b">
         <name>.text</name>
         <load_address>0x14670</load_address>
         <run_address>0x14670</run_address>
         <size>0xab8</size>
         <input_file_ref idref="fl-20"/>
      </object_component>
      <object_component id="oc-158">
         <name>.text</name>
         <load_address>0x15128</load_address>
         <run_address>0x15128</run_address>
         <size>0x914</size>
         <input_file_ref idref="fl-2"/>
      </object_component>
      <object_component id="oc-80">
         <name>.text</name>
         <load_address>0x15a3c</load_address>
         <run_address>0x15a3c</run_address>
         <size>0x7d4</size>
         <input_file_ref idref="fl-24"/>
      </object_component>
      <object_component id="oc-1ee">
         <name>.text</name>
         <load_address>0x16210</load_address>
         <run_address>0x16210</run_address>
         <size>0x7a0</size>
         <input_file_ref idref="fl-b"/>
      </object_component>
      <object_component id="oc-242">
         <name>.text</name>
         <load_address>0x169b0</load_address>
         <run_address>0x169b0</run_address>
         <size>0x688</size>
         <input_file_ref idref="fl-16"/>
      </object_component>
      <object_component id="oc-31f">
         <name>.text</name>
         <load_address>0x17038</load_address>
         <run_address>0x17038</run_address>
         <size>0x5b4</size>
         <input_file_ref idref="fl-17"/>
      </object_component>
      <object_component id="oc-8c">
         <name>.text</name>
         <load_address>0x175ec</load_address>
         <run_address>0x175ec</run_address>
         <size>0x48c</size>
         <input_file_ref idref="fl-11"/>
      </object_component>
      <object_component id="oc-86">
         <name>.text</name>
         <load_address>0x17a78</load_address>
         <run_address>0x17a78</run_address>
         <size>0x3a8</size>
         <input_file_ref idref="fl-15"/>
      </object_component>
      <object_component id="oc-1e8">
         <name>.text</name>
         <load_address>0x17e20</load_address>
         <run_address>0x17e20</run_address>
         <size>0x354</size>
         <input_file_ref idref="fl-12"/>
      </object_component>
      <object_component id="oc-ce">
         <name>.text</name>
         <load_address>0x18174</load_address>
         <run_address>0x18174</run_address>
         <size>0x32c</size>
         <input_file_ref idref="fl-5"/>
      </object_component>
      <object_component id="oc-1e2">
         <name>.text</name>
         <load_address>0x184a0</load_address>
         <run_address>0x184a0</run_address>
         <size>0x318</size>
         <input_file_ref idref="fl-8"/>
      </object_component>
      <object_component id="oc-1dc">
         <name>.text</name>
         <load_address>0x187b8</load_address>
         <run_address>0x187b8</run_address>
         <size>0x2e0</size>
         <input_file_ref idref="fl-d"/>
      </object_component>
      <object_component id="oc-1ca">
         <name>.text</name>
         <load_address>0x18a98</load_address>
         <run_address>0x18a98</run_address>
         <size>0x234</size>
         <input_file_ref idref="fl-14"/>
      </object_component>
      <object_component id="oc-39d">
         <name>.text</name>
         <load_address>0x18ccc</load_address>
         <run_address>0x18ccc</run_address>
         <size>0x21e</size>
         <input_file_ref idref="fl-ef"/>
      </object_component>
      <object_component id="oc-53">
         <name>.text</name>
         <load_address>0x18eea</load_address>
         <run_address>0x18eea</run_address>
         <size>0x2</size>
         <input_file_ref idref="fl-f3"/>
      </object_component>
      <object_component id="oc-472">
         <name>.text</name>
         <load_address>0x18eec</load_address>
         <run_address>0x18eec</run_address>
         <size>0x210</size>
         <input_file_ref idref="fl-21"/>
      </object_component>
      <object_component id="oc-52d">
         <name>.text</name>
         <load_address>0x190fc</load_address>
         <run_address>0x190fc</run_address>
         <size>0x1f4</size>
         <input_file_ref idref="fl-10c"/>
      </object_component>
      <object_component id="oc-55c">
         <name>.text</name>
         <load_address>0x192f0</load_address>
         <run_address>0x192f0</run_address>
         <size>0x1b6</size>
         <input_file_ref idref="fl-fe"/>
      </object_component>
      <object_component id="oc-b3">
         <name>.text</name>
         <load_address>0x194a6</load_address>
         <run_address>0x194a6</run_address>
         <size>0x2</size>
         <input_file_ref idref="fl-109"/>
      </object_component>
      <object_component id="oc-1d6">
         <name>.text</name>
         <load_address>0x194a8</load_address>
         <run_address>0x194a8</run_address>
         <size>0x17c</size>
         <input_file_ref idref="fl-a"/>
      </object_component>
      <object_component id="oc-542">
         <name>.text</name>
         <load_address>0x19624</load_address>
         <run_address>0x19624</run_address>
         <size>0x136</size>
         <input_file_ref idref="fl-100"/>
      </object_component>
      <object_component id="oc-325">
         <name>.text</name>
         <load_address>0x1975c</load_address>
         <run_address>0x1975c</run_address>
         <size>0x130</size>
         <input_file_ref idref="fl-1d"/>
      </object_component>
      <object_component id="oc-331">
         <name>.text</name>
         <load_address>0x1988c</load_address>
         <run_address>0x1988c</run_address>
         <size>0x110</size>
         <input_file_ref idref="fl-1c"/>
      </object_component>
      <object_component id="oc-305">
         <name>.text:CS_getDCOFrequency</name>
         <load_address>0x1999c</load_address>
         <run_address>0x1999c</run_address>
         <size>0x104</size>
         <input_file_ref idref="fl-2d"/>
      </object_component>
      <object_component id="oc-1c4">
         <name>.text</name>
         <load_address>0x19aa0</load_address>
         <run_address>0x19aa0</run_address>
         <size>0xfe</size>
         <input_file_ref idref="fl-13"/>
      </object_component>
      <object_component id="oc-53d">
         <name>.text</name>
         <load_address>0x19b9e</load_address>
         <run_address>0x19b9e</run_address>
         <size>0xfc</size>
         <input_file_ref idref="fl-101"/>
      </object_component>
      <object_component id="oc-567">
         <name>.text</name>
         <load_address>0x19c9c</load_address>
         <run_address>0x19c9c</run_address>
         <size>0xfc</size>
         <input_file_ref idref="fl-108"/>
      </object_component>
      <object_component id="oc-595">
         <name>.text:__PCM_setPowerModeAdvanced</name>
         <load_address>0x19d98</load_address>
         <run_address>0x19d98</run_address>
         <size>0xdc</size>
         <input_file_ref idref="fl-30"/>
      </object_component>
      <object_component id="oc-ec">
         <name>.text</name>
         <load_address>0x19e74</load_address>
         <run_address>0x19e74</run_address>
         <size>0xb4</size>
         <input_file_ref idref="fl-9"/>
      </object_component>
      <object_component id="oc-2e4">
         <name>.text:__PCM_setCoreVoltageLevelAdvanced</name>
         <load_address>0x19f28</load_address>
         <run_address>0x19f28</run_address>
         <size>0xb0</size>
         <input_file_ref idref="fl-30"/>
      </object_component>
      <object_component id="oc-152">
         <name>.text</name>
         <load_address>0x19fd8</load_address>
         <run_address>0x19fd8</run_address>
         <size>0xac</size>
         <input_file_ref idref="fl-26"/>
      </object_component>
      <object_component id="oc-2cd">
         <name>.text:PutChar</name>
         <load_address>0x1a084</load_address>
         <run_address>0x1a084</run_address>
         <size>0xa4</size>
         <input_file_ref idref="fl-b"/>
      </object_component>
      <object_component id="oc-2eb">
         <name>.text:CS_startHFXTWithTimeout</name>
         <load_address>0x1a128</load_address>
         <run_address>0x1a128</run_address>
         <size>0x9c</size>
         <input_file_ref idref="fl-2d"/>
      </object_component>
      <object_component id="oc-219">
         <name>.text:_CSComputeCLKFrequency</name>
         <load_address>0x1a1c4</load_address>
         <run_address>0x1a1c4</run_address>
         <size>0x9c</size>
         <input_file_ref idref="fl-2d"/>
      </object_component>
      <object_component id="oc-3b">
         <name>.text</name>
         <load_address>0x1a260</load_address>
         <run_address>0x1a260</run_address>
         <size>0x9c</size>
         <input_file_ref idref="fl-f1"/>
      </object_component>
      <object_component id="oc-296">
         <name>.text</name>
         <load_address>0x1a2fc</load_address>
         <run_address>0x1a2fc</run_address>
         <size>0x94</size>
         <input_file_ref idref="fl-f5"/>
      </object_component>
      <object_component id="oc-bb">
         <name>.text</name>
         <load_address>0x1a390</load_address>
         <run_address>0x1a390</run_address>
         <size>0x8c</size>
         <input_file_ref idref="fl-3"/>
      </object_component>
      <object_component id="oc-538">
         <name>.text:__aeabi_cdcmple</name>
         <load_address>0x1a41c</load_address>
         <run_address>0x1a41c</run_address>
         <size>0x86</size>
         <input_file_ref idref="fl-ff"/>
      </object_component>
      <object_component id="oc-547">
         <name>.text:__aeabi_cdrcmple</name>
         <load_address>0x1a4a2</load_address>
         <run_address>0x1a4a2</run_address>
         <size>0x86</size>
         <input_file_ref idref="fl-ff"/>
      </object_component>
      <object_component id="oc-5a5">
         <name>.text</name>
         <load_address>0x1a528</load_address>
         <run_address>0x1a528</run_address>
         <size>0x80</size>
         <input_file_ref idref="fl-19"/>
      </object_component>
      <object_component id="oc-47">
         <name>.text</name>
         <load_address>0x1a5a8</load_address>
         <run_address>0x1a5a8</run_address>
         <size>0x7a</size>
         <input_file_ref idref="fl-f2"/>
      </object_component>
      <object_component id="oc-40e">
         <name>.text:_CSGetHFXTFrequency</name>
         <load_address>0x1a624</load_address>
         <run_address>0x1a624</run_address>
         <size>0x70</size>
         <input_file_ref idref="fl-2d"/>
      </object_component>
      <object_component id="oc-5f">
         <name>.text</name>
         <load_address>0x1a694</load_address>
         <run_address>0x1a694</run_address>
         <size>0x70</size>
         <input_file_ref idref="fl-fb"/>
      </object_component>
      <object_component id="oc-14">
         <name>.text:decompress:lzss</name>
         <load_address>0x1a704</load_address>
         <run_address>0x1a704</run_address>
         <size>0x68</size>
         <input_file_ref idref="fl-eb"/>
      </object_component>
      <object_component id="oc-561">
         <name>.text</name>
         <load_address>0x1a76c</load_address>
         <run_address>0x1a76c</run_address>
         <size>0x64</size>
         <input_file_ref idref="fl-107"/>
      </object_component>
      <object_component id="oc-7b">
         <name>.text</name>
         <load_address>0x1a7d0</load_address>
         <run_address>0x1a7d0</run_address>
         <size>0x60</size>
         <input_file_ref idref="fl-25"/>
      </object_component>
      <object_component id="oc-26">
         <name>.text</name>
         <load_address>0x1a830</load_address>
         <run_address>0x1a830</run_address>
         <size>0x54</size>
         <input_file_ref idref="fl-ea"/>
      </object_component>
      <object_component id="oc-6b">
         <name>.text</name>
         <load_address>0x1a884</load_address>
         <run_address>0x1a884</run_address>
         <size>0x54</size>
         <input_file_ref idref="fl-ee"/>
      </object_component>
      <object_component id="oc-551">
         <name>.text</name>
         <load_address>0x1a8d8</load_address>
         <run_address>0x1a8d8</run_address>
         <size>0x54</size>
         <input_file_ref idref="fl-105"/>
      </object_component>
      <object_component id="oc-422">
         <name>.text:SysCtl_getTLVInfo</name>
         <load_address>0x1a92c</load_address>
         <run_address>0x1a92c</run_address>
         <size>0x50</size>
         <input_file_ref idref="fl-32"/>
      </object_component>
      <object_component id="oc-12c">
         <name>.text:GPIO_setAsPeripheralModuleFunctionOutputPin</name>
         <load_address>0x1a97c</load_address>
         <run_address>0x1a97c</run_address>
         <size>0x4c</size>
         <input_file_ref idref="fl-2e"/>
      </object_component>
      <object_component id="oc-41c">
         <name>.text:_CSGetDOCFrequency</name>
         <load_address>0x1a9c8</load_address>
         <run_address>0x1a9c8</run_address>
         <size>0x4c</size>
         <input_file_ref idref="fl-2d"/>
      </object_component>
      <object_component id="oc-573">
         <name>.text</name>
         <load_address>0x1aa14</load_address>
         <run_address>0x1aa14</run_address>
         <size>0x4c</size>
         <input_file_ref idref="fl-fa"/>
      </object_component>
      <object_component id="oc-ad">
         <name>.text</name>
         <load_address>0x1aa60</load_address>
         <run_address>0x1aa60</run_address>
         <size>0x4c</size>
         <input_file_ref idref="fl-fc"/>
      </object_component>
      <object_component id="oc-2ff">
         <name>.text:_CSGetDividerValue</name>
         <load_address>0x1aaac</load_address>
         <run_address>0x1aaac</run_address>
         <size>0x48</size>
         <input_file_ref idref="fl-2d"/>
      </object_component>
      <object_component id="oc-54c">
         <name>.text</name>
         <load_address>0x1aaf4</load_address>
         <run_address>0x1aaf4</run_address>
         <size>0x48</size>
         <input_file_ref idref="fl-102"/>
      </object_component>
      <object_component id="oc-3e0">
         <name>.text</name>
         <load_address>0x1ab3c</load_address>
         <run_address>0x1ab3c</run_address>
         <size>0x40</size>
         <input_file_ref idref="fl-6"/>
      </object_component>
      <object_component id="oc-3d9">
         <name>.text:LCD_WriteData</name>
         <load_address>0x1ab7c</load_address>
         <run_address>0x1ab7c</run_address>
         <size>0x40</size>
         <input_file_ref idref="fl-b"/>
      </object_component>
      <object_component id="oc-2c6">
         <name>.text:LCD_Write_Data_Only</name>
         <load_address>0x1abbc</load_address>
         <run_address>0x1abbc</run_address>
         <size>0x3c</size>
         <input_file_ref idref="fl-b"/>
      </object_component>
      <object_component id="oc-e6">
         <name>.text</name>
         <load_address>0x1abf8</load_address>
         <run_address>0x1abf8</run_address>
         <size>0x3a</size>
         <input_file_ref idref="fl-7"/>
      </object_component>
      <object_component id="oc-2b8">
         <name>.text:LCD_WriteIndex</name>
         <load_address>0x1ac34</load_address>
         <run_address>0x1ac34</run_address>
         <size>0x34</size>
         <input_file_ref idref="fl-b"/>
      </object_component>
      <object_component id="oc-557">
         <name>.text</name>
         <load_address>0x1ac68</load_address>
         <run_address>0x1ac68</run_address>
         <size>0x2e</size>
         <input_file_ref idref="fl-103"/>
      </object_component>
      <object_component id="oc-3ee">
         <name>.text:PCM_getCoreVoltageLevel</name>
         <load_address>0x1ac96</load_address>
         <run_address>0x1ac96</run_address>
         <size>0x2c</size>
         <input_file_ref idref="fl-30"/>
      </object_component>
      <object_component id="oc-3e8">
         <name>.text:PCM_getPowerMode</name>
         <load_address>0x1acc2</load_address>
         <run_address>0x1acc2</run_address>
         <size>0x2a</size>
         <input_file_ref idref="fl-30"/>
      </object_component>
      <object_component id="oc-2d4">
         <name>.text:SPISendRecvByte</name>
         <load_address>0x1acec</load_address>
         <run_address>0x1acec</run_address>
         <size>0x28</size>
         <input_file_ref idref="fl-b"/>
      </object_component>
      <object_component id="oc-274">
         <name>.text</name>
         <load_address>0x1ad14</load_address>
         <run_address>0x1ad14</run_address>
         <size>0x26</size>
         <input_file_ref idref="fl-10"/>
      </object_component>
      <object_component id="oc-30b">
         <name>.text:CS_clearInterruptFlag</name>
         <load_address>0x1ad3c</load_address>
         <run_address>0x1ad3c</run_address>
         <size>0x24</size>
         <input_file_ref idref="fl-2d"/>
      </object_component>
      <object_component id="oc-2b1">
         <name>.text:LCD_SetCursor</name>
         <load_address>0x1ad60</load_address>
         <run_address>0x1ad60</run_address>
         <size>0x20</size>
         <input_file_ref idref="fl-b"/>
      </object_component>
      <object_component id="oc-2aa">
         <name>.text:LCD_WriteReg</name>
         <load_address>0x1ad80</load_address>
         <run_address>0x1ad80</run_address>
         <size>0x1c</size>
         <input_file_ref idref="fl-b"/>
      </object_component>
      <object_component id="oc-579">
         <name>.text</name>
         <load_address>0x1ad9c</load_address>
         <run_address>0x1ad9c</run_address>
         <size>0x1c</size>
         <input_file_ref idref="fl-106"/>
      </object_component>
      <object_component id="oc-201">
         <name>.text:CS_getMCLK</name>
         <load_address>0x1adb8</load_address>
         <run_address>0x1adb8</run_address>
         <size>0x18</size>
         <input_file_ref idref="fl-2d"/>
      </object_component>
      <object_component id="oc-126">
         <name>.text:CS_getSMCLK</name>
         <load_address>0x1add0</load_address>
         <run_address>0x1add0</run_address>
         <size>0x18</size>
         <input_file_ref idref="fl-2d"/>
      </object_component>
      <object_component id="oc-1b8">
         <name>.text:WDT_A_clearTimer</name>
         <load_address>0x1ade8</load_address>
         <run_address>0x1ade8</run_address>
         <size>0x18</size>
         <input_file_ref idref="fl-33"/>
      </object_component>
      <object_component id="oc-1be">
         <name>.text:WDT_A_holdTimer</name>
         <load_address>0x1ae00</load_address>
         <run_address>0x1ae00</run_address>
         <size>0x18</size>
         <input_file_ref idref="fl-33"/>
      </object_component>
      <object_component id="oc-65">
         <name>.text</name>
         <load_address>0x1ae18</load_address>
         <run_address>0x1ae18</run_address>
         <size>0x18</size>
         <input_file_ref idref="fl-f9"/>
      </object_component>
      <object_component id="oc-398">
         <name>.text</name>
         <load_address>0x1ae30</load_address>
         <run_address>0x1ae30</run_address>
         <size>0x18</size>
         <input_file_ref idref="fl-f0"/>
      </object_component>
      <object_component id="oc-56d">
         <name>.text</name>
         <load_address>0x1ae48</load_address>
         <run_address>0x1ae48</run_address>
         <size>0x16</size>
         <input_file_ref idref="fl-10a"/>
      </object_component>
      <object_component id="oc-114">
         <name>.text:CS_setExternalClockSourceFrequency</name>
         <load_address>0x1ae60</load_address>
         <run_address>0x1ae60</run_address>
         <size>0x14</size>
         <input_file_ref idref="fl-2d"/>
      </object_component>
      <object_component id="oc-170">
         <name>.text</name>
         <load_address>0x1ae74</load_address>
         <run_address>0x1ae74</run_address>
         <size>0x14</size>
         <input_file_ref idref="fl-f7"/>
      </object_component>
      <object_component id="oc-64f">
         <name>.text</name>
         <load_address>0x1ae88</load_address>
         <run_address>0x1ae88</run_address>
         <size>0x14</size>
         <input_file_ref idref="fl-10e"/>
      </object_component>
      <object_component id="oc-532">
         <name>.text</name>
         <load_address>0x1ae9c</load_address>
         <run_address>0x1ae9c</run_address>
         <size>0x14</size>
         <input_file_ref idref="fl-10b"/>
      </object_component>
      <object_component id="oc-408">
         <name>.text:SysCtl_disableNMISource</name>
         <load_address>0x1aeb0</load_address>
         <run_address>0x1aeb0</run_address>
         <size>0x10</size>
         <input_file_ref idref="fl-32"/>
      </object_component>
      <object_component id="oc-414">
         <name>.text:SysCtl_enableNMISource</name>
         <load_address>0x1aec0</load_address>
         <run_address>0x1aec0</run_address>
         <size>0x10</size>
         <input_file_ref idref="fl-32"/>
      </object_component>
      <object_component id="oc-e1">
         <name>.text</name>
         <load_address>0x1aed0</load_address>
         <run_address>0x1aed0</run_address>
         <size>0xe</size>
         <input_file_ref idref="fl-22"/>
      </object_component>
      <object_component id="oc-1a">
         <name>.text:decompress:none</name>
         <load_address>0x1aede</load_address>
         <run_address>0x1aede</run_address>
         <size>0xe</size>
         <input_file_ref idref="fl-ec"/>
      </object_component>
      <object_component id="oc-75">
         <name>.text</name>
         <load_address>0x1aeec</load_address>
         <run_address>0x1aeec</run_address>
         <size>0xe</size>
         <input_file_ref idref="fl-4"/>
      </object_component>
      <object_component id="oc-3f4">
         <name>.text:PCM_getPowerState</name>
         <load_address>0x1aefc</load_address>
         <run_address>0x1aefc</run_address>
         <size>0xc</size>
         <input_file_ref idref="fl-30"/>
      </object_component>
      <object_component id="oc-402">
         <name>.text:SysCtl_getNMISourceStatus</name>
         <load_address>0x1af08</load_address>
         <run_address>0x1af08</run_address>
         <size>0xc</size>
         <input_file_ref idref="fl-32"/>
      </object_component>
      <object_component id="oc-20">
         <name>.text:decompress:ZI</name>
         <load_address>0x1af14</load_address>
         <run_address>0x1af14</run_address>
         <size>0xc</size>
         <input_file_ref idref="fl-ed"/>
      </object_component>
      <object_component id="oc-2bf">
         <name>.text:LCD_Write_Data_Start</name>
         <load_address>0x1af20</load_address>
         <run_address>0x1af20</run_address>
         <size>0xa</size>
         <input_file_ref idref="fl-b"/>
      </object_component>
      <object_component id="oc-1f5">
         <name>.text:PCM_setCoreVoltageLevel</name>
         <load_address>0x1af2a</load_address>
         <run_address>0x1af2a</run_address>
         <size>0x8</size>
         <input_file_ref idref="fl-30"/>
      </object_component>
      <object_component id="oc-3fa">
         <name>.text:PCM_setPowerMode</name>
         <load_address>0x1af32</load_address>
         <run_address>0x1af32</run_address>
         <size>0x8</size>
         <input_file_ref idref="fl-30"/>
      </object_component>
      <object_component id="oc-1fb">
         <name>.text:CS_startHFXT</name>
         <load_address>0x1af3a</load_address>
         <run_address>0x1af3a</run_address>
         <size>0x6</size>
         <input_file_ref idref="fl-2d"/>
      </object_component>
      <object_component id="oc-391">
         <name>.text:SysCtlDelay</name>
         <load_address>0x1af40</load_address>
         <run_address>0x1af40</run_address>
         <size>0x6</size>
         <input_file_ref idref="fl-10"/>
      </object_component>
      <object_component id="oc-59">
         <name>.text</name>
         <load_address>0x1af46</load_address>
         <run_address>0x1af46</run_address>
         <size>0x4</size>
         <input_file_ref idref="fl-f4"/>
      </object_component>
      <object_component id="oc-58d">
         <name>.const:AsciiLib</name>
         <load_address>0x1af4c</load_address>
         <run_address>0x1af4c</run_address>
         <size>0x5f0</size>
         <input_file_ref idref="fl-6"/>
      </object_component>
      <object_component id="oc-65c">
         <name>.const:.string:_ctypes_</name>
         <load_address>0x1b53c</load_address>
         <run_address>0x1b53c</run_address>
         <size>0x101</size>
         <input_file_ref idref="fl-fd"/>
      </object_component>
      <object_component id="oc-382">
         <name>.const:.string:INVALID_OFFSET</name>
         <load_address>0x1b63d</load_address>
         <run_address>0x1b63d</run_address>
         <size>0x3</size>
         <input_file_ref idref="fl-e"/>
      </object_component>
      <object_component id="oc-497">
         <name>.const:$P$T0$1</name>
         <load_address>0x1b640</load_address>
         <run_address>0x1b640</run_address>
         <size>0xb0</size>
         <input_file_ref idref="fl-20"/>
      </object_component>
      <object_component id="oc-5b7">
         <name>.const:_SlActionLookupTable</name>
         <load_address>0x1b6f0</load_address>
         <run_address>0x1b6f0</run_address>
         <size>0x38</size>
         <input_file_ref idref="fl-18"/>
      </object_component>
      <object_component id="oc-33d">
         <name>.const:$P$T0$1</name>
         <load_address>0x1b728</load_address>
         <run_address>0x1b728</run_address>
         <size>0x2c</size>
         <input_file_ref idref="fl-16"/>
      </object_component>
      <object_component id="oc-29c">
         <name>.const:backChannelUart115200Config</name>
         <load_address>0x1b754</load_address>
         <run_address>0x1b754</run_address>
         <size>0x24</size>
         <input_file_ref idref="fl-8"/>
      </object_component>
      <object_component id="oc-340">
         <name>.const:$P$T1$2</name>
         <load_address>0x1b778</load_address>
         <run_address>0x1b778</run_address>
         <size>0x14</size>
         <input_file_ref idref="fl-16"/>
      </object_component>
      <object_component id="oc-343">
         <name>.const:$P$T2$3</name>
         <load_address>0x1b78c</load_address>
         <run_address>0x1b78c</run_address>
         <size>0xc</size>
         <input_file_ref idref="fl-16"/>
      </object_component>
      <object_component id="oc-385">
         <name>.const:yas532_version_ac_coef</name>
         <load_address>0x1b798</load_address>
         <run_address>0x1b798</run_address>
         <size>0xc</size>
         <input_file_ref idref="fl-e"/>
      </object_component>
      <object_component id="oc-5b1">
         <name>.const:g_H2NCnysPattern</name>
         <load_address>0x1b7a4</load_address>
         <run_address>0x1b7a4</run_address>
         <size>0x8</size>
         <input_file_ref idref="fl-18"/>
      </object_component>
      <object_component id="oc-5ae">
         <name>.const:g_H2NSyncPattern</name>
         <load_address>0x1b7ac</load_address>
         <run_address>0x1b7ac</run_address>
         <size>0x8</size>
         <input_file_ref idref="fl-18"/>
      </object_component>
      <object_component id="oc-389">
         <name>.const:v_calib_data$2</name>
         <load_address>0x1b7b4</load_address>
         <run_address>0x1b7b4</run_address>
         <size>0x8</size>
         <input_file_ref idref="fl-e"/>
      </object_component>
      <object_component id="oc-292">
         <name>.const:.string:$P$T0$1</name>
         <load_address>0x1b7bc</load_address>
         <run_address>0x1b7bc</run_address>
         <size>0x5</size>
         <input_file_ref idref="fl-d"/>
      </object_component>
      <object_component id="oc-388">
         <name>.const:.string:v_correct_u8$1</name>
         <load_address>0x1b7c1</load_address>
         <run_address>0x1b7c1</run_address>
         <size>0x5</size>
         <input_file_ref idref="fl-e"/>
      </object_component>
      <object_component id="oc-5b4">
         <name>.const:$P$T0$1</name>
         <load_address>0x1b7c6</load_address>
         <run_address>0x1b7c6</run_address>
         <size>0x4</size>
         <input_file_ref idref="fl-18"/>
      </object_component>
      <object_component id="oc-4ed">
         <name>.const:$P$T0$1</name>
         <load_address>0x1b7ca</load_address>
         <run_address>0x1b7ca</run_address>
         <size>0x4</size>
         <input_file_ref idref="fl-1b"/>
      </object_component>
      <object_component id="oc-436">
         <name>.const:$P$T0$1</name>
         <load_address>0x1b7ce</load_address>
         <run_address>0x1b7ce</run_address>
         <size>0x4</size>
         <input_file_ref idref="fl-1e"/>
      </object_component>
      <object_component id="oc-439">
         <name>.const:$P$T1$2</name>
         <load_address>0x1b7d2</load_address>
         <run_address>0x1b7d2</run_address>
         <size>0x4</size>
         <input_file_ref idref="fl-1e"/>
      </object_component>
      <object_component id="oc-49a">
         <name>.const:$P$T1$2</name>
         <load_address>0x1b7d6</load_address>
         <run_address>0x1b7d6</run_address>
         <size>0x4</size>
         <input_file_ref idref="fl-20"/>
      </object_component>
      <object_component id="oc-43f">
         <name>.const:$P$T2$3</name>
         <load_address>0x1b7da</load_address>
         <run_address>0x1b7da</run_address>
         <size>0x4</size>
         <input_file_ref idref="fl-1e"/>
      </object_component>
      <object_component id="oc-4a3">
         <name>.const:$P$T2$3</name>
         <load_address>0x1b7de</load_address>
         <run_address>0x1b7de</run_address>
         <size>0x4</size>
         <input_file_ref idref="fl-20"/>
      </object_component>
      <object_component id="oc-4b8">
         <name>.const:$P$T3$4</name>
         <load_address>0x1b7e2</load_address>
         <run_address>0x1b7e2</run_address>
         <size>0x4</size>
         <input_file_ref idref="fl-20"/>
      </object_component>
      <object_component id="oc-44b">
         <name>.const:_SlAcceptCmdCtrl</name>
         <load_address>0x1b7e6</load_address>
         <run_address>0x1b7e6</run_address>
         <size>0x4</size>
         <input_file_ref idref="fl-1e"/>
      </object_component>
      <object_component id="oc-481">
         <name>.const:_SlDeviceGetCmdCtrl</name>
         <load_address>0x1b7ea</load_address>
         <run_address>0x1b7ea</run_address>
         <size>0x4</size>
         <input_file_ref idref="fl-17"/>
      </object_component>
      <object_component id="oc-484">
         <name>.const:_SlDeviceSetCmdCtrl</name>
         <load_address>0x1b7ee</load_address>
         <run_address>0x1b7ee</run_address>
         <size>0x4</size>
         <input_file_ref idref="fl-17"/>
      </object_component>
      <object_component id="oc-47e">
         <name>.const:_SlEventMaskGetCmdCtrl</name>
         <load_address>0x1b7f2</load_address>
         <run_address>0x1b7f2</run_address>
         <size>0x4</size>
         <input_file_ref idref="fl-17"/>
      </object_component>
      <object_component id="oc-47b">
         <name>.const:_SlEventMaskSetCmdCtrl</name>
         <load_address>0x1b7f6</load_address>
         <run_address>0x1b7f6</run_address>
         <size>0x4</size>
         <input_file_ref idref="fl-17"/>
      </object_component>
      <object_component id="oc-4ea">
         <name>.const:_SlGetHostByNameCtrl</name>
         <load_address>0x1b7fa</load_address>
         <run_address>0x1b7fa</run_address>
         <size>0x4</size>
         <input_file_ref idref="fl-1b"/>
      </object_component>
      <object_component id="oc-4e7">
         <name>.const:_SlGetHostByServiceCtrl</name>
         <load_address>0x1b7fe</load_address>
         <run_address>0x1b7fe</run_address>
         <size>0x4</size>
         <input_file_ref idref="fl-1b"/>
      </object_component>
      <object_component id="oc-4e1">
         <name>.const:_SlGetServiceListeCtrl</name>
         <load_address>0x1b802</load_address>
         <run_address>0x1b802</run_address>
         <size>0x4</size>
         <input_file_ref idref="fl-1b"/>
      </object_component>
      <object_component id="oc-454">
         <name>.const:_SlGetSockOptCmdCtrl</name>
         <load_address>0x1b806</load_address>
         <run_address>0x1b806</run_address>
         <size>0x4</size>
         <input_file_ref idref="fl-1e"/>
      </object_component>
      <object_component id="oc-448">
         <name>.const:_SlListenCmdCtrl</name>
         <load_address>0x1b80a</load_address>
         <run_address>0x1b80a</run_address>
         <size>0x4</size>
         <input_file_ref idref="fl-1e"/>
      </object_component>
      <object_component id="oc-4f6">
         <name>.const:_SlNetAppGetCmdCtrl</name>
         <load_address>0x1b80e</load_address>
         <run_address>0x1b80e</run_address>
         <size>0x4</size>
         <input_file_ref idref="fl-1b"/>
      </object_component>
      <object_component id="oc-4f3">
         <name>.const:_SlNetAppSendTokenValueCmdCtrl</name>
         <load_address>0x1b812</load_address>
         <run_address>0x1b812</run_address>
         <size>0x4</size>
         <input_file_ref idref="fl-1b"/>
      </object_component>
      <object_component id="oc-4f0">
         <name>.const:_SlNetAppSetCmdCtrl</name>
         <load_address>0x1b816</load_address>
         <run_address>0x1b816</run_address>
         <size>0x4</size>
         <input_file_ref idref="fl-1b"/>
      </object_component>
      <object_component id="oc-4db">
         <name>.const:_SlNetAppStartCtrl</name>
         <load_address>0x1b81a</load_address>
         <run_address>0x1b81a</run_address>
         <size>0x4</size>
         <input_file_ref idref="fl-1b"/>
      </object_component>
      <object_component id="oc-4de">
         <name>.const:_SlNetAppStopCtrl</name>
         <load_address>0x1b81e</load_address>
         <run_address>0x1b81e</run_address>
         <size>0x4</size>
         <input_file_ref idref="fl-1b"/>
      </object_component>
      <object_component id="oc-4d1">
         <name>.const:_SlNetCfgGetCmdCtrl</name>
         <load_address>0x1b822</load_address>
         <run_address>0x1b822</run_address>
         <size>0x4</size>
         <input_file_ref idref="fl-1c"/>
      </object_component>
      <object_component id="oc-4ce">
         <name>.const:_SlNetCfgSetCmdCtrl</name>
         <load_address>0x1b826</load_address>
         <run_address>0x1b826</run_address>
         <size>0x4</size>
         <input_file_ref idref="fl-1c"/>
      </object_component>
      <object_component id="oc-4a0">
         <name>.const:_SlPolicyGetCmdCtrl</name>
         <load_address>0x1b82a</load_address>
         <run_address>0x1b82a</run_address>
         <size>0x4</size>
         <input_file_ref idref="fl-20"/>
      </object_component>
      <object_component id="oc-49d">
         <name>.const:_SlPolicySetCmdCtrl</name>
         <load_address>0x1b82e</load_address>
         <run_address>0x1b82e</run_address>
         <size>0x4</size>
         <input_file_ref idref="fl-20"/>
      </object_component>
      <object_component id="oc-4a9">
         <name>.const:_SlProfileDelCmdCtrl</name>
         <load_address>0x1b832</load_address>
         <run_address>0x1b832</run_address>
         <size>0x4</size>
         <input_file_ref idref="fl-20"/>
      </object_component>
      <object_component id="oc-4a6">
         <name>.const:_SlProfileGetCmdCtrl</name>
         <load_address>0x1b836</load_address>
         <run_address>0x1b836</run_address>
         <size>0x4</size>
         <input_file_ref idref="fl-20"/>
      </object_component>
      <object_component id="oc-44e">
         <name>.const:_SlRecvCmdCtrl</name>
         <load_address>0x1b83a</load_address>
         <run_address>0x1b83a</run_address>
         <size>0x4</size>
         <input_file_ref idref="fl-1e"/>
      </object_component>
      <object_component id="oc-43c">
         <name>.const:_SlRecvfomCmdCtrl</name>
         <load_address>0x1b83e</load_address>
         <run_address>0x1b83e</run_address>
         <size>0x4</size>
         <input_file_ref idref="fl-1e"/>
      </object_component>
      <object_component id="oc-4e4">
         <name>.const:_SlRegisterServiceCtrl</name>
         <load_address>0x1b842</load_address>
         <run_address>0x1b842</run_address>
         <size>0x4</size>
         <input_file_ref idref="fl-1b"/>
      </object_component>
      <object_component id="oc-4af">
         <name>.const:_SlRxFilterAddtCmdCtrl</name>
         <load_address>0x1b846</load_address>
         <run_address>0x1b846</run_address>
         <size>0x4</size>
         <input_file_ref idref="fl-20"/>
      </object_component>
      <object_component id="oc-4b5">
         <name>.const:_SlRxFilterGetCmdCtrl</name>
         <load_address>0x1b84a</load_address>
         <run_address>0x1b84a</run_address>
         <size>0x4</size>
         <input_file_ref idref="fl-20"/>
      </object_component>
      <object_component id="oc-4b2">
         <name>.const:_SlRxFilterSetCmdCtrl</name>
         <load_address>0x1b84e</load_address>
         <run_address>0x1b84e</run_address>
         <size>0x4</size>
         <input_file_ref idref="fl-20"/>
      </object_component>
      <object_component id="oc-457">
         <name>.const:_SlSelectCmdCtrl</name>
         <load_address>0x1b852</load_address>
         <run_address>0x1b852</run_address>
         <size>0x4</size>
         <input_file_ref idref="fl-1e"/>
      </object_component>
      <object_component id="oc-445">
         <name>.const:_SlSendCmdCtrl</name>
         <load_address>0x1b856</load_address>
         <run_address>0x1b856</run_address>
         <size>0x4</size>
         <input_file_ref idref="fl-1e"/>
      </object_component>
      <object_component id="oc-451">
         <name>.const:_SlSetSockOptCmdCtrl</name>
         <load_address>0x1b85a</load_address>
         <run_address>0x1b85a</run_address>
         <size>0x4</size>
         <input_file_ref idref="fl-1e"/>
      </object_component>
      <object_component id="oc-4bb">
         <name>.const:_SlSmartConfigStartCmdCtrl</name>
         <load_address>0x1b85e</load_address>
         <run_address>0x1b85e</run_address>
         <size>0x4</size>
         <input_file_ref idref="fl-20"/>
      </object_component>
      <object_component id="oc-433">
         <name>.const:_SlSockCloseCmdCtrl</name>
         <load_address>0x1b862</load_address>
         <run_address>0x1b862</run_address>
         <size>0x4</size>
         <input_file_ref idref="fl-1e"/>
      </object_component>
      <object_component id="oc-430">
         <name>.const:_SlSockSocketCmdCtrl</name>
         <load_address>0x1b866</load_address>
         <run_address>0x1b866</run_address>
         <size>0x4</size>
         <input_file_ref idref="fl-1e"/>
      </object_component>
      <object_component id="oc-478">
         <name>.const:_SlStopCmdCtrl</name>
         <load_address>0x1b86a</load_address>
         <run_address>0x1b86a</run_address>
         <size>0x4</size>
         <input_file_ref idref="fl-17"/>
      </object_component>
      <object_component id="oc-4c4">
         <name>.const:_SlWlanCfgGetCmdCtrl</name>
         <load_address>0x1b86e</load_address>
         <run_address>0x1b86e</run_address>
         <size>0x4</size>
         <input_file_ref idref="fl-20"/>
      </object_component>
      <object_component id="oc-4c1">
         <name>.const:_SlWlanCfgSetCmdCtrl</name>
         <load_address>0x1b872</load_address>
         <run_address>0x1b872</run_address>
         <size>0x4</size>
         <input_file_ref idref="fl-20"/>
      </object_component>
      <object_component id="oc-4ac">
         <name>.const:_SlWlanGetNetworkListCtrl</name>
         <load_address>0x1b876</load_address>
         <run_address>0x1b876</run_address>
         <size>0x4</size>
         <input_file_ref idref="fl-20"/>
      </object_component>
      <object_component id="oc-4be">
         <name>.const:_SlWlanSetModeCmdCtrl</name>
         <load_address>0x1b87a</load_address>
         <run_address>0x1b87a</run_address>
         <size>0x4</size>
         <input_file_ref idref="fl-20"/>
      </object_component>
      <object_component id="oc-6bb">
         <name>.cinit..data.load</name>
         <load_address>0x1b880</load_address>
         <run_address>0x1b880</run_address>
         <size>0x176</size>
      </object_component>
      <object_component id="oc-6b9">
         <name>__TI_handler_table</name>
         <load_address>0x1b9f8</load_address>
         <run_address>0x1b9f8</run_address>
         <size>0xc</size>
      </object_component>
      <object_component id="oc-6bc">
         <name>.cinit..bss.load</name>
         <load_address>0x1ba08</load_address>
         <run_address>0x1ba08</run_address>
         <size>0x8</size>
      </object_component>
      <object_component id="oc-6ba">
         <name>__TI_cinit_table</name>
         <load_address>0x1ba10</load_address>
         <run_address>0x1ba10</run_address>
         <size>0x10</size>
      </object_component>
      <object_component id="oc-696">
         <name>.binit</name>
         <load_address>0x0</load_address>
         <run_address>0x0</run_address>
         <size>0x0</size>
      </object_component>
      <object_component id="oc-24a">
         <name>.data</name>
         <load_address>0x2000e1cc</load_address>
         <run_address>0x2000e1cc</run_address>
         <size>0xa</size>
         <input_file_ref idref="fl-2"/>
      </object_component>
      <object_component id="oc-251">
         <name>.data:tablehost</name>
         <load_address>0x2000df68</load_address>
         <run_address>0x2000df68</run_address>
         <size>0x200</size>
         <input_file_ref idref="fl-2"/>
      </object_component>
      <object_component id="oc-17c">
         <name>.data</name>
         <load_address>0x2000e200</load_address>
         <run_address>0x2000e200</run_address>
         <size>0x4</size>
         <input_file_ref idref="fl-5"/>
      </object_component>
      <object_component id="oc-376">
         <name>.data</name>
         <load_address>0x2000e1ec</load_address>
         <run_address>0x2000e1ec</run_address>
         <size>0x8</size>
         <input_file_ref idref="fl-e"/>
      </object_component>
      <object_component id="oc-36e">
         <name>.data:v_fifo_data_u8</name>
         <load_address>0x2000db68</load_address>
         <run_address>0x2000db68</run_address>
         <size>0x400</size>
         <input_file_ref idref="fl-e"/>
      </object_component>
      <object_component id="oc-13a">
         <name>.data</name>
         <load_address>0x2000e1d6</load_address>
         <run_address>0x2000e1d6</run_address>
         <size>0x1</size>
         <input_file_ref idref="fl-11"/>
      </object_component>
      <object_component id="oc-132">
         <name>.data:i2cConfig</name>
         <load_address>0x2000e1ac</load_address>
         <run_address>0x2000e1ac</run_address>
         <size>0x14</size>
         <input_file_ref idref="fl-11"/>
      </object_component>
      <object_component id="oc-11a">
         <name>.data</name>
         <load_address>0x2000e1f4</load_address>
         <run_address>0x2000e1f4</run_address>
         <size>0x4</size>
         <input_file_ref idref="fl-15"/>
      </object_component>
      <object_component id="oc-31c">
         <name>.data</name>
         <load_address>0x2000e198</load_address>
         <run_address>0x2000e198</run_address>
         <size>0x14</size>
         <input_file_ref idref="fl-16"/>
      </object_component>
      <object_component id="oc-442">
         <name>.data</name>
         <load_address>0x2000e1d8</load_address>
         <run_address>0x2000e1d8</run_address>
         <size>0x9</size>
         <input_file_ref idref="fl-18"/>
      </object_component>
      <object_component id="oc-220">
         <name>.data:GPIO_PORT_TO_BASE</name>
         <load_address>0x2000e168</load_address>
         <run_address>0x2000e168</run_address>
         <size>0x30</size>
         <input_file_ref idref="fl-2e"/>
      </object_component>
      <object_component id="oc-c3">
         <name>.data:$O1$$</name>
         <load_address>0x2000e1c0</load_address>
         <run_address>0x2000e1c0</run_address>
         <size>0xc</size>
         <input_file_ref idref="fl-ee"/>
      </object_component>
      <object_component id="oc-71">
         <name>.data</name>
         <load_address>0x2000e1fc</load_address>
         <run_address>0x2000e1fc</run_address>
         <size>0x4</size>
         <input_file_ref idref="fl-f6"/>
      </object_component>
      <object_component id="oc-c6">
         <name>.data:$O1$$</name>
         <load_address>0x2000e1e4</load_address>
         <run_address>0x2000e1e4</run_address>
         <size>0x8</size>
         <input_file_ref idref="fl-f7"/>
      </object_component>
      <object_component id="oc-655">
         <name>.data</name>
         <load_address>0x2000e1f8</load_address>
         <run_address>0x2000e1f8</run_address>
         <size>0x4</size>
         <input_file_ref idref="fl-10d"/>
      </object_component>
      <object_component id="oc-29f">
         <name>.bss:backChannelStringBuff</name>
         <uninitialized>true</uninitialized>
         <run_address>0x2000d858</run_address>
         <size>0x100</size>
         <input_file_ref idref="fl-8"/>
      </object_component>
      <object_component id="oc-395">
         <name>.bss</name>
         <uninitialized>true</uninitialized>
         <run_address>0x2000db0c</run_address>
         <size>0x4</size>
         <input_file_ref idref="fl-c"/>
      </object_component>
      <object_component id="oc-36b">
         <name>.bss</name>
         <uninitialized>true</uninitialized>
         <run_address>0x2000db10</run_address>
         <size>0x4</size>
         <input_file_ref idref="fl-e"/>
      </object_component>
      <object_component id="oc-379">
         <name>.bss:mag_trim</name>
         <uninitialized>true</uninitialized>
         <run_address>0x2000dad0</run_address>
         <size>0x10</size>
         <input_file_ref idref="fl-e"/>
      </object_component>
      <object_component id="oc-37c">
         <name>.bss:akm_asa_data</name>
         <uninitialized>true</uninitialized>
         <run_address>0x2000db5c</run_address>
         <size>0x3</size>
         <input_file_ref idref="fl-e"/>
      </object_component>
      <object_component id="oc-37f">
         <name>.bss:yas532_data</name>
         <uninitialized>true</uninitialized>
         <run_address>0x2000d9e8</run_address>
         <size>0x70</size>
         <input_file_ref idref="fl-e"/>
      </object_component>
      <object_component id="oc-264">
         <name>.bss:buf</name>
         <uninitialized>true</uninitialized>
         <run_address>0x2000db14</run_address>
         <size>0x4</size>
         <input_file_ref idref="fl-14"/>
      </object_component>
      <object_component id="oc-261">
         <name>.bss</name>
         <uninitialized>true</uninitialized>
         <run_address>0x2000db0a</run_address>
         <size>0x2</size>
         <input_file_ref idref="fl-14"/>
      </object_component>
      <object_component id="oc-346">
         <name>.bss</name>
         <uninitialized>true</uninitialized>
         <run_address>0x2000db18</run_address>
         <size>0x4</size>
         <input_file_ref idref="fl-16"/>
      </object_component>
      <object_component id="oc-f3">
         <name>.bss</name>
         <uninitialized>true</uninitialized>
         <run_address>0x2000dae0</run_address>
         <size>0xc</size>
         <input_file_ref idref="fl-24"/>
      </object_component>
      <object_component id="oc-f9">
         <name>.bss:threadControlBlocks</name>
         <uninitialized>true</uninitialized>
         <run_address>0x2000c800</run_address>
         <size>0x4b0</size>
         <input_file_ref idref="fl-24"/>
      </object_component>
      <object_component id="oc-f6">
         <name>.bss:PE_Table</name>
         <uninitialized>true</uninitialized>
         <run_address>0x2000d958</run_address>
         <size>0x90</size>
         <input_file_ref idref="fl-24"/>
      </object_component>
      <object_component id="oc-fc">
         <name>.bss:threadStacks</name>
         <uninitialized>true</uninitialized>
         <run_address>0x20000000</run_address>
         <size>0xc800</size>
         <input_file_ref idref="fl-24"/>
      </object_component>
      <object_component id="oc-d5">
         <name>.common:CurrentlyRunningThread</name>
         <uninitialized>true</uninitialized>
         <run_address>0x2000db24</run_address>
         <size>0x4</size>
      </object_component>
      <object_component id="oc-248">
         <name>.common:bufferIP</name>
         <uninitialized>true</uninitialized>
         <run_address>0x2000db2c</run_address>
         <size>0x4</size>
      </object_component>
      <object_component id="oc-15e">
         <name>.common:wifi</name>
         <uninitialized>true</uninitialized>
         <run_address>0x2000db58</run_address>
         <size>0x4</size>
      </object_component>
      <object_component id="oc-15f">
         <name>.common:globalsem</name>
         <uninitialized>true</uninitialized>
         <run_address>0x2000db38</run_address>
         <size>0x4</size>
      </object_component>
      <object_component id="oc-160">
         <name>.common:globalsemdata</name>
         <uninitialized>true</uninitialized>
         <run_address>0x2000db3c</run_address>
         <size>0x4</size>
      </object_component>
      <object_component id="oc-249">
         <name>.common:ClientIP</name>
         <uninitialized>true</uninitialized>
         <run_address>0x2000db20</run_address>
         <size>0x4</size>
      </object_component>
      <object_component id="oc-24d">
         <name>.common:displayarr</name>
         <uninitialized>true</uninitialized>
         <run_address>0x2000db30</run_address>
         <size>0x4</size>
      </object_component>
      <object_component id="oc-255">
         <name>.common:xCoord</name>
         <uninitialized>true</uninitialized>
         <run_address>0x2000db60</run_address>
         <size>0x2</size>
      </object_component>
      <object_component id="oc-256">
         <name>.common:yCoord</name>
         <uninitialized>true</uninitialized>
         <run_address>0x2000db62</run_address>
         <size>0x2</size>
      </object_component>
      <object_component id="oc-24f">
         <name>.common:host</name>
         <uninitialized>true</uninitialized>
         <run_address>0x2000daf5</run_address>
         <size>0x9</size>
      </object_component>
      <object_component id="oc-24e">
         <name>.common:client</name>
         <uninitialized>true</uninitialized>
         <run_address>0x2000daec</run_address>
         <size>0x9</size>
      </object_component>
      <object_component id="oc-250">
         <name>.common:oldhost</name>
         <uninitialized>true</uninitialized>
         <run_address>0x2000db50</run_address>
         <size>0x4</size>
      </object_component>
      <object_component id="oc-254">
         <name>.common:oldclient</name>
         <uninitialized>true</uninitialized>
         <run_address>0x2000db4c</run_address>
         <size>0x4</size>
      </object_component>
      <object_component id="oc-285">
         <name>.common:ButtonFunction</name>
         <uninitialized>true</uninitialized>
         <run_address>0x2000db1c</run_address>
         <size>0x4</size>
      </object_component>
      <object_component id="oc-2db">
         <name>.common:iter</name>
         <uninitialized>true</uninitialized>
         <run_address>0x2000db44</run_address>
         <size>0x4</size>
      </object_component>
      <object_component id="oc-28f">
         <name>.common:bme280</name>
         <uninitialized>true</uninitialized>
         <run_address>0x2000da58</run_address>
         <size>0x3c</size>
      </object_component>
      <object_component id="oc-371">
         <name>.common:accel_fifo</name>
         <uninitialized>true</uninitialized>
         <run_address>0x2000ccb0</run_address>
         <size>0x36c</size>
      </object_component>
      <object_component id="oc-374">
         <name>.common:gyro_fifo</name>
         <uninitialized>true</uninitialized>
         <run_address>0x2000d01c</run_address>
         <size>0x36c</size>
      </object_component>
      <object_component id="oc-375">
         <name>.common:mag_fifo</name>
         <uninitialized>true</uninitialized>
         <run_address>0x2000d388</run_address>
         <size>0x36c</size>
      </object_component>
      <object_component id="oc-26f">
         <name>.common:s_bmi160</name>
         <uninitialized>true</uninitialized>
         <run_address>0x2000dabc</run_address>
         <size>0x14</size>
      </object_component>
      <object_component id="oc-272">
         <name>.common:gyroxyz</name>
         <uninitialized>true</uninitialized>
         <run_address>0x2000db04</run_address>
         <size>0x6</size>
      </object_component>
      <object_component id="oc-273">
         <name>.common:accelxyz</name>
         <uninitialized>true</uninitialized>
         <run_address>0x2000dafe</run_address>
         <size>0x6</size>
      </object_component>
      <object_component id="oc-138">
         <name>.common:ui8Status</name>
         <uninitialized>true</uninitialized>
         <run_address>0x2000db65</run_address>
         <size>0x1</size>
      </object_component>
      <object_component id="oc-135">
         <name>.common:pData</name>
         <uninitialized>true</uninitialized>
         <run_address>0x2000db54</run_address>
         <size>0x4</size>
      </object_component>
      <object_component id="oc-13d">
         <name>.common:ui8DummyRead</name>
         <uninitialized>true</uninitialized>
         <run_address>0x2000db64</run_address>
         <size>0x1</size>
      </object_component>
      <object_component id="oc-139">
         <name>.common:g_ui32ByteCount</name>
         <uninitialized>true</uninitialized>
         <run_address>0x2000db34</run_address>
         <size>0x4</size>
      </object_component>
      <object_component id="oc-11d">
         <name>.common:IntIsMasked</name>
         <uninitialized>true</uninitialized>
         <run_address>0x2000db5f</run_address>
         <size>0x1</size>
      </object_component>
      <object_component id="oc-5ab">
         <name>.common:g_StatMem</name>
         <uninitialized>true</uninitialized>
         <run_address>0x2000d6f4</run_address>
         <size>0x164</size>
      </object_component>
      <object_component id="oc-48e">
         <name>.common:g__SlNonOsCB</name>
         <uninitialized>true</uninitialized>
         <run_address>0x2000da94</run_address>
         <size>0x28</size>
      </object_component>
      <object_component id="oc-f2">
         <name>.common:SystemTime</name>
         <uninitialized>true</uninitialized>
         <run_address>0x2000db28</run_address>
         <size>0x4</size>
      </object_component>
      <object_component id="oc-213">
         <name>.common:hfxtFreq</name>
         <uninitialized>true</uninitialized>
         <run_address>0x2000db40</run_address>
         <size>0x4</size>
      </object_component>
      <object_component id="oc-210">
         <name>.common:lfxtFreq</name>
         <uninitialized>true</uninitialized>
         <run_address>0x2000db48</run_address>
         <size>0x4</size>
      </object_component>
      <object_component id="oc-2f">
         <name>.stack</name>
         <uninitialized>true</uninitialized>
         <run_address>0x2000fe00</run_address>
         <size>0x0</size>
         <input_file_ref idref="fl-ea"/>
      </object_component>
      <object_component id="oc-6bd">
         <name>.stack</name>
         <uninitialized>true</uninitialized>
         <run_address>0x2000fe00</run_address>
         <size>0x0</size>
      </object_component>
      <object_component id="oc-d6">
         <name>.debug_info</name>
         <load_address>0x0</load_address>
         <run_address>0x0</run_address>
         <size>0xdae</size>
         <input_file_ref idref="fl-2"/>
      </object_component>
[...]
      </symbol>
      <symbol id="sm-17df">
         <name>CS_clearInterruptFlag</name>
         <value>0x1ad3d</value>
         <object_component_ref idref="oc-30b"/>
      </symbol>
      <symbol id="sm-17e0">
         <name>CS_startHFXT</name>
         <value>0x1af3b</value>
         <object_component_ref idref="oc-1fb"/>
      </symbol>
      <symbol id="sm-17e1">
         <name>CS_getDCOFrequency</name>
         <value>0x1999d</value>
         <object_component_ref idref="oc-305"/>
      </symbol>
      <symbol id="sm-17e2">
         <name>CS_setExternalClockSourceFrequency</name>
         <value>0x1ae61</value>
         <object_component_ref idref="oc-114"/>
      </symbol>
      <symbol id="sm-17e3">
         <name>CS_getSMCLK</name>
         <value>0x1add1</value>
         <object_component_ref idref="oc-126"/>
      </symbol>
      <symbol id="sm-17e4">
         <name>CS_startHFXTWithTimeout</name>
         <value>0x1a129</value>
         <object_component_ref idref="oc-2eb"/>
      </symbol>
      <symbol id="sm-17ff">
         <name>GPIO_setAsPeripheralModuleFunctionOutputPin</name>
         <value>0x1a97d</value>
         <object_component_ref idref="oc-12c"/>
      </symbol>
      <symbol id="sm-1866">
         <name>PCM_setCoreVoltageLevel</name>
         <value>0x1af2b</value>
         <object_component_ref idref="oc-1f5"/>
      </symbol>
      <symbol id="sm-1867">
         <name>PCM_getCoreVoltageLevel</name>
         <value>0x1ac97</value>
         <object_component_ref idref="oc-3ee"/>
      </symbol>
      <symbol id="sm-1868">
         <name>PCM_getPowerMode</name>
         <value>0x1acc3</value>
         <object_component_ref idref="oc-3e8"/>
      </symbol>
      <symbol id="sm-1869">
         <name>PCM_getPowerState</name>
         <value>0x1aefd</value>
         <object_component_ref idref="oc-3f4"/>
      </symbol>
      <symbol id="sm-186a">
         <name>PCM_setPowerMode</name>
         <value>0x1af33</value>
         <object_component_ref idref="oc-3fa"/>
      </symbol>
      <symbol id="sm-189e">
         <name>SysCtl_getNMISourceStatus</name>
         <value>0x1af09</value>
         <object_component_ref idref="oc-402"/>
      </symbol>
      <symbol id="sm-189f">
         <name>SysCtl_enableNMISource</name>
         <value>0x1aec1</value>
         <object_component_ref idref="oc-414"/>
      </symbol>
      <symbol id="sm-18a0">
         <name>SysCtl_disableNMISource</name>
         <value>0x1aeb1</value>
         <object_component_ref idref="oc-408"/>
      </symbol>
      <symbol id="sm-18a1">
         <name>SysCtl_getTLVInfo</name>
         <value>0x1a92d</value>
         <object_component_ref idref="oc-422"/>
      </symbol>
      <symbol id="sm-18b7">
         <name>WDT_A_clearTimer</name>
         <value>0x1ade9</value>
         <object_component_ref idref="oc-1b8"/>
      </symbol>
      <symbol id="sm-18b8">
         <name>WDT_A_holdTimer</name>
         <value>0x1ae01</value>
         <object_component_ref idref="oc-1be"/>
      </symbol>
      <symbol id="sm-18ca">
         <name>_c_int00</name>
         <value>0x1a831</value>
         <object_component_ref idref="oc-26"/>
      </symbol>
      <symbol id="sm-18cb">
         <name>__stack</name>
         <value>0x2000fe00</value>
         <object_component_ref idref="oc-2f"/>
      </symbol>
      <symbol id="sm-18e9">
         <name>__TI_decompress_lzss</name>
         <value>0x1a705</value>
         <object_component_ref idref="oc-14"/>
      </symbol>
      <symbol id="sm-1900">
         <name>__TI_decompress_none</name>
         <value>0x1aedf</value>
         <object_component_ref idref="oc-1a"/>
      </symbol>
      <symbol id="sm-1912">
         <name>__TI_zero_init</name>
         <value>0x1af15</value>
         <object_component_ref idref="oc-20"/>
      </symbol>
      <symbol id="sm-1933">
         <name>C$$EXIT</name>
         <value>0x1a885</value>
         <object_component_ref idref="oc-6b"/>
      </symbol>
      <symbol id="sm-1934">
         <name>abort</name>
         <value>0x1a889</value>
         <object_component_ref idref="oc-6b"/>
      </symbol>
      <symbol id="sm-1935">
         <name>exit</name>
         <value>0x1a891</value>
         <object_component_ref idref="oc-6b"/>
      </symbol>
      <symbol id="sm-1936">
         <name>__TI_dtors_ptr</name>
         <value>0x2000e1c4</value>
         <object_component_ref idref="oc-c3"/>
      </symbol>
      <symbol id="sm-1937">
         <name>__TI_cleanup_ptr</name>
         <value>0x2000e1c0</value>
         <object_component_ref idref="oc-c3"/>
      </symbol>
      <symbol id="sm-1938">
         <name>__TI_enable_exit_profile_output</name>
         <value>0x2000e1c8</value>
         <object_component_ref idref="oc-c3"/>
      </symbol>
      <symbol id="sm-1957">
         <name>__aeabi_ldivmod</name>
         <value>0x18ccd</value>
         <object_component_ref idref="oc-39d"/>
      </symbol>
      <symbol id="sm-1960">
         <name>__aeabi_lmul</name>
         <value>0x1ae31</value>
         <object_component_ref idref="oc-398"/>
      </symbol>
      <symbol id="sm-197b">
         <name>memcpy</name>
         <value>0x1a261</value>
         <object_component_ref idref="oc-3b"/>
      </symbol>
      <symbol id="sm-197c">
         <name>__aeabi_memcpy</name>
         <value>0x1a261</value>
         <object_component_ref idref="oc-3b"/>
      </symbol>
      <symbol id="sm-197d">
         <name>__aeabi_memcpy8</name>
         <value>0x1a261</value>
         <object_component_ref idref="oc-3b"/>
      </symbol>
      <symbol id="sm-197e">
         <name>__aeabi_memcpy4</name>
         <value>0x1a261</value>
         <object_component_ref idref="oc-3b"/>
      </symbol>
      <symbol id="sm-198d">
         <name>__aeabi_memset</name>
         <value>0x1a5ab</value>
         <object_component_ref idref="oc-47"/>
      </symbol>
      <symbol id="sm-198e">
         <name>memset</name>
         <value>0x1a5b1</value>
         <object_component_ref idref="oc-47"/>
      </symbol>
      <symbol id="sm-198f">
         <name>__aeabi_memset8</name>
         <value>0x1a5ab</value>
         <object_component_ref idref="oc-47"/>
      </symbol>
      <symbol id="sm-1990">
         <name>__aeabi_memset4</name>
         <value>0x1a5ab</value>
         <object_component_ref idref="oc-47"/>
      </symbol>
      <symbol id="sm-1991">
         <name>__aeabi_memclr8</name>
         <value>0x1a5a9</value>
         <object_component_ref idref="oc-47"/>
      </symbol>
      <symbol id="sm-1992">
         <name>__aeabi_memclr4</name>
         <value>0x1a5a9</value>
         <object_component_ref idref="oc-47"/>
      </symbol>
      <symbol id="sm-1993">
         <name>__aeabi_memclr</name>
         <value>0x1a5a9</value>
         <object_component_ref idref="oc-47"/>
      </symbol>
      <symbol id="sm-199d">
         <name>__mpu_init</name>
         <value>0x18eeb</value>
         <object_component_ref idref="oc-53"/>
      </symbol>
      <symbol id="sm-19a7">
         <name>_system_pre_init</name>
         <value>0x1af47</value>
         <object_component_ref idref="oc-59"/>
      </symbol>
      <symbol id="sm-19c8">
         <name>snprintf</name>
         <value>0x1a2fd</value>
         <object_component_ref idref="oc-296"/>
      </symbol>
      <symbol id="sm-19d0">
         <name>main_func_sp</name>
         <value>0x2000e1fc</value>
         <object_component_ref idref="oc-71"/>
      </symbol>
      <symbol id="sm-19e9">
         <name>_nop</name>
         <value>0x1ae83</value>
         <object_component_ref idref="oc-170"/>
      </symbol>
      <symbol id="sm-19ea">
         <name>_lock</name>
         <value>0x2000e1e4</value>
         <object_component_ref idref="oc-c6"/>
      </symbol>
      <symbol id="sm-19eb">
         <name>_unlock</name>
         <value>0x2000e1e8</value>
         <object_component_ref idref="oc-c6"/>
      </symbol>
      <symbol id="sm-19ec">
         <name>_register_lock</name>
         <value>0x1ae7b</value>
         <object_component_ref idref="oc-170"/>
      </symbol>
      <symbol id="sm-19ed">
         <name>_register_unlock</name>
         <value>0x1ae75</value>
         <object_component_ref idref="oc-170"/>
      </symbol>
      <symbol id="sm-1aee">
         <name>__TI_printfi</name>
         <value>0x11735</value>
         <object_component_ref idref="oc-3ad"/>
      </symbol>
      <symbol id="sm-1b02">
         <name>_args_main</name>
         <value>0x1ae19</value>
         <object_component_ref idref="oc-65"/>
      </symbol>
      <symbol id="sm-1b18">
         <name>atoi</name>
         <value>0x1aa15</value>
         <object_component_ref idref="oc-573"/>
      </symbol>
      <symbol id="sm-1b42">
         <name>__TI_auto_init</name>
         <value>0x1a695</value>
         <object_component_ref idref="oc-5f"/>
      </symbol>
      <symbol id="sm-1b5c">
         <name>copy_in</name>
         <value>0x1aa61</value>
         <object_component_ref idref="oc-ad"/>
      </symbol>
      <symbol id="sm-1b67">
         <name>_ctypes_</name>
         <value>0x1b53c</value>
         <object_component_ref idref="oc-65c"/>
      </symbol>
      <symbol id="sm-1b7e">
         <name>__aeabi_dsub</name>
         <value>0x192f1</value>
         <object_component_ref idref="oc-55c"/>
      </symbol>
      <symbol id="sm-1b7f">
         <name>__aeabi_dadd</name>
         <value>0x192fb</value>
         <object_component_ref idref="oc-55c"/>
      </symbol>
      <symbol id="sm-1ba1">
         <name>__aeabi_cdcmpeq</name>
         <value>0x1a41d</value>
         <object_component_ref idref="oc-538"/>
      </symbol>
      <symbol id="sm-1ba2">
         <name>__aeabi_cdcmple</name>
         <value>0x1a41d</value>
         <object_component_ref idref="oc-538"/>
      </symbol>
      <symbol id="sm-1ba3">
         <name>__aeabi_cdrcmple</name>
         <value>0x1a4a3</value>
         <object_component_ref idref="oc-547"/>
      </symbol>
      <symbol id="sm-1bb7">
         <name>__aeabi_ddiv</name>
         <value>0x19625</value>
         <object_component_ref idref="oc-542"/>
      </symbol>
      <symbol id="sm-1bc2">
         <name>__aeabi_dmul</name>
         <value>0x19b9f</value>
         <object_component_ref idref="oc-53d"/>
      </symbol>
      <symbol id="sm-1bcc">
         <name>__aeabi_d2iz</name>
         <value>0x1aaf5</value>
         <object_component_ref idref="oc-54c"/>
      </symbol>
      <symbol id="sm-1bd6">
         <name>__aeabi_i2d</name>
         <value>0x1ac69</value>
         <object_component_ref idref="oc-557"/>
      </symbol>
      <symbol id="sm-1be0">
         <name>__aeabi_ldiv0</name>
         <value>0x1202f</value>
         <object_component_ref idref="oc-524"/>
      </symbol>
      <symbol id="sm-1bef">
         <name>ltoa</name>
         <value>0x1a8d9</value>
         <object_component_ref idref="oc-551"/>
      </symbol>
      <symbol id="sm-1bff">
         <name>memccpy</name>
         <value>0x1ad9d</value>
         <object_component_ref idref="oc-579"/>
      </symbol>
      <symbol id="sm-1c1a">
         <name>frexpl</name>
         <value>0x1a76d</value>
         <object_component_ref idref="oc-561"/>
      </symbol>
      <symbol id="sm-1c1b">
         <name>frexp</name>
         <value>0x1a76d</value>
         <object_component_ref idref="oc-561"/>
      </symbol>
      <symbol id="sm-1c38">
         <name>scalbn</name>
         <value>0x19c9d</value>
         <object_component_ref idref="oc-567"/>
      </symbol>
      <symbol id="sm-1c39">
         <name>scalbnl</name>
         <value>0x19c9d</value>
         <object_component_ref idref="oc-567"/>
      </symbol>
      <symbol id="sm-1c3a">
         <name>ldexpl</name>
         <value>0x19c9d</value>
         <object_component_ref idref="oc-567"/>
      </symbol>
      <symbol id="sm-1c3b">
         <name>ldexp</name>
         <value>0x19c9d</value>
         <object_component_ref idref="oc-567"/>
      </symbol>
      <symbol id="sm-1c45">
         <name>_system_post_cinit</name>
         <value>0x194a7</value>
         <object_component_ref idref="oc-b3"/>
      </symbol>
      <symbol id="sm-1c55">
         <name>strchr</name>
         <value>0x1ae49</value>
         <object_component_ref idref="oc-56d"/>
      </symbol>
      <symbol id="sm-1c63">
         <name>strlen</name>
         <value>0x1ae9d</value>
         <object_component_ref idref="oc-532"/>
      </symbol>
      <symbol id="sm-1c7f">
         <name>__aeabi_uldivmod</name>
         <value>0x190fd</value>
         <object_component_ref idref="oc-52d"/>
      </symbol>
      <symbol id="sm-1c87">
         <name>errno</name>
         <value>0x2000e1f8</value>
         <object_component_ref idref="oc-655"/>
      </symbol>
      <symbol id="sm-1c91">
         <name>copysign</name>
         <value>0x1ae89</value>
         <object_component_ref idref="oc-64f"/>
      </symbol>
      <symbol id="sm-1c92">
         <name>copysignl</name>
         <value>0x1ae89</value>
         <object_component_ref idref="oc-64f"/>
      </symbol>
      <symbol id="sm-1c93">
         <name>__TI_static_base__</name>
         <value>0x0</value>
      </symbol>
      <symbol id="sm-1c96">
         <name>SHT$$INIT_ARRAY$$Limit</name>
         <value>0x0</value>
      </symbol>
      <symbol id="sm-1c97">
         <name>SHT$$INIT_ARRAY$$Base</name>
         <value>0x0</value>
      </symbol>
      <symbol id="sm-1c98">
         <name>NMI_Handler</name>
         <value>0x1aef9</value>
      </symbol>
      <symbol id="sm-1c99">
         <name>HardFault_Handler</name>
         <value>0x1aef9</value>
      </symbol>
      <symbol id="sm-1c9a">
         <name>MemManage_Handler</name>
         <value>0x1aef9</value>
      </symbol>
      <symbol id="sm-1c9b">
         <name>BusFault_Handler</name>
         <value>0x1aef9</value>
      </symbol>
      <symbol id="sm-1c9c">
         <name>UsageFault_Handler</name>
         <value>0x1aef9</value>
      </symbol>
      <symbol id="sm-1c9d">
         <name>SVC_Handler</name>
         <value>0x1aef9</value>
      </symbol>
      <symbol id="sm-1c9e">
         <name>DebugMon_Handler</name>
         <value>0x1aef9</value>
      </symbol>
      <symbol id="sm-1c9f">
         <name>PendSV_Handler</name>
         <value>0x1a801</value>
      </symbol>
      <symbol id="sm-1ca0">
         <name>SysTick_Handler</name>
         <value>0x15b93</value>
      </symbol>
      <symbol id="sm-1ca1">
         <name>PSS_IRQHandler</name>
         <value>0x1aef9</value>
      </symbol>
      <symbol id="sm-1ca2">
         <name>CS_IRQHandler</name>
         <value>0x1aef9</value>
      </symbol>
      <symbol id="sm-1ca3">
         <name>PCM_IRQHandler</name>
         <value>0x1aef9</value>
      </symbol>
      <symbol id="sm-1ca4">
         <name>WDT_A_IRQHandler</name>
         <value>0x1aef9</value>
      </symbol>
      <symbol id="sm-1ca5">
         <name>FPU_IRQHandler</name>
         <value>0x1aef9</value>
      </symbol>
      <symbol id="sm-1ca6">
         <name>FLCTL_IRQHandler</name>
         <value>0x1aef9</value>
      </symbol>
      <symbol id="sm-1ca7">
         <name>COMP_E0_IRQHandler</name>
         <value>0x1aef9</value>
      </symbol>
      <symbol id="sm-1ca8">
         <name>COMP_E1_IRQHandler</name>
         <value>0x1aef9</value>
      </symbol>
      <symbol id="sm-1ca9">
         <name>TA0_0_IRQHandler</name>
         <value>0x1aef9</value>
      </symbol>
      <symbol id="sm-1caa">
         <name>TA0_N_IRQHandler</name>
         <value>0x1aef9</value>
      </symbol>
      <symbol id="sm-1cab">
         <name>TA1_0_IRQHandler</name>
         <value>0x1aef9</value>
      </symbol>
      <symbol id="sm-1cac">
         <name>TA1_N_IRQHandler</name>
         <value>0x1aef9</value>
      </symbol>
      <symbol id="sm-1cad">
         <name>TA2_0_IRQHandler</name>
         <value>0x1aef9</value>
      </symbol>
      <symbol id="sm-1cae">
         <name>TA2_N_IRQHandler</name>
         <value>0x1aef9</value>
      </symbol>
      <symbol id="sm-1caf">
         <name>TA3_0_IRQHandler</name>
         <value>0x1aef9</value>
      </symbol>
      <symbol id="sm-1cb0">
         <name>TA3_N_IRQHandler</name>
         <value>0x1aef9</value>
      </symbol>
      <symbol id="sm-1cb1">
         <name>EUSCIA0_IRQHandler</name>
         <value>0x17dbf</value>
      </symbol>
      <symbol id="sm-1cb2">
         <name>EUSCIA1_IRQHandler</name>
         <value>0x1aef9</value>
      </symbol>
      <symbol id="sm-1cb3">
         <name>EUSCIA2_IRQHandler</name>
         <value>0x1aef9</value>
      </symbol>
      <symbol id="sm-1cb4">
         <name>EUSCIA3_IRQHandler</name>
         <value>0x1aef9</value>
      </symbol>
      <symbol id="sm-1cb5">
         <name>EUSCIB0_IRQHandler</name>
         <value>0x1aef9</value>
      </symbol>
      <symbol id="sm-1cb6">
         <name>EUSCIB1_IRQHandler</name>
         <value>0x17975</value>
      </symbol>
      <symbol id="sm-1cb7">
         <name>EUSCIB2_IRQHandler</name>
         <value>0x1aef9</value>
      </symbol>
      <symbol id="sm-1cb8">
         <name>EUSCIB3_IRQHandler</name>
         <value>0x1aef9</value>
      </symbol>
      <symbol id="sm-1cb9">
         <name>ADC14_IRQHandler</name>
         <value>0x1aef9</value>
      </symbol>
      <symbol id="sm-1cba">
         <name>T32_INT1_IRQHandler</name>
         <value>0x1aef9</value>
      </symbol>
      <symbol id="sm-1cbb">
         <name>T32_INT2_IRQHandler</name>
         <value>0x1aef9</value>
      </symbol>
      <symbol id="sm-1cbc">
         <name>T32_INTC_IRQHandler</name>
         <value>0x1aef9</value>
      </symbol>
      <symbol id="sm-1cbd">
         <name>AES256_IRQHandler</name>
         <value>0x1aef9</value>
      </symbol>
      <symbol id="sm-1cbe">
         <name>RTC_C_IRQHandler</name>
         <value>0x1aef9</value>
      </symbol>
      <symbol id="sm-1cbf">
         <name>DMA_ERR_IRQHandler</name>
         <value>0x1aef9</value>
      </symbol>
      <symbol id="sm-1cc0">
         <name>DMA_INT3_IRQHandler</name>
         <value>0x1aef9</value>
      </symbol>
      <symbol id="sm-1cc1">
         <name>DMA_INT2_IRQHandler</name>
         <value>0x1aef9</value>
      </symbol>
      <symbol id="sm-1cc2">
         <name>DMA_INT1_IRQHandler</name>
         <value>0x1aef9</value>
      </symbol>
      <symbol id="sm-1cc3">
         <name>DMA_INT0_IRQHandler</name>
         <value>0x1aef9</value>
      </symbol>
      <symbol id="sm-1cc4">
         <name>PORT1_IRQHandler</name>
         <value>0x17d6f</value>
      </symbol>
      <symbol id="sm-1cc5">
         <name>PORT2_IRQHandler</name>
         <value>0x17d99</value>
      </symbol>
      <symbol id="sm-1cc6">
         <name>PORT3_IRQHandler</name>
         <value>0x1aef9</value>
      </symbol>
      <symbol id="sm-1cc7">
         <name>PORT4_IRQHandler</name>
         <value>0x1aef9</value>
      </symbol>
      <symbol id="sm-1cc8">
         <name>PORT5_IRQHandler</name>
         <value>0x1aef9</value>
      </symbol>
      <symbol id="sm-1cc9">
         <name>PORT6_IRQHandler</name>
         <value>0x1aef9</value>
      </symbol>
   </symbol_table>
   <title>Link successful</title>
</link_info>
