<?xml version="1.0"?>
<link_info>
   <banner>TI ARM Linker PC v16.9.3.LTS</banner>
   <copyright>Copyright (c) 1996-2017 Texas Instruments Incorporated</copyright>
   <link_time>0x5a149826</link_time>
   <link_errors>0x0</link_errors>
   <output_file>Final_Project.out</output_file>
   <entry_point>
      <name>_c_int00</name>
      <address>0x1b84d</address>
   </entry_point>
   <input_file_list>
      <input_file id="fl-2">
         <path>.\</path>
         <kind>object</kind>
         <file>Game.obj</file>
         <name>Game.obj</name>
      </input_file>
      <input_file id="fl-3">
         <path>.\</path>
         <kind>object</kind>
         <file>main.obj</file>
         <name>main.obj</name>
      </input_file>
      <input_file id="fl-4">
         <path>.\</path>
         <kind>object</kind>
         <file>startup_msp432p401r_ccs.obj</file>
         <name>startup_msp432p401r_ccs.obj</name>
      </input_file>
      <input_file id="fl-5">
         <path>.\</path>
         <kind>object</kind>
         <file>system_msp432p401r.obj</file>
         <name>system_msp432p401r.obj</name>
      </input_file>
      <input_file id="fl-6">
         <path>.\BoardSupportPackage\src\</path>
         <kind>object</kind>
         <file>AsciiLib.obj</file>
         <name>AsciiLib.obj</name>
      </input_file>
      <input_file id="fl-7">
         <path>.\BoardSupportPackage\src\</path>
         <kind>object</kind>
         <file>BSP.obj</file>
         <name>BSP.obj</name>
      </input_file>
      <input_file id="fl-8">
         <path>.\BoardSupportPackage\src\</path>
         <kind>object</kind>
         <file>BackChannelUart.obj</file>
         <name>BackChannelUart.obj</name>
      </input_file>
      <input_file id="fl-9">
         <path>.\BoardSupportPackage\src\</path>
         <kind>object</kind>
         <file>ClockSys.obj</file>
         <name>ClockSys.obj</name>
      </input_file>
      <input_file id="fl-a">
         <path>.\BoardSupportPackage\src\</path>
         <kind>object</kind>
         <file>Joystick.obj</file>
         <name>Joystick.obj</name>
      </input_file>
      <input_file id="fl-b">
         <path>.\BoardSupportPackage\src\</path>
         <kind>object</kind>
         <file>LCD.obj</file>
         <name>LCD.obj</name>
      </input_file>
      <input_file id="fl-c">
         <path>.\BoardSupportPackage\src\</path>
         <kind>object</kind>
         <file>bme280.obj</file>
         <name>bme280.obj</name>
      </input_file>
      <input_file id="fl-d">
         <path>.\BoardSupportPackage\src\</path>
         <kind>object</kind>
         <file>bme280_support.obj</file>
         <name>bme280_support.obj</name>
      </input_file>
      <input_file id="fl-e">
         <path>.\BoardSupportPackage\src\</path>
         <kind>object</kind>
         <file>bmi160.obj</file>
         <name>bmi160.obj</name>
      </input_file>
      <input_file id="fl-f">
         <path>.\BoardSupportPackage\src\</path>
         <kind>object</kind>
         <file>bmi160_support.obj</file>
         <name>bmi160_support.obj</name>
      </input_file>
      <input_file id="fl-10">
         <path>.\BoardSupportPackage\src\</path>
         <kind>object</kind>
         <file>demo_sysctl.obj</file>
         <name>demo_sysctl.obj</name>
      </input_file>
      <input_file id="fl-11">
         <path>.\BoardSupportPackage\src\</path>
         <kind>object</kind>
         <file>i2c_driver.obj</file>
         <name>i2c_driver.obj</name>
      </input_file>
      <input_file id="fl-12">
         <path>.\BoardSupportPackage\src\</path>
         <kind>object</kind>
         <file>leds.obj</file>
         <name>leds.obj</name>
      </input_file>
      <input_file id="fl-13">
         <path>.\BoardSupportPackage\src\</path>
         <kind>object</kind>
         <file>opt3001.obj</file>
         <name>opt3001.obj</name>
      </input_file>
      <input_file id="fl-14">
         <path>.\BoardSupportPackage\src\</path>
         <kind>object</kind>
         <file>tmp007.obj</file>
         <name>tmp007.obj</name>
      </input_file>
      <input_file id="fl-15">
         <path>.\CC3100SupportPackage\board\</path>
         <kind>object</kind>
         <file>board.obj</file>
         <name>board.obj</name>
      </input_file>
      <input_file id="fl-16">
         <path>.\CC3100SupportPackage\cc3100_usage\</path>
         <kind>object</kind>
         <file>cc3100_usage.obj</file>
         <name>cc3100_usage.obj</name>
      </input_file>
      <input_file id="fl-17">
         <path>.\CC3100SupportPackage\simplelink\source\</path>
         <kind>object</kind>
         <file>device.obj</file>
         <name>device.obj</name>
      </input_file>
      <input_file id="fl-18">
         <path>.\CC3100SupportPackage\simplelink\source\</path>
         <kind>object</kind>
         <file>driver.obj</file>
         <name>driver.obj</name>
      </input_file>
      <input_file id="fl-19">
         <path>.\CC3100SupportPackage\simplelink\source\</path>
         <kind>object</kind>
         <file>flowcont.obj</file>
         <name>flowcont.obj</name>
      </input_file>
      <input_file id="fl-1a">
         <path>.\CC3100SupportPackage\simplelink\source\</path>
         <kind>object</kind>
         <file>fs.obj</file>
         <name>fs.obj</name>
      </input_file>
      <input_file id="fl-1b">
         <path>.\CC3100SupportPackage\simplelink\source\</path>
         <kind>object</kind>
         <file>netapp.obj</file>
         <name>netapp.obj</name>
      </input_file>
      <input_file id="fl-1c">
         <path>.\CC3100SupportPackage\simplelink\source\</path>
         <kind>object</kind>
         <file>netcfg.obj</file>
         <name>netcfg.obj</name>
      </input_file>
      <input_file id="fl-1d">
         <path>.\CC3100SupportPackage\simplelink\source\</path>
         <kind>object</kind>
         <file>nonos.obj</file>
         <name>nonos.obj</name>
      </input_file>
      <input_file id="fl-1e">
         <path>.\CC3100SupportPackage\simplelink\source\</path>
         <kind>object</kind>
         <file>socket.obj</file>
         <name>socket.obj</name>
      </input_file>
      <input_file id="fl-1f">
         <path>.\CC3100SupportPackage\simplelink\source\</path>
         <kind>object</kind>
         <file>spawn.obj</file>
         <name>spawn.obj</name>
      </input_file>
      <input_file id="fl-20">
         <path>.\CC3100SupportPackage\simplelink\source\</path>
         <kind>object</kind>
         <file>wlan.obj</file>
         <name>wlan.obj</name>
      </input_file>
      <input_file id="fl-21">
         <path>.\CC3100SupportPackage\spi_cc3100\</path>
         <kind>object</kind>
         <file>spi_cc3100.obj</file>
         <name>spi_cc3100.obj</name>
      </input_file>
      <input_file id="fl-22">
         <path>.\G8RTOS\</path>
         <kind>object</kind>
         <file>G8RTOS_CriticalSection.obj</file>
         <name>G8RTOS_CriticalSection.obj</name>
      </input_file>
      <input_file id="fl-23">
         <path>.\G8RTOS\</path>
         <kind>object</kind>
         <file>G8RTOS_FIFO.obj</file>
         <name>G8RTOS_FIFO.obj</name>
      </input_file>
      <input_file id="fl-24">
         <path>.\G8RTOS\</path>
         <kind>object</kind>
         <file>G8RTOS_Scheduler.obj</file>
         <name>G8RTOS_Scheduler.obj</name>
      </input_file>
      <input_file id="fl-25">
         <path>.\G8RTOS\</path>
         <kind>object</kind>
         <file>G8RTOS_SchedulerASM.obj</file>
         <name>G8RTOS_SchedulerASM.obj</name>
      </input_file>
      <input_file id="fl-26">
         <path>.\G8RTOS\</path>
         <kind>object</kind>
         <file>G8RTOS_Semaphores.obj</file>
         <name>G8RTOS_Semaphores.obj</name>
      </input_file>
      <input_file id="fl-27">
         <path>.\G8RTOS\</path>
         <kind>object</kind>
         <file>random.obj</file>
         <name>random.obj</name>
      </input_file>
      <input_file id="fl-2c">
         <kind>object</kind>
         <file>&lt;internal&gt;</file>
         <name>&lt;internal&gt;</name>
      </input_file>
      <input_file id="fl-2d">
         <path>..\BoardSupportPackage\DriverLib\</path>
         <kind>archive</kind>
         <file>msp432p4xx_driverlib.lib</file>
         <name>cs.o</name>
      </input_file>
      <input_file id="fl-2e">
         <path>..\BoardSupportPackage\DriverLib\</path>
         <kind>archive</kind>
         <file>msp432p4xx_driverlib.lib</file>
         <name>gpio.o</name>
      </input_file>
      <input_file id="fl-2f">
         <path>..\BoardSupportPackage\DriverLib\</path>
         <kind>archive</kind>
         <file>msp432p4xx_driverlib.lib</file>
         <name>interrupt.o</name>
      </input_file>
      <input_file id="fl-30">
         <path>..\BoardSupportPackage\DriverLib\</path>
         <kind>archive</kind>
         <file>msp432p4xx_driverlib.lib</file>
         <name>pcm.o</name>
      </input_file>
      <input_file id="fl-31">
         <path>..\BoardSupportPackage\DriverLib\</path>
         <kind>archive</kind>
         <file>msp432p4xx_driverlib.lib</file>
         <name>rtc_c.o</name>
      </input_file>
      <input_file id="fl-32">
         <path>..\BoardSupportPackage\DriverLib\</path>
         <kind>archive</kind>
         <file>msp432p4xx_driverlib.lib</file>
         <name>spi.o</name>
      </input_file>
      <input_file id="fl-33">
         <path>..\BoardSupportPackage\DriverLib\</path>
         <kind>archive</kind>
         <file>msp432p4xx_driverlib.lib</file>
         <name>sysctl.o</name>
      </input_file>
      <input_file id="fl-34">
         <path>..\BoardSupportPackage\DriverLib\</path>
         <kind>archive</kind>
         <file>msp432p4xx_driverlib.lib</file>
         <name>wdt_a.o</name>
      </input_file>
      <input_file id="fl-35">
         <path>..\BoardSupportPackage\DriverLib\</path>
         <kind>archive</kind>
         <file>msp432p4xx_driverlib.lib</file>
         <name>cpu.o</name>
      </input_file>
      <input_file id="fl-eb">
         <path>C:\ti\ccsv7\tools\compiler\ti-cgt-arm_16.9.3.LTS\lib\</path>
         <kind>archive</kind>
         <file>rtsv7M4_T_le_v4SPD16_eabi.lib</file>
         <name>boot.obj</name>
      </input_file>
      <input_file id="fl-ec">
         <path>C:\ti\ccsv7\tools\compiler\ti-cgt-arm_16.9.3.LTS\lib\</path>
         <kind>archive</kind>
         <file>rtsv7M4_T_le_v4SPD16_eabi.lib</file>
         <name>copy_decompress_lzss.obj</name>
      </input_file>
      <input_file id="fl-ed">
         <path>C:\ti\ccsv7\tools\compiler\ti-cgt-arm_16.9.3.LTS\lib\</path>
         <kind>archive</kind>
         <file>rtsv7M4_T_le_v4SPD16_eabi.lib</file>
         <name>copy_decompress_none.obj</name>
      </input_file>
      <input_file id="fl-ee">
         <path>C:\ti\ccsv7\tools\compiler\ti-cgt-arm_16.9.3.LTS\lib\</path>
         <kind>archive</kind>
         <file>rtsv7M4_T_le_v4SPD16_eabi.lib</file>
         <name>copy_zero_init.obj</name>
      </input_file>
      <input_file id="fl-ef">
         <path>C:\ti\ccsv7\tools\compiler\ti-cgt-arm_16.9.3.LTS\lib\</path>
         <kind>archive</kind>
         <file>rtsv7M4_T_le_v4SPD16_eabi.lib</file>
         <name>exit.obj</name>
      </input_file>
      <input_file id="fl-f0">
         <path>C:\ti\ccsv7\tools\compiler\ti-cgt-arm_16.9.3.LTS\lib\</path>
         <kind>archive</kind>
         <file>rtsv7M4_T_le_v4SPD16_eabi.lib</file>
         <name>ll_div_t2.obj</name>
      </input_file>
      <input_file id="fl-f1">
         <path>C:\ti\ccsv7\tools\compiler\ti-cgt-arm_16.9.3.LTS\lib\</path>
         <kind>archive</kind>
         <file>rtsv7M4_T_le_v4SPD16_eabi.lib</file>
         <name>ll_mul_t2.obj</name>
      </input_file>
      <input_file id="fl-f2">
         <path>C:\ti\ccsv7\tools\compiler\ti-cgt-arm_16.9.3.LTS\lib\</path>
         <kind>archive</kind>
         <file>rtsv7M4_T_le_v4SPD16_eabi.lib</file>
         <name>memcpy_t2.obj</name>
      </input_file>
      <input_file id="fl-f3">
         <path>C:\ti\ccsv7\tools\compiler\ti-cgt-arm_16.9.3.LTS\lib\</path>
         <kind>archive</kind>
         <file>rtsv7M4_T_le_v4SPD16_eabi.lib</file>
         <name>memset_t2.obj</name>
      </input_file>
      <input_file id="fl-f4">
         <path>C:\ti\ccsv7\tools\compiler\ti-cgt-arm_16.9.3.LTS\lib\</path>
         <kind>archive</kind>
         <file>rtsv7M4_T_le_v4SPD16_eabi.lib</file>
         <name>mpu_init.obj</name>
      </input_file>
      <input_file id="fl-f5">
         <path>C:\ti\ccsv7\tools\compiler\ti-cgt-arm_16.9.3.LTS\lib\</path>
         <kind>archive</kind>
         <file>rtsv7M4_T_le_v4SPD16_eabi.lib</file>
         <name>pre_init.obj</name>
      </input_file>
      <input_file id="fl-f6">
         <path>C:\ti\ccsv7\tools\compiler\ti-cgt-arm_16.9.3.LTS\lib\</path>
         <kind>archive</kind>
         <file>rtsv7M4_T_le_v4SPD16_eabi.lib</file>
         <name>snprintf.obj</name>
      </input_file>
      <input_file id="fl-f7">
         <path>C:\ti\ccsv7\tools\compiler\ti-cgt-arm_16.9.3.LTS\lib\</path>
         <kind>archive</kind>
         <file>rtsv7M4_T_le_v4SPD16_eabi.lib</file>
         <name>stkdepth_vars.obj</name>
      </input_file>
      <input_file id="fl-f8">
         <path>C:\ti\ccsv7\tools\compiler\ti-cgt-arm_16.9.3.LTS\lib\</path>
         <kind>archive</kind>
         <file>rtsv7M4_T_le_v4SPD16_eabi.lib</file>
         <name>_lock.obj</name>
      </input_file>
      <input_file id="fl-f9">
         <path>C:\ti\ccsv7\tools\compiler\ti-cgt-arm_16.9.3.LTS\lib\</path>
         <kind>archive</kind>
         <file>rtsv7M4_T_le_v4SPD16_eabi.lib</file>
         <name>_printfi.obj</name>
      </input_file>
      <input_file id="fl-fa">
         <path>C:\ti\ccsv7\tools\compiler\ti-cgt-arm_16.9.3.LTS\lib\</path>
         <kind>archive</kind>
         <file>rtsv7M4_T_le_v4SPD16_eabi.lib</file>
         <name>args_main.obj</name>
      </input_file>
      <input_file id="fl-fb">
         <path>C:\ti\ccsv7\tools\compiler\ti-cgt-arm_16.9.3.LTS\lib\</path>
         <kind>archive</kind>
         <file>rtsv7M4_T_le_v4SPD16_eabi.lib</file>
         <name>atoi.obj</name>
      </input_file>
      <input_file id="fl-fc">
         <path>C:\ti\ccsv7\tools\compiler\ti-cgt-arm_16.9.3.LTS\lib\</path>
         <kind>archive</kind>
         <file>rtsv7M4_T_le_v4SPD16_eabi.lib</file>
         <name>autoinit.obj</name>
      </input_file>
      <input_file id="fl-fd">
         <path>C:\ti\ccsv7\tools\compiler\ti-cgt-arm_16.9.3.LTS\lib\</path>
         <kind>archive</kind>
         <file>rtsv7M4_T_le_v4SPD16_eabi.lib</file>
         <name>cpy_tbl.obj</name>
      </input_file>
      <input_file id="fl-fe">
         <path>C:\ti\ccsv7\tools\compiler\ti-cgt-arm_16.9.3.LTS\lib\</path>
         <kind>archive</kind>
         <file>rtsv7M4_T_le_v4SPD16_eabi.lib</file>
         <name>ctype.obj</name>
      </input_file>
      <input_file id="fl-ff">
         <path>C:\ti\ccsv7\tools\compiler\ti-cgt-arm_16.9.3.LTS\lib\</path>
         <kind>archive</kind>
         <file>rtsv7M4_T_le_v4SPD16_eabi.lib</file>
         <name>fd_add_t2.obj</name>
      </input_file>
      <input_file id="fl-100">
         <path>C:\ti\ccsv7\tools\compiler\ti-cgt-arm_16.9.3.LTS\lib\</path>
         <kind>archive</kind>
         <file>rtsv7M4_T_le_v4SPD16_eabi.lib</file>
         <name>fd_cmp_t2.obj</name>
      </input_file>
      <input_file id="fl-101">
         <path>C:\ti\ccsv7\tools\compiler\ti-cgt-arm_16.9.3.LTS\lib\</path>
         <kind>archive</kind>
         <file>rtsv7M4_T_le_v4SPD16_eabi.lib</file>
         <name>fd_div_t2.obj</name>
      </input_file>
      <input_file id="fl-102">
         <path>C:\ti\ccsv7\tools\compiler\ti-cgt-arm_16.9.3.LTS\lib\</path>
         <kind>archive</kind>
         <file>rtsv7M4_T_le_v4SPD16_eabi.lib</file>
         <name>fd_mul_t2.obj</name>
      </input_file>
      <input_file id="fl-103">
         <path>C:\ti\ccsv7\tools\compiler\ti-cgt-arm_16.9.3.LTS\lib\</path>
         <kind>archive</kind>
         <file>rtsv7M4_T_le_v4SPD16_eabi.lib</file>
         <name>fd_toi_t2.obj</name>
      </input_file>
      <input_file id="fl-104">
         <path>C:\ti\ccsv7\tools\compiler\ti-cgt-arm_16.9.3.LTS\lib\</path>
         <kind>archive</kind>
         <file>rtsv7M4_T_le_v4SPD16_eabi.lib</file>
         <name>i_tofd_t2.obj</name>
      </input_file>
      <input_file id="fl-105">
         <path>C:\ti\ccsv7\tools\compiler\ti-cgt-arm_16.9.3.LTS\lib\</path>
         <kind>archive</kind>
         <file>rtsv7M4_T_le_v4SPD16_eabi.lib</file>
         <name>l_div0.obj</name>
      </input_file>
      <input_file id="fl-106">
         <path>C:\ti\ccsv7\tools\compiler\ti-cgt-arm_16.9.3.LTS\lib\</path>
         <kind>archive</kind>
         <file>rtsv7M4_T_le_v4SPD16_eabi.lib</file>
         <name>ltoa.obj</name>
      </input_file>
      <input_file id="fl-107">
         <path>C:\ti\ccsv7\tools\compiler\ti-cgt-arm_16.9.3.LTS\lib\</path>
         <kind>archive</kind>
         <file>rtsv7M4_T_le_v4SPD16_eabi.lib</file>
         <name>memccpy.obj</name>
      </input_file>
      <input_file id="fl-108">
         <path>C:\ti\ccsv7\tools\compiler\ti-cgt-arm_16.9.3.LTS\lib\</path>
         <kind>archive</kind>
         <file>rtsv7M4_T_le_v4SPD16_eabi.lib</file>
         <name>s_frexp.obj</name>
      </input_file>
      <input_file id="fl-109">
         <path>C:\ti\ccsv7\tools\compiler\ti-cgt-arm_16.9.3.LTS\lib\</path>
         <kind>archive</kind>
         <file>rtsv7M4_T_le_v4SPD16_eabi.lib</file>
         <name>s_scalbn.obj</name>
      </input_file>
      <input_file id="fl-10a">
         <path>C:\ti\ccsv7\tools\compiler\ti-cgt-arm_16.9.3.LTS\lib\</path>
         <kind>archive</kind>
         <file>rtsv7M4_T_le_v4SPD16_eabi.lib</file>
         <name>startup.obj</name>
      </input_file>
      <input_file id="fl-10b">
         <path>C:\ti\ccsv7\tools\compiler\ti-cgt-arm_16.9.3.LTS\lib\</path>
         <kind>archive</kind>
         <file>rtsv7M4_T_le_v4SPD16_eabi.lib</file>
         <name>strchr.obj</name>
      </input_file>
      <input_file id="fl-10c">
         <path>C:\ti\ccsv7\tools\compiler\ti-cgt-arm_16.9.3.LTS\lib\</path>
         <kind>archive</kind>
         <file>rtsv7M4_T_le_v4SPD16_eabi.lib</file>
         <name>strlen.obj</name>
      </input_file>
      <input_file id="fl-10d">
         <path>C:\ti\ccsv7\tools\compiler\ti-cgt-arm_16.9.3.LTS\lib\</path>
         <kind>archive</kind>
         <file>rtsv7M4_T_le_v4SPD16_eabi.lib</file>
         <name>ull_div_t2.obj</name>
      </input_file>
      <input_file id="fl-10e">
         <path>C:\ti\ccsv7\tools\compiler\ti-cgt-arm_16.9.3.LTS\lib\</path>
         <kind>archive</kind>
         <file>rtsv7M4_T_le_v4SPD16_eabi.lib</file>
         <name>errno.obj</name>
      </input_file>
      <input_file id="fl-10f">
         <path>C:\ti\ccsv7\tools\compiler\ti-cgt-arm_16.9.3.LTS\lib\</path>
         <kind>archive</kind>
         <file>rtsv7M4_T_le_v4SPD16_eabi.lib</file>
         <name>s_copysign.obj</name>
      </input_file>
   </input_file_list>
   <object_component_list>
      <object_component id="oc-2c">
         <name>.intvecs:retain</name>
         <load_address>0x0</load_address>
         <run_address>0x0</run_address>
         <size>0xe4</size>
         <input_file_ref idref="fl-4"/>
      </object_component>
      <object_component id="oc-2bf">
         <name>.text</name>
         <load_address>0xe4</load_address>
         <run_address>0xe4</run_address>
         <size>0xd5d0</size>
         <input_file_ref idref="fl-e"/>
      </object_component>
      <object_component id="oc-358">
         <name>.text</name>
         <load_address>0xd6b4</load_address>
         <run_address>0xd6b4</run_address>
         <size>0x2024</size>
         <input_file_ref idref="fl-18"/>
      </object_component>
      <object_component id="oc-2df">
         <name>.text</name>
         <load_address>0xf6d8</load_address>
         <run_address>0xf6d8</run_address>
         <size>0x1818</size>
         <input_file_ref idref="fl-c"/>
      </object_component>
      <object_component id="oc-15d">
         <name>.text</name>
         <load_address>0x10ef0</load_address>
         <run_address>0x10ef0</run_address>
         <size>0x17c4</size>
         <input_file_ref idref="fl-2"/>
      </object_component>
      <object_component id="oc-498">
         <name>.text</name>
         <load_address>0x126b4</load_address>
         <run_address>0x126b4</run_address>
         <size>0x113e</size>
         <input_file_ref idref="fl-f9"/>
      </object_component>
      <object_component id="oc-5d2">
         <name>.text</name>
         <load_address>0x137f2</load_address>
         <run_address>0x137f2</run_address>
         <size>0x2</size>
         <input_file_ref idref="fl-105"/>
      </object_component>
      <object_component id="oc-238">
         <name>.text</name>
         <load_address>0x137f4</load_address>
         <run_address>0x137f4</run_address>
         <size>0xed4</size>
         <input_file_ref idref="fl-1e"/>
      </object_component>
      <object_component id="oc-1d7">
         <name>.text</name>
         <load_address>0x146c8</load_address>
         <run_address>0x146c8</run_address>
         <size>0xc28</size>
         <input_file_ref idref="fl-f"/>
      </object_component>
      <object_component id="oc-259">
         <name>.text</name>
         <load_address>0x152f0</load_address>
         <run_address>0x152f0</run_address>
         <size>0xb44</size>
         <input_file_ref idref="fl-1b"/>
      </object_component>
      <object_component id="oc-24d">
         <name>.text</name>
         <load_address>0x15e34</load_address>
         <run_address>0x15e34</run_address>
         <size>0xab8</size>
         <input_file_ref idref="fl-20"/>
      </object_component>
      <object_component id="oc-80">
         <name>.text</name>
         <load_address>0x168ec</load_address>
         <run_address>0x168ec</run_address>
         <size>0xa8c</size>
         <input_file_ref idref="fl-24"/>
      </object_component>
      <object_component id="oc-14f">
         <name>.text</name>
         <load_address>0x17378</load_address>
         <run_address>0x17378</run_address>
         <size>0x690</size>
         <input_file_ref idref="fl-16"/>
      </object_component>
      <object_component id="oc-1f5">
         <name>.text</name>
         <load_address>0x17a08</load_address>
         <run_address>0x17a08</run_address>
         <size>0x660</size>
         <input_file_ref idref="fl-b"/>
      </object_component>
      <object_component id="oc-241">
         <name>.text</name>
         <load_address>0x18068</load_address>
         <run_address>0x18068</run_address>
         <size>0x5b4</size>
         <input_file_ref idref="fl-17"/>
      </object_component>
      <object_component id="oc-8c">
         <name>.text</name>
         <load_address>0x1861c</load_address>
         <run_address>0x1861c</run_address>
         <size>0x48c</size>
         <input_file_ref idref="fl-11"/>
      </object_component>
      <object_component id="oc-86">
         <name>.text</name>
         <load_address>0x18aa8</load_address>
         <run_address>0x18aa8</run_address>
         <size>0x3a8</size>
         <input_file_ref idref="fl-15"/>
      </object_component>
      <object_component id="oc-1ef">
         <name>.text</name>
         <load_address>0x18e50</load_address>
         <run_address>0x18e50</run_address>
         <size>0x354</size>
         <input_file_ref idref="fl-12"/>
      </object_component>
      <object_component id="oc-ce">
         <name>.text</name>
         <load_address>0x191a4</load_address>
         <run_address>0x191a4</run_address>
         <size>0x32c</size>
         <input_file_ref idref="fl-5"/>
      </object_component>
      <object_component id="oc-1e9">
         <name>.text</name>
         <load_address>0x194d0</load_address>
         <run_address>0x194d0</run_address>
         <size>0x318</size>
         <input_file_ref idref="fl-8"/>
      </object_component>
      <object_component id="oc-1e3">
         <name>.text</name>
         <load_address>0x197e8</load_address>
         <run_address>0x197e8</run_address>
         <size>0x2e0</size>
         <input_file_ref idref="fl-d"/>
      </object_component>
      <object_component id="oc-1d1">
         <name>.text</name>
         <load_address>0x19ac8</load_address>
         <run_address>0x19ac8</run_address>
         <size>0x234</size>
         <input_file_ref idref="fl-14"/>
      </object_component>
      <object_component id="oc-488">
         <name>.text</name>
         <load_address>0x19cfc</load_address>
         <run_address>0x19cfc</run_address>
         <size>0x21e</size>
         <input_file_ref idref="fl-f0"/>
      </object_component>
      <object_component id="oc-53">
         <name>.text</name>
         <load_address>0x19f1a</load_address>
         <run_address>0x19f1a</run_address>
         <size>0x2</size>
         <input_file_ref idref="fl-f4"/>
      </object_component>
      <object_component id="oc-3a0">
         <name>.text</name>
         <load_address>0x19f1c</load_address>
         <run_address>0x19f1c</run_address>
         <size>0x210</size>
         <input_file_ref idref="fl-21"/>
      </object_component>
      <object_component id="oc-5db">
         <name>.text</name>
         <load_address>0x1a12c</load_address>
         <run_address>0x1a12c</run_address>
         <size>0x1f4</size>
         <input_file_ref idref="fl-10d"/>
      </object_component>
      <object_component id="oc-60a">
         <name>.text</name>
         <load_address>0x1a320</load_address>
         <run_address>0x1a320</run_address>
         <size>0x1b6</size>
         <input_file_ref idref="fl-ff"/>
      </object_component>
      <object_component id="oc-b3">
         <name>.text</name>
         <load_address>0x1a4d6</load_address>
         <run_address>0x1a4d6</run_address>
         <size>0x2</size>
         <input_file_ref idref="fl-10a"/>
      </object_component>
      <object_component id="oc-1dd">
         <name>.text</name>
         <load_address>0x1a4d8</load_address>
         <run_address>0x1a4d8</run_address>
         <size>0x17c</size>
         <input_file_ref idref="fl-a"/>
      </object_component>
      <object_component id="oc-5f0">
         <name>.text</name>
         <load_address>0x1a654</load_address>
         <run_address>0x1a654</run_address>
         <size>0x136</size>
         <input_file_ref idref="fl-101"/>
      </object_component>
      <object_component id="oc-247">
         <name>.text</name>
         <load_address>0x1a78c</load_address>
         <run_address>0x1a78c</run_address>
         <size>0x130</size>
         <input_file_ref idref="fl-1d"/>
      </object_component>
      <object_component id="oc-253">
         <name>.text</name>
         <load_address>0x1a8bc</load_address>
         <run_address>0x1a8bc</run_address>
         <size>0x110</size>
         <input_file_ref idref="fl-1c"/>
      </object_component>
      <object_component id="oc-347">
         <name>.text:CS_getDCOFrequency</name>
         <load_address>0x1a9cc</load_address>
         <run_address>0x1a9cc</run_address>
         <size>0x104</size>
         <input_file_ref idref="fl-2d"/>
      </object_component>
      <object_component id="oc-1cb">
         <name>.text</name>
         <load_address>0x1aad0</load_address>
         <run_address>0x1aad0</run_address>
         <size>0xfe</size>
         <input_file_ref idref="fl-13"/>
      </object_component>
      <object_component id="oc-5eb">
         <name>.text</name>
         <load_address>0x1abce</load_address>
         <run_address>0x1abce</run_address>
         <size>0xfc</size>
         <input_file_ref idref="fl-102"/>
      </object_component>
      <object_component id="oc-615">
         <name>.text</name>
         <load_address>0x1accc</load_address>
         <run_address>0x1accc</run_address>
         <size>0xfc</size>
         <input_file_ref idref="fl-109"/>
      </object_component>
      <object_component id="oc-675">
         <name>.text:__PCM_setPowerModeAdvanced</name>
         <load_address>0x1adc8</load_address>
         <run_address>0x1adc8</run_address>
         <size>0xdc</size>
         <input_file_ref idref="fl-30"/>
      </object_component>
      <object_component id="oc-1c5">
         <name>.text</name>
         <load_address>0x1aea4</load_address>
         <run_address>0x1aea4</run_address>
         <size>0xb4</size>
         <input_file_ref idref="fl-9"/>
      </object_component>
      <object_component id="oc-43f">
         <name>.text:__PCM_setCoreVoltageLevelAdvanced</name>
         <load_address>0x1af58</load_address>
         <run_address>0x1af58</run_address>
         <size>0xb0</size>
         <input_file_ref idref="fl-30"/>
      </object_component>
      <object_component id="oc-323">
         <name>.text:PutChar</name>
         <load_address>0x1b008</load_address>
         <run_address>0x1b008</run_address>
         <size>0xa4</size>
         <input_file_ref idref="fl-b"/>
      </object_component>
      <object_component id="oc-446">
         <name>.text:CS_startHFXTWithTimeout</name>
         <load_address>0x1b0ac</load_address>
         <run_address>0x1b0ac</run_address>
         <size>0x9c</size>
         <input_file_ref idref="fl-2d"/>
      </object_component>
      <object_component id="oc-155">
         <name>.text</name>
         <load_address>0x1b148</load_address>
         <run_address>0x1b148</run_address>
         <size>0x9c</size>
         <input_file_ref idref="fl-26"/>
      </object_component>
      <object_component id="oc-210">
         <name>.text:_CSComputeCLKFrequency</name>
         <load_address>0x1b1e4</load_address>
         <run_address>0x1b1e4</run_address>
         <size>0x9c</size>
         <input_file_ref idref="fl-2d"/>
      </object_component>
      <object_component id="oc-3b">
         <name>.text</name>
         <load_address>0x1b280</load_address>
         <run_address>0x1b280</run_address>
         <size>0x9c</size>
         <input_file_ref idref="fl-f2"/>
      </object_component>
      <object_component id="oc-2ec">
         <name>.text</name>
         <load_address>0x1b31c</load_address>
         <run_address>0x1b31c</run_address>
         <size>0x94</size>
         <input_file_ref idref="fl-f6"/>
      </object_component>
      <object_component id="oc-bb">
         <name>.text</name>
         <load_address>0x1b3b0</load_address>
         <run_address>0x1b3b0</run_address>
         <size>0x88</size>
         <input_file_ref idref="fl-3"/>
      </object_component>
      <object_component id="oc-5e6">
         <name>.text:__aeabi_cdcmple</name>
         <load_address>0x1b438</load_address>
         <run_address>0x1b438</run_address>
         <size>0x86</size>
         <input_file_ref idref="fl-100"/>
      </object_component>
      <object_component id="oc-5f5">
         <name>.text:__aeabi_cdrcmple</name>
         <load_address>0x1b4be</load_address>
         <run_address>0x1b4be</run_address>
         <size>0x86</size>
         <input_file_ref idref="fl-100"/>
      </object_component>
      <object_component id="oc-4f4">
         <name>.text</name>
         <load_address>0x1b544</load_address>
         <run_address>0x1b544</run_address>
         <size>0x80</size>
         <input_file_ref idref="fl-19"/>
      </object_component>
      <object_component id="oc-47">
         <name>.text</name>
         <load_address>0x1b5c4</load_address>
         <run_address>0x1b5c4</run_address>
         <size>0x7a</size>
         <input_file_ref idref="fl-f3"/>
      </object_component>
      <object_component id="oc-5b0">
         <name>.text:_CSGetHFXTFrequency</name>
         <load_address>0x1b640</load_address>
         <run_address>0x1b640</run_address>
         <size>0x70</size>
         <input_file_ref idref="fl-2d"/>
      </object_component>
      <object_component id="oc-5f">
         <name>.text</name>
         <load_address>0x1b6b0</load_address>
         <run_address>0x1b6b0</run_address>
         <size>0x70</size>
         <input_file_ref idref="fl-fc"/>
      </object_component>
      <object_component id="oc-14">
         <name>.text:decompress:lzss</name>
         <load_address>0x1b720</load_address>
         <run_address>0x1b720</run_address>
         <size>0x68</size>
         <input_file_ref idref="fl-ec"/>
      </object_component>
      <object_component id="oc-60f">
         <name>.text</name>
         <load_address>0x1b788</load_address>
         <run_address>0x1b788</run_address>
         <size>0x64</size>
         <input_file_ref idref="fl-108"/>
      </object_component>
      <object_component id="oc-7b">
         <name>.text</name>
         <load_address>0x1b7ec</load_address>
         <run_address>0x1b7ec</run_address>
         <size>0x60</size>
         <input_file_ref idref="fl-25"/>
      </object_component>
      <object_component id="oc-26">
         <name>.text</name>
         <load_address>0x1b84c</load_address>
         <run_address>0x1b84c</run_address>
         <size>0x54</size>
         <input_file_ref idref="fl-eb"/>
      </object_component>
      <object_component id="oc-6b">
         <name>.text</name>
         <load_address>0x1b8a0</load_address>
         <run_address>0x1b8a0</run_address>
         <size>0x54</size>
         <input_file_ref idref="fl-ef"/>
      </object_component>
      <object_component id="oc-5ff">
         <name>.text</name>
         <load_address>0x1b8f4</load_address>
         <run_address>0x1b8f4</run_address>
         <size>0x54</size>
         <input_file_ref idref="fl-106"/>
      </object_component>
      <object_component id="oc-4ec">
         <name>.text:SysCtl_getTLVInfo</name>
         <load_address>0x1b948</load_address>
         <run_address>0x1b948</run_address>
         <size>0x50</size>
         <input_file_ref idref="fl-33"/>
      </object_component>
      <object_component id="oc-129">
         <name>.text:GPIO_setAsPeripheralModuleFunctionOutputPin</name>
         <load_address>0x1b998</load_address>
         <run_address>0x1b998</run_address>
         <size>0x4c</size>
         <input_file_ref idref="fl-2e"/>
      </object_component>
      <object_component id="oc-4e6">
         <name>.text:_CSGetDOCFrequency</name>
         <load_address>0x1b9e4</load_address>
         <run_address>0x1b9e4</run_address>
         <size>0x4c</size>
         <input_file_ref idref="fl-2d"/>
      </object_component>
      <object_component id="oc-621">
         <name>.text</name>
         <load_address>0x1ba30</load_address>
         <run_address>0x1ba30</run_address>
         <size>0x4c</size>
         <input_file_ref idref="fl-fb"/>
      </object_component>
      <object_component id="oc-ad">
         <name>.text</name>
         <load_address>0x1ba7c</load_address>
         <run_address>0x1ba7c</run_address>
         <size>0x4c</size>
         <input_file_ref idref="fl-fd"/>
      </object_component>
      <object_component id="oc-341">
         <name>.text:_CSGetDividerValue</name>
         <load_address>0x1bac8</load_address>
         <run_address>0x1bac8</run_address>
         <size>0x48</size>
         <input_file_ref idref="fl-2d"/>
      </object_component>
      <object_component id="oc-5fa">
         <name>.text</name>
         <load_address>0x1bb10</load_address>
         <run_address>0x1bb10</run_address>
         <size>0x48</size>
         <input_file_ref idref="fl-103"/>
      </object_component>
      <object_component id="oc-4d7">
         <name>.text</name>
         <load_address>0x1bb58</load_address>
         <run_address>0x1bb58</run_address>
         <size>0x40</size>
         <input_file_ref idref="fl-6"/>
      </object_component>
      <object_component id="oc-4c4">
         <name>.text:LCD_WriteData</name>
         <load_address>0x1bb98</load_address>
         <run_address>0x1bb98</run_address>
         <size>0x40</size>
         <input_file_ref idref="fl-b"/>
      </object_component>
      <object_component id="oc-31c">
         <name>.text:LCD_Write_Data_Only</name>
         <load_address>0x1bbd8</load_address>
         <run_address>0x1bbd8</run_address>
         <size>0x3c</size>
         <input_file_ref idref="fl-b"/>
      </object_component>
      <object_component id="oc-e1">
         <name>.text</name>
         <load_address>0x1bc14</load_address>
         <run_address>0x1bc14</run_address>
         <size>0x3a</size>
         <input_file_ref idref="fl-7"/>
      </object_component>
      <object_component id="oc-30e">
         <name>.text:LCD_WriteIndex</name>
         <load_address>0x1bc50</load_address>
         <run_address>0x1bc50</run_address>
         <size>0x34</size>
         <input_file_ref idref="fl-b"/>
      </object_component>
      <object_component id="oc-63b">
         <name>.text:is_A_Module</name>
         <load_address>0x1bc84</load_address>
         <run_address>0x1bc84</run_address>
         <size>0x30</size>
         <input_file_ref idref="fl-32"/>
      </object_component>
      <object_component id="oc-605">
         <name>.text</name>
         <load_address>0x1bcb4</load_address>
         <run_address>0x1bcb4</run_address>
         <size>0x2e</size>
         <input_file_ref idref="fl-104"/>
      </object_component>
      <object_component id="oc-590">
         <name>.text:PCM_getCoreVoltageLevel</name>
         <load_address>0x1bce2</load_address>
         <run_address>0x1bce2</run_address>
         <size>0x2c</size>
         <input_file_ref idref="fl-30"/>
      </object_component>
      <object_component id="oc-58a">
         <name>.text:PCM_getPowerMode</name>
         <load_address>0x1bd0e</load_address>
         <run_address>0x1bd0e</run_address>
         <size>0x2a</size>
         <input_file_ref idref="fl-30"/>
      </object_component>
      <object_component id="oc-32a">
         <name>.text:SPISendRecvByte</name>
         <load_address>0x1bd38</load_address>
         <run_address>0x1bd38</run_address>
         <size>0x28</size>
         <input_file_ref idref="fl-b"/>
      </object_component>
      <object_component id="oc-2ca">
         <name>.text</name>
         <load_address>0x1bd60</load_address>
         <run_address>0x1bd60</run_address>
         <size>0x26</size>
         <input_file_ref idref="fl-10"/>
      </object_component>
      <object_component id="oc-34d">
         <name>.text:CS_clearInterruptFlag</name>
         <load_address>0x1bd88</load_address>
         <run_address>0x1bd88</run_address>
         <size>0x24</size>
         <input_file_ref idref="fl-2d"/>
      </object_component>
      <object_component id="oc-307">
         <name>.text:LCD_SetCursor</name>
         <load_address>0x1bdac</load_address>
         <run_address>0x1bdac</run_address>
         <size>0x20</size>
         <input_file_ref idref="fl-b"/>
      </object_component>
      <object_component id="oc-4cb">
         <name>.text:SPI_transmitData</name>
         <load_address>0x1bdcc</load_address>
         <run_address>0x1bdcc</run_address>
         <size>0x20</size>
         <input_file_ref idref="fl-32"/>
      </object_component>
      <object_component id="oc-4d1">
         <name>.text:EUSCI_B_SPI_isBusy</name>
         <load_address>0x1bdec</load_address>
         <run_address>0x1bdec</run_address>
         <size>0x1c</size>
         <input_file_ref idref="fl-32"/>
      </object_component>
      <object_component id="oc-300">
         <name>.text:LCD_WriteReg</name>
         <load_address>0x1be08</load_address>
         <run_address>0x1be08</run_address>
         <size>0x1c</size>
         <input_file_ref idref="fl-b"/>
      </object_component>
      <object_component id="oc-627">
         <name>.text</name>
         <load_address>0x1be24</load_address>
         <run_address>0x1be24</run_address>
         <size>0x1c</size>
         <input_file_ref idref="fl-107"/>
      </object_component>
      <object_component id="oc-4dd">
         <name>.text:SPI_receiveData</name>
         <load_address>0x1be40</load_address>
         <run_address>0x1be40</run_address>
         <size>0x1a</size>
         <input_file_ref idref="fl-32"/>
      </object_component>
      <object_component id="oc-2ae">
         <name>.text:CS_getMCLK</name>
         <load_address>0x1be5c</load_address>
         <run_address>0x1be5c</run_address>
         <size>0x18</size>
         <input_file_ref idref="fl-2d"/>
      </object_component>
      <object_component id="oc-123">
         <name>.text:CS_getSMCLK</name>
         <load_address>0x1be74</load_address>
         <run_address>0x1be74</run_address>
         <size>0x18</size>
         <input_file_ref idref="fl-2d"/>
      </object_component>
      <object_component id="oc-1b9">
         <name>.text:WDT_A_clearTimer</name>
         <load_address>0x1be8c</load_address>
         <run_address>0x1be8c</run_address>
         <size>0x18</size>
         <input_file_ref idref="fl-34"/>
      </object_component>
      <object_component id="oc-1bf">
         <name>.text:WDT_A_holdTimer</name>
         <load_address>0x1bea4</load_address>
         <run_address>0x1bea4</run_address>
         <size>0x18</size>
         <input_file_ref idref="fl-34"/>
      </object_component>
      <object_component id="oc-65">
         <name>.text</name>
         <load_address>0x1bebc</load_address>
         <run_address>0x1bebc</run_address>
         <size>0x18</size>
         <input_file_ref idref="fl-fa"/>
      </object_component>
      <object_component id="oc-483">
         <name>.text</name>
         <load_address>0x1bed4</load_address>
         <run_address>0x1bed4</run_address>
         <size>0x18</size>
         <input_file_ref idref="fl-f1"/>
      </object_component>
      <object_component id="oc-61b">
         <name>.text</name>
         <load_address>0x1beec</load_address>
         <run_address>0x1beec</run_address>
         <size>0x16</size>
         <input_file_ref idref="fl-10b"/>
      </object_component>
      <object_component id="oc-111">
         <name>.text:CS_setExternalClockSourceFrequency</name>
         <load_address>0x1bf04</load_address>
         <run_address>0x1bf04</run_address>
         <size>0x14</size>
         <input_file_ref idref="fl-2d"/>
      </object_component>
      <object_component id="oc-172">
         <name>.text</name>
         <load_address>0x1bf18</load_address>
         <run_address>0x1bf18</run_address>
         <size>0x14</size>
         <input_file_ref idref="fl-f8"/>
      </object_component>
      <object_component id="oc-696">
         <name>.text</name>
         <load_address>0x1bf2c</load_address>
         <run_address>0x1bf2c</run_address>
         <size>0x14</size>
         <input_file_ref idref="fl-10f"/>
      </object_component>
      <object_component id="oc-5e0">
         <name>.text</name>
         <load_address>0x1bf40</load_address>
         <run_address>0x1bf40</run_address>
         <size>0x14</size>
         <input_file_ref idref="fl-10c"/>
      </object_component>
      <object_component id="oc-5aa">
         <name>.text:SysCtl_disableNMISource</name>
         <load_address>0x1bf54</load_address>
         <run_address>0x1bf54</run_address>
         <size>0x10</size>
         <input_file_ref idref="fl-33"/>
      </object_component>
      <object_component id="oc-5b6">
         <name>.text:SysCtl_enableNMISource</name>
         <load_address>0x1bf64</load_address>
         <run_address>0x1bf64</run_address>
         <size>0x10</size>
         <input_file_ref idref="fl-33"/>
      </object_component>
      <object_component id="oc-f1">
         <name>.text</name>
         <load_address>0x1bf74</load_address>
         <run_address>0x1bf74</run_address>
         <size>0xe</size>
         <input_file_ref idref="fl-22"/>
      </object_component>
      <object_component id="oc-1a">
         <name>.text:decompress:none</name>
         <load_address>0x1bf82</load_address>
         <run_address>0x1bf82</run_address>
         <size>0xe</size>
         <input_file_ref idref="fl-ed"/>
      </object_component>
      <object_component id="oc-75">
         <name>.text</name>
         <load_address>0x1bf90</load_address>
         <run_address>0x1bf90</run_address>
         <size>0xe</size>
         <input_file_ref idref="fl-4"/>
      </object_component>
      <object_component id="oc-596">
         <name>.text:PCM_getPowerState</name>
         <load_address>0x1bfa0</load_address>
         <run_address>0x1bfa0</run_address>
         <size>0xc</size>
         <input_file_ref idref="fl-30"/>
      </object_component>
      <object_component id="oc-5a4">
         <name>.text:SysCtl_getNMISourceStatus</name>
         <load_address>0x1bfac</load_address>
         <run_address>0x1bfac</run_address>
         <size>0xc</size>
         <input_file_ref idref="fl-33"/>
      </object_component>
      <object_component id="oc-20">
         <name>.text:decompress:ZI</name>
         <load_address>0x1bfb8</load_address>
         <run_address>0x1bfb8</run_address>
         <size>0xc</size>
         <input_file_ref idref="fl-ee"/>
      </object_component>
      <object_component id="oc-315">
         <name>.text:LCD_Write_Data_Start</name>
         <load_address>0x1bfc4</load_address>
         <run_address>0x1bfc4</run_address>
         <size>0xa</size>
         <input_file_ref idref="fl-b"/>
      </object_component>
      <object_component id="oc-2a2">
         <name>.text:PCM_setCoreVoltageLevel</name>
         <load_address>0x1bfce</load_address>
         <run_address>0x1bfce</run_address>
         <size>0x8</size>
         <input_file_ref idref="fl-30"/>
      </object_component>
      <object_component id="oc-59c">
         <name>.text:PCM_setPowerMode</name>
         <load_address>0x1bfd6</load_address>
         <run_address>0x1bfd6</run_address>
         <size>0x8</size>
         <input_file_ref idref="fl-30"/>
      </object_component>
      <object_component id="oc-2a8">
         <name>.text:CS_startHFXT</name>
         <load_address>0x1bfde</load_address>
         <run_address>0x1bfde</run_address>
         <size>0x6</size>
         <input_file_ref idref="fl-2d"/>
      </object_component>
      <object_component id="oc-655">
         <name>.text:EUSCI_A_SPI_receiveData</name>
         <load_address>0x1bfe4</load_address>
         <run_address>0x1bfe4</run_address>
         <size>0x6</size>
         <input_file_ref idref="fl-32"/>
      </object_component>
      <object_component id="oc-65b">
         <name>.text:EUSCI_B_SPI_receiveData</name>
         <load_address>0x1bfea</load_address>
         <run_address>0x1bfea</run_address>
         <size>0x6</size>
         <input_file_ref idref="fl-32"/>
      </object_component>
      <object_component id="oc-47c">
         <name>.text:SysCtlDelay</name>
         <load_address>0x1bff0</load_address>
         <run_address>0x1bff0</run_address>
         <size>0x6</size>
         <input_file_ref idref="fl-10"/>
      </object_component>
      <object_component id="oc-647">
         <name>.text:EUSCI_A_SPI_transmitData</name>
         <load_address>0x1bff6</load_address>
         <run_address>0x1bff6</run_address>
         <size>0x4</size>
         <input_file_ref idref="fl-32"/>
      </object_component>
      <object_component id="oc-641">
         <name>.text:EUSCI_B_SPI_transmitData</name>
         <load_address>0x1bffa</load_address>
         <run_address>0x1bffa</run_address>
         <size>0x4</size>
         <input_file_ref idref="fl-32"/>
      </object_component>
      <object_component id="oc-59">
         <name>.text</name>
         <load_address>0x1bffe</load_address>
         <run_address>0x1bffe</run_address>
         <size>0x4</size>
         <input_file_ref idref="fl-f5"/>
      </object_component>
      <object_component id="oc-650">
         <name>.const:AsciiLib</name>
         <load_address>0x1c004</load_address>
         <run_address>0x1c004</run_address>
         <size>0x5f0</size>
         <input_file_ref idref="fl-6"/>
      </object_component>
      <object_component id="oc-6a3">
         <name>.const:.string:_ctypes_</name>
         <load_address>0x1c5f4</load_address>
         <run_address>0x1c5f4</run_address>
         <size>0x101</size>
         <input_file_ref idref="fl-fe"/>
      </object_component>
      <object_component id="oc-46d">
         <name>.const:.string:INVALID_OFFSET</name>
         <load_address>0x1c6f5</load_address>
         <run_address>0x1c6f5</run_address>
         <size>0x3</size>
         <input_file_ref idref="fl-e"/>
      </object_component>
      <object_component id="oc-3c5">
         <name>.const:$P$T0$1</name>
         <load_address>0x1c6f8</load_address>
         <run_address>0x1c6f8</run_address>
         <size>0xb0</size>
         <input_file_ref idref="fl-20"/>
      </object_component>
      <object_component id="oc-506">
         <name>.const:_SlActionLookupTable</name>
         <load_address>0x1c7a8</load_address>
         <run_address>0x1c7a8</run_address>
         <size>0x38</size>
         <input_file_ref idref="fl-18"/>
      </object_component>
      <object_component id="oc-25f">
         <name>.const:$P$T0$1</name>
         <load_address>0x1c7e0</load_address>
         <run_address>0x1c7e0</run_address>
         <size>0x2c</size>
         <input_file_ref idref="fl-16"/>
      </object_component>
      <object_component id="oc-2f2">
         <name>.const:backChannelUart115200Config</name>
         <load_address>0x1c80c</load_address>
         <run_address>0x1c80c</run_address>
         <size>0x24</size>
         <input_file_ref idref="fl-8"/>
      </object_component>
      <object_component id="oc-262">
         <name>.const:$P$T1$2</name>
         <load_address>0x1c830</load_address>
         <run_address>0x1c830</run_address>
         <size>0x14</size>
         <input_file_ref idref="fl-16"/>
      </object_component>
      <object_component id="oc-265">
         <name>.const:$P$T2$3</name>
         <load_address>0x1c844</load_address>
         <run_address>0x1c844</run_address>
         <size>0xc</size>
         <input_file_ref idref="fl-16"/>
      </object_component>
      <object_component id="oc-470">
         <name>.const:yas532_version_ac_coef</name>
         <load_address>0x1c850</load_address>
         <run_address>0x1c850</run_address>
         <size>0xc</size>
         <input_file_ref idref="fl-e"/>
      </object_component>
      <object_component id="oc-500">
         <name>.const:g_H2NCnysPattern</name>
         <load_address>0x1c85c</load_address>
         <run_address>0x1c85c</run_address>
         <size>0x8</size>
         <input_file_ref idref="fl-18"/>
      </object_component>
      <object_component id="oc-4fd">
         <name>.const:g_H2NSyncPattern</name>
         <load_address>0x1c864</load_address>
         <run_address>0x1c864</run_address>
         <size>0x8</size>
         <input_file_ref idref="fl-18"/>
      </object_component>
      <object_component id="oc-474">
         <name>.const:v_calib_data$2</name>
         <load_address>0x1c86c</load_address>
         <run_address>0x1c86c</run_address>
         <size>0x8</size>
         <input_file_ref idref="fl-e"/>
      </object_component>
      <object_component id="oc-2e8">
         <name>.const:.string:$P$T0$1</name>
         <load_address>0x1c874</load_address>
         <run_address>0x1c874</run_address>
         <size>0x5</size>
         <input_file_ref idref="fl-d"/>
      </object_component>
      <object_component id="oc-473">
         <name>.const:.string:v_correct_u8$1</name>
         <load_address>0x1c879</load_address>
         <run_address>0x1c879</run_address>
         <size>0x5</size>
         <input_file_ref idref="fl-e"/>
      </object_component>
      <object_component id="oc-503">
         <name>.const:$P$T0$1</name>
         <load_address>0x1c87e</load_address>
         <run_address>0x1c87e</run_address>
         <size>0x4</size>
         <input_file_ref idref="fl-18"/>
      </object_component>
      <object_component id="oc-41b">
         <name>.const:$P$T0$1</name>
         <load_address>0x1c882</load_address>
         <run_address>0x1c882</run_address>
         <size>0x4</size>
         <input_file_ref idref="fl-1b"/>
      </object_component>
      <object_component id="oc-364">
         <name>.const:$P$T0$1</name>
         <load_address>0x1c886</load_address>
         <run_address>0x1c886</run_address>
         <size>0x4</size>
         <input_file_ref idref="fl-1e"/>
      </object_component>
      <object_component id="oc-367">
         <name>.const:$P$T1$2</name>
         <load_address>0x1c88a</load_address>
         <run_address>0x1c88a</run_address>
         <size>0x4</size>
         <input_file_ref idref="fl-1e"/>
      </object_component>
      <object_component id="oc-3c8">
         <name>.const:$P$T1$2</name>
         <load_address>0x1c88e</load_address>
         <run_address>0x1c88e</run_address>
         <size>0x4</size>
         <input_file_ref idref="fl-20"/>
      </object_component>
      <object_component id="oc-36d">
         <name>.const:$P$T2$3</name>
         <load_address>0x1c892</load_address>
         <run_address>0x1c892</run_address>
         <size>0x4</size>
         <input_file_ref idref="fl-1e"/>
      </object_component>
      <object_component id="oc-3d1">
         <name>.const:$P$T2$3</name>
         <load_address>0x1c896</load_address>
         <run_address>0x1c896</run_address>
         <size>0x4</size>
         <input_file_ref idref="fl-20"/>
      </object_component>
      <object_component id="oc-3e6">
         <name>.const:$P$T3$4</name>
         <load_address>0x1c89a</load_address>
         <run_address>0x1c89a</run_address>
         <size>0x4</size>
         <input_file_ref idref="fl-20"/>
      </object_component>
      <object_component id="oc-379">
         <name>.const:_SlAcceptCmdCtrl</name>
         <load_address>0x1c89e</load_address>
         <run_address>0x1c89e</run_address>
         <size>0x4</size>
         <input_file_ref idref="fl-1e"/>
      </object_component>
      <object_component id="oc-3af">
         <name>.const:_SlDeviceGetCmdCtrl</name>
         <load_address>0x1c8a2</load_address>
         <run_address>0x1c8a2</run_address>
         <size>0x4</size>
         <input_file_ref idref="fl-17"/>
      </object_component>
      <object_component id="oc-3b2">
         <name>.const:_SlDeviceSetCmdCtrl</name>
         <load_address>0x1c8a6</load_address>
         <run_address>0x1c8a6</run_address>
         <size>0x4</size>
         <input_file_ref idref="fl-17"/>
      </object_component>
      <object_component id="oc-3ac">
         <name>.const:_SlEventMaskGetCmdCtrl</name>
         <load_address>0x1c8aa</load_address>
         <run_address>0x1c8aa</run_address>
         <size>0x4</size>
         <input_file_ref idref="fl-17"/>
      </object_component>
      <object_component id="oc-3a9">
         <name>.const:_SlEventMaskSetCmdCtrl</name>
         <load_address>0x1c8ae</load_address>
         <run_address>0x1c8ae</run_address>
         <size>0x4</size>
         <input_file_ref idref="fl-17"/>
      </object_component>
      <object_component id="oc-418">
         <name>.const:_SlGetHostByNameCtrl</name>
         <load_address>0x1c8b2</load_address>
         <run_address>0x1c8b2</run_address>
         <size>0x4</size>
         <input_file_ref idref="fl-1b"/>
      </object_component>
      <object_component id="oc-415">
         <name>.const:_SlGetHostByServiceCtrl</name>
         <load_address>0x1c8b6</load_address>
         <run_address>0x1c8b6</run_address>
         <size>0x4</size>
         <input_file_ref idref="fl-1b"/>
      </object_component>
      <object_component id="oc-40f">
         <name>.const:_SlGetServiceListeCtrl</name>
         <load_address>0x1c8ba</load_address>
         <run_address>0x1c8ba</run_address>
         <size>0x4</size>
         <input_file_ref idref="fl-1b"/>
      </object_component>
      <object_component id="oc-382">
         <name>.const:_SlGetSockOptCmdCtrl</name>
         <load_address>0x1c8be</load_address>
         <run_address>0x1c8be</run_address>
         <size>0x4</size>
         <input_file_ref idref="fl-1e"/>
      </object_component>
      <object_component id="oc-376">
         <name>.const:_SlListenCmdCtrl</name>
         <load_address>0x1c8c2</load_address>
         <run_address>0x1c8c2</run_address>
         <size>0x4</size>
         <input_file_ref idref="fl-1e"/>
      </object_component>
      <object_component id="oc-424">
         <name>.const:_SlNetAppGetCmdCtrl</name>
         <load_address>0x1c8c6</load_address>
         <run_address>0x1c8c6</run_address>
         <size>0x4</size>
         <input_file_ref idref="fl-1b"/>
      </object_component>
      <object_component id="oc-421">
         <name>.const:_SlNetAppSendTokenValueCmdCtrl</name>
         <load_address>0x1c8ca</load_address>
         <run_address>0x1c8ca</run_address>
         <size>0x4</size>
         <input_file_ref idref="fl-1b"/>
      </object_component>
      <object_component id="oc-41e">
         <name>.const:_SlNetAppSetCmdCtrl</name>
         <load_address>0x1c8ce</load_address>
         <run_address>0x1c8ce</run_address>
         <size>0x4</size>
         <input_file_ref idref="fl-1b"/>
      </object_component>
      <object_component id="oc-409">
         <name>.const:_SlNetAppStartCtrl</name>
         <load_address>0x1c8d2</load_address>
         <run_address>0x1c8d2</run_address>
         <size>0x4</size>
         <input_file_ref idref="fl-1b"/>
      </object_component>
      <object_component id="oc-40c">
         <name>.const:_SlNetAppStopCtrl</name>
         <load_address>0x1c8d6</load_address>
         <run_address>0x1c8d6</run_address>
         <size>0x4</size>
         <input_file_ref idref="fl-1b"/>
      </object_component>
      <object_component id="oc-3ff">
         <name>.const:_SlNetCfgGetCmdCtrl</name>
         <load_address>0x1c8da</load_address>
         <run_address>0x1c8da</run_address>
         <size>0x4</size>
         <input_file_ref idref="fl-1c"/>
      </object_component>
      <object_component id="oc-3fc">
         <name>.const:_SlNetCfgSetCmdCtrl</name>
         <load_address>0x1c8de</load_address>
         <run_address>0x1c8de</run_address>
         <size>0x4</size>
         <input_file_ref idref="fl-1c"/>
      </object_component>
      <object_component id="oc-3ce">
         <name>.const:_SlPolicyGetCmdCtrl</name>
         <load_address>0x1c8e2</load_address>
         <run_address>0x1c8e2</run_address>
         <size>0x4</size>
         <input_file_ref idref="fl-20"/>
      </object_component>
      <object_component id="oc-3cb">
         <name>.const:_SlPolicySetCmdCtrl</name>
         <load_address>0x1c8e6</load_address>
         <run_address>0x1c8e6</run_address>
         <size>0x4</size>
         <input_file_ref idref="fl-20"/>
      </object_component>
      <object_component id="oc-3d7">
         <name>.const:_SlProfileDelCmdCtrl</name>
         <load_address>0x1c8ea</load_address>
         <run_address>0x1c8ea</run_address>
         <size>0x4</size>
         <input_file_ref idref="fl-20"/>
      </object_component>
      <object_component id="oc-3d4">
         <name>.const:_SlProfileGetCmdCtrl</name>
         <load_address>0x1c8ee</load_address>
         <run_address>0x1c8ee</run_address>
         <size>0x4</size>
         <input_file_ref idref="fl-20"/>
      </object_component>
      <object_component id="oc-37c">
         <name>.const:_SlRecvCmdCtrl</name>
         <load_address>0x1c8f2</load_address>
         <run_address>0x1c8f2</run_address>
         <size>0x4</size>
         <input_file_ref idref="fl-1e"/>
      </object_component>
      <object_component id="oc-36a">
         <name>.const:_SlRecvfomCmdCtrl</name>
         <load_address>0x1c8f6</load_address>
         <run_address>0x1c8f6</run_address>
         <size>0x4</size>
         <input_file_ref idref="fl-1e"/>
      </object_component>
      <object_component id="oc-412">
         <name>.const:_SlRegisterServiceCtrl</name>
         <load_address>0x1c8fa</load_address>
         <run_address>0x1c8fa</run_address>
         <size>0x4</size>
         <input_file_ref idref="fl-1b"/>
      </object_component>
      <object_component id="oc-3dd">
         <name>.const:_SlRxFilterAddtCmdCtrl</name>
         <load_address>0x1c8fe</load_address>
         <run_address>0x1c8fe</run_address>
         <size>0x4</size>
         <input_file_ref idref="fl-20"/>
      </object_component>
      <object_component id="oc-3e3">
         <name>.const:_SlRxFilterGetCmdCtrl</name>
         <load_address>0x1c902</load_address>
         <run_address>0x1c902</run_address>
         <size>0x4</size>
         <input_file_ref idref="fl-20"/>
      </object_component>
      <object_component id="oc-3e0">
         <name>.const:_SlRxFilterSetCmdCtrl</name>
         <load_address>0x1c906</load_address>
         <run_address>0x1c906</run_address>
         <size>0x4</size>
         <input_file_ref idref="fl-20"/>
      </object_component>
      <object_component id="oc-385">
         <name>.const:_SlSelectCmdCtrl</name>
         <load_address>0x1c90a</load_address>
         <run_address>0x1c90a</run_address>
         <size>0x4</size>
         <input_file_ref idref="fl-1e"/>
      </object_component>
      <object_component id="oc-373">
         <name>.const:_SlSendCmdCtrl</name>
         <load_address>0x1c90e</load_address>
         <run_address>0x1c90e</run_address>
         <size>0x4</size>
         <input_file_ref idref="fl-1e"/>
      </object_component>
      <object_component id="oc-37f">
         <name>.const:_SlSetSockOptCmdCtrl</name>
         <load_address>0x1c912</load_address>
         <run_address>0x1c912</run_address>
         <size>0x4</size>
         <input_file_ref idref="fl-1e"/>
      </object_component>
      <object_component id="oc-3e9">
         <name>.const:_SlSmartConfigStartCmdCtrl</name>
         <load_address>0x1c916</load_address>
         <run_address>0x1c916</run_address>
         <size>0x4</size>
         <input_file_ref idref="fl-20"/>
      </object_component>
      <object_component id="oc-361">
         <name>.const:_SlSockCloseCmdCtrl</name>
         <load_address>0x1c91a</load_address>
         <run_address>0x1c91a</run_address>
         <size>0x4</size>
         <input_file_ref idref="fl-1e"/>
      </object_component>
      <object_component id="oc-35e">
         <name>.const:_SlSockSocketCmdCtrl</name>
         <load_address>0x1c91e</load_address>
         <run_address>0x1c91e</run_address>
         <size>0x4</size>
         <input_file_ref idref="fl-1e"/>
      </object_component>
      <object_component id="oc-3a6">
         <name>.const:_SlStopCmdCtrl</name>
         <load_address>0x1c922</load_address>
         <run_address>0x1c922</run_address>
         <size>0x4</size>
         <input_file_ref idref="fl-17"/>
      </object_component>
      <object_component id="oc-3f2">
         <name>.const:_SlWlanCfgGetCmdCtrl</name>
         <load_address>0x1c926</load_address>
         <run_address>0x1c926</run_address>
         <size>0x4</size>
         <input_file_ref idref="fl-20"/>
      </object_component>
      <object_component id="oc-3ef">
         <name>.const:_SlWlanCfgSetCmdCtrl</name>
         <load_address>0x1c92a</load_address>
         <run_address>0x1c92a</run_address>
         <size>0x4</size>
         <input_file_ref idref="fl-20"/>
      </object_component>
      <object_component id="oc-3da">
         <name>.const:_SlWlanGetNetworkListCtrl</name>
         <load_address>0x1c92e</load_address>
         <run_address>0x1c92e</run_address>
         <size>0x4</size>
         <input_file_ref idref="fl-20"/>
      </object_component>
      <object_component id="oc-3ec">
         <name>.const:_SlWlanSetModeCmdCtrl</name>
         <load_address>0x1c932</load_address>
         <run_address>0x1c932</run_address>
         <size>0x4</size>
         <input_file_ref idref="fl-20"/>
      </object_component>
      <object_component id="oc-701">
         <name>.cinit..data.load</name>
         <load_address>0x1c938</load_address>
         <run_address>0x1c938</run_address>
         <size>0x56</size>
      </object_component>
      <object_component id="oc-6ff">
         <name>__TI_handler_table</name>
         <load_address>0x1c990</load_address>
         <run_address>0x1c990</run_address>
         <size>0xc</size>
      </object_component>
      <object_component id="oc-702">
         <name>.cinit..bss.load</name>
         <load_address>0x1c9a0</load_address>
         <run_address>0x1c9a0</run_address>
         <size>0x8</size>
      </object_component>
      <object_component id="oc-700">
         <name>__TI_cinit_table</name>
         <load_address>0x1c9a8</load_address>
         <run_address>0x1c9a8</run_address>
         <size>0x10</size>
      </object_component>
      <object_component id="oc-6dc">
         <name>.binit</name>
         <load_address>0x0</load_address>
         <run_address>0x0</run_address>
         <size>0x0</size>
      </object_component>
      <object_component id="oc-283">
         <name>.data</name>
         <load_address>0x2000e000</load_address>
         <run_address>0x2000e000</run_address>
         <size>0x33</size>
         <input_file_ref idref="fl-2"/>
      </object_component>
      <object_component id="oc-17e">
         <name>.data</name>
         <load_address>0x2000e0d0</load_address>
         <run_address>0x2000e0d0</run_address>
         <size>0x4</size>
         <input_file_ref idref="fl-5"/>
      </object_component>
      <object_component id="oc-461">
         <name>.data</name>
         <load_address>0x2000e0bc</load_address>
         <run_address>0x2000e0bc</run_address>
         <size>0x8</size>
         <input_file_ref idref="fl-e"/>
      </object_component>
      <object_component id="oc-459">
         <name>.data:v_fifo_data_u8</name>
         <load_address>0x2000dc00</load_address>
         <run_address>0x2000dc00</run_address>
         <size>0x400</size>
         <input_file_ref idref="fl-e"/>
      </object_component>
      <object_component id="oc-137">
         <name>.data</name>
         <load_address>0x2000e033</load_address>
         <run_address>0x2000e033</run_address>
         <size>0x1</size>
         <input_file_ref idref="fl-11"/>
      </object_component>
      <object_component id="oc-12f">
         <name>.data:i2cConfig</name>
         <load_address>0x2000e078</load_address>
         <run_address>0x2000e078</run_address>
         <size>0x14</size>
         <input_file_ref idref="fl-11"/>
      </object_component>
      <object_component id="oc-117">
         <name>.data</name>
         <load_address>0x2000e0c4</load_address>
         <run_address>0x2000e0c4</run_address>
         <size>0x4</size>
         <input_file_ref idref="fl-15"/>
      </object_component>
      <object_component id="oc-23e">
         <name>.data</name>
         <load_address>0x2000e064</load_address>
         <run_address>0x2000e064</run_address>
         <size>0x14</size>
         <input_file_ref idref="fl-16"/>
      </object_component>
      <object_component id="oc-370">
         <name>.data</name>
         <load_address>0x2000e0a8</load_address>
         <run_address>0x2000e0a8</run_address>
         <size>0x9</size>
         <input_file_ref idref="fl-18"/>
      </object_component>
      <object_component id="oc-e7">
         <name>.data</name>
         <load_address>0x2000e08c</load_address>
         <run_address>0x2000e08c</run_address>
         <size>0x10</size>
         <input_file_ref idref="fl-24"/>
      </object_component>
      <object_component id="oc-217">
         <name>.data:GPIO_PORT_TO_BASE</name>
         <load_address>0x2000e034</load_address>
         <run_address>0x2000e034</run_address>
         <size>0x30</size>
         <input_file_ref idref="fl-2e"/>
      </object_component>
      <object_component id="oc-c3">
         <name>.data:$O1$$</name>
         <load_address>0x2000e09c</load_address>
         <run_address>0x2000e09c</run_address>
         <size>0xc</size>
         <input_file_ref idref="fl-ef"/>
      </object_component>
      <object_component id="oc-71">
         <name>.data</name>
         <load_address>0x2000e0cc</load_address>
         <run_address>0x2000e0cc</run_address>
         <size>0x4</size>
         <input_file_ref idref="fl-f7"/>
      </object_component>
      <object_component id="oc-c6">
         <name>.data:$O1$$</name>
         <load_address>0x2000e0b4</load_address>
         <run_address>0x2000e0b4</run_address>
         <size>0x8</size>
         <input_file_ref idref="fl-f8"/>
      </object_component>
      <object_component id="oc-69c">
         <name>.data</name>
         <load_address>0x2000e0c8</load_address>
         <run_address>0x2000e0c8</run_address>
         <size>0x4</size>
         <input_file_ref idref="fl-10e"/>
      </object_component>
      <object_component id="oc-2f5">
         <name>.bss:backChannelStringBuff</name>
         <uninitialized>true</uninitialized>
         <run_address>0x2000d858</run_address>
         <size>0x100</size>
         <input_file_ref idref="fl-8"/>
      </object_component>
      <object_component id="oc-480">
         <name>.bss</name>
         <uninitialized>true</uninitialized>
         <run_address>0x2000db90</run_address>
         <size>0x4</size>
         <input_file_ref idref="fl-c"/>
      </object_component>
      <object_component id="oc-456">
         <name>.bss</name>
         <uninitialized>true</uninitialized>
         <run_address>0x2000db94</run_address>
         <size>0x4</size>
         <input_file_ref idref="fl-e"/>
      </object_component>
      <object_component id="oc-464">
         <name>.bss:mag_trim</name>
         <uninitialized>true</uninitialized>
         <run_address>0x2000db60</run_address>
         <size>0x10</size>
         <input_file_ref idref="fl-e"/>
      </object_component>
      <object_component id="oc-467">
         <name>.bss:akm_asa_data</name>
         <uninitialized>true</uninitialized>
         <run_address>0x2000dbec</run_address>
         <size>0x3</size>
         <input_file_ref idref="fl-e"/>
      </object_component>
      <object_component id="oc-46a">
         <name>.bss:yas532_data</name>
         <uninitialized>true</uninitialized>
         <run_address>0x2000d9d0</run_address>
         <size>0x70</size>
         <input_file_ref idref="fl-e"/>
      </object_component>
      <object_component id="oc-2ba">
         <name>.bss:buf</name>
         <uninitialized>true</uninitialized>
         <run_address>0x2000db98</run_address>
         <size>0x4</size>
         <input_file_ref idref="fl-14"/>
      </object_component>
      <object_component id="oc-2b7">
         <name>.bss</name>
         <uninitialized>true</uninitialized>
         <run_address>0x2000dbf0</run_address>
         <size>0x2</size>
         <input_file_ref idref="fl-14"/>
      </object_component>
      <object_component id="oc-268">
         <name>.bss</name>
         <uninitialized>true</uninitialized>
         <run_address>0x2000db9c</run_address>
         <size>0x4</size>
         <input_file_ref idref="fl-16"/>
      </object_component>
      <object_component id="oc-f6">
         <name>.bss:threadControlBlocks</name>
         <uninitialized>true</uninitialized>
         <run_address>0x2000c800</run_address>
         <size>0x4b0</size>
         <input_file_ref idref="fl-24"/>
      </object_component>
      <object_component id="oc-eb">
         <name>.bss:periodicEvents</name>
         <uninitialized>true</uninitialized>
         <run_address>0x2000d958</run_address>
         <size>0x78</size>
         <input_file_ref idref="fl-24"/>
      </object_component>
      <object_component id="oc-f9">
         <name>.bss:threadStacks</name>
         <uninitialized>true</uninitialized>
         <run_address>0x20000000</run_address>
         <size>0xc800</size>
         <input_file_ref idref="fl-24"/>
      </object_component>
      <object_component id="oc-ee">
         <name>.bss</name>
         <uninitialized>true</uninitialized>
         <run_address>0x2000db70</run_address>
         <size>0xa</size>
         <input_file_ref idref="fl-24"/>
      </object_component>
      <object_component id="oc-d5">
         <name>.common:CurrentlyRunningThread</name>
         <uninitialized>true</uninitialized>
         <run_address>0x2000dba8</run_address>
         <size>0x4</size>
      </object_component>
      <object_component id="oc-28f">
         <name>.common:balls</name>
         <uninitialized>true</uninitialized>
         <run_address>0x2000da40</run_address>
         <size>0x48</size>
      </object_component>
      <object_component id="oc-28e">
         <name>.common:bufferToClient</name>
         <uninitialized>true</uninitialized>
         <run_address>0x2000daec</run_address>
         <size>0x20</size>
      </object_component>
      <object_component id="oc-28b">
         <name>.common:bufferToHost</name>
         <uninitialized>true</uninitialized>
         <run_address>0x2000db0c</run_address>
         <size>0x20</size>
      </object_component>
      <object_component id="oc-28c">
         <name>.common:bufferIP</name>
         <uninitialized>true</uninitialized>
         <run_address>0x2000dbb8</run_address>
         <size>0x4</size>
      </object_component>
      <object_component id="oc-297">
         <name>.common:ack</name>
         <uninitialized>true</uninitialized>
         <run_address>0x2000dbb4</run_address>
         <size>0x4</size>
      </object_component>
      <object_component id="oc-15b">
         <name>.common:wifi</name>
         <uninitialized>true</uninitialized>
         <run_address>0x2000dbe8</run_address>
         <size>0x4</size>
      </object_component>
      <object_component id="oc-15c">
         <name>.common:globalsem</name>
         <uninitialized>true</uninitialized>
         <run_address>0x2000dbd0</run_address>
         <size>0x4</size>
      </object_component>
      <object_component id="oc-282">
         <name>.common:draw</name>
         <uninitialized>true</uninitialized>
         <run_address>0x2000dbc8</run_address>
         <size>0x4</size>
      </object_component>
      <object_component id="oc-290">
         <name>.common:xCoord</name>
         <uninitialized>true</uninitialized>
         <run_address>0x2000dbfa</run_address>
         <size>0x2</size>
      </object_component>
      <object_component id="oc-291">
         <name>.common:yCoord</name>
         <uninitialized>true</uninitialized>
         <run_address>0x2000dbfc</run_address>
         <size>0x2</size>
      </object_component>
      <object_component id="oc-286">
         <name>.common:host</name>
         <uninitialized>true</uninitialized>
         <run_address>0x2000db8b</run_address>
         <size>0x5</size>
      </object_component>
      <object_component id="oc-287">
         <name>.common:client</name>
         <uninitialized>true</uninitialized>
         <run_address>0x2000db86</run_address>
         <size>0x5</size>
      </object_component>
      <object_component id="oc-288">
         <name>.common:oldhost</name>
         <uninitialized>true</uninitialized>
         <run_address>0x2000dbf8</run_address>
         <size>0x2</size>
      </object_component>
      <object_component id="oc-289">
         <name>.common:oldclient</name>
         <uninitialized>true</uninitialized>
         <run_address>0x2000dbf6</run_address>
         <size>0x2</size>
      </object_component>
      <object_component id="oc-292">
         <name>.common:oldballs</name>
         <uninitialized>true</uninitialized>
         <run_address>0x2000db2c</run_address>
         <size>0x20</size>
      </object_component>
      <object_component id="oc-295">
         <name>.common:hostScore</name>
         <uninitialized>true</uninitialized>
         <run_address>0x2000dbd8</run_address>
         <size>0x4</size>
      </object_component>
      <object_component id="oc-293">
         <name>.common:clientScore</name>
         <uninitialized>true</uninitialized>
         <run_address>0x2000dbbc</run_address>
         <size>0x4</size>
      </object_component>
      <object_component id="oc-294">
         <name>.common:clientScoreChanged</name>
         <uninitialized>true</uninitialized>
         <run_address>0x2000dbc0</run_address>
         <size>0x4</size>
      </object_component>
      <object_component id="oc-296">
         <name>.common:HostScoreChanged</name>
         <uninitialized>true</uninitialized>
         <run_address>0x2000dbac</run_address>
         <size>0x4</size>
      </object_component>
      <object_component id="oc-298">
         <name>.common:global_x</name>
         <uninitialized>true</uninitialized>
         <run_address>0x2000dbf2</run_address>
         <size>0x2</size>
      </object_component>
      <object_component id="oc-299">
         <name>.common:global_y</name>
         <uninitialized>true</uninitialized>
         <run_address>0x2000dbf4</run_address>
         <size>0x2</size>
      </object_component>
      <object_component id="oc-28a">
         <name>.common:ClientIP</name>
         <uninitialized>true</uninitialized>
         <run_address>0x2000dba4</run_address>
         <size>0x4</size>
      </object_component>
      <object_component id="oc-28d">
         <name>.common:displayarr</name>
         <uninitialized>true</uninitialized>
         <run_address>0x2000dbc4</run_address>
         <size>0x4</size>
      </object_component>
      <object_component id="oc-2db">
         <name>.common:ButtonFunction</name>
         <uninitialized>true</uninitialized>
[...]
         <object_component_ref idref="oc-129"/>
      </symbol>
      <symbol id="sm-1960">
         <name>PCM_setCoreVoltageLevel</name>
         <value>0x1bfcf</value>
         <object_component_ref idref="oc-2a2"/>
      </symbol>
      <symbol id="sm-1961">
         <name>PCM_getCoreVoltageLevel</name>
         <value>0x1bce3</value>
         <object_component_ref idref="oc-590"/>
      </symbol>
      <symbol id="sm-1962">
         <name>PCM_getPowerMode</name>
         <value>0x1bd0f</value>
         <object_component_ref idref="oc-58a"/>
      </symbol>
      <symbol id="sm-1963">
         <name>PCM_getPowerState</name>
         <value>0x1bfa1</value>
         <object_component_ref idref="oc-596"/>
      </symbol>
      <symbol id="sm-1964">
         <name>PCM_setPowerMode</name>
         <value>0x1bfd7</value>
         <object_component_ref idref="oc-59c"/>
      </symbol>
      <symbol id="sm-19b6">
         <name>EUSCI_B_SPI_isBusy</name>
         <value>0x1bded</value>
         <object_component_ref idref="oc-4d1"/>
      </symbol>
      <symbol id="sm-19b7">
         <name>EUSCI_B_SPI_receiveData</name>
         <value>0x1bfeb</value>
         <object_component_ref idref="oc-65b"/>
      </symbol>
      <symbol id="sm-19b8">
         <name>EUSCI_A_SPI_receiveData</name>
         <value>0x1bfe5</value>
         <object_component_ref idref="oc-655"/>
      </symbol>
      <symbol id="sm-19b9">
         <name>EUSCI_A_SPI_transmitData</name>
         <value>0x1bff7</value>
         <object_component_ref idref="oc-647"/>
      </symbol>
      <symbol id="sm-19ba">
         <name>EUSCI_B_SPI_transmitData</name>
         <value>0x1bffb</value>
         <object_component_ref idref="oc-641"/>
      </symbol>
      <symbol id="sm-19bb">
         <name>SPI_transmitData</name>
         <value>0x1bdcd</value>
         <object_component_ref idref="oc-4cb"/>
      </symbol>
      <symbol id="sm-19bc">
         <name>SPI_receiveData</name>
         <value>0x1be41</value>
         <object_component_ref idref="oc-4dd"/>
      </symbol>
      <symbol id="sm-19ef">
         <name>SysCtl_getNMISourceStatus</name>
         <value>0x1bfad</value>
         <object_component_ref idref="oc-5a4"/>
      </symbol>
      <symbol id="sm-19f0">
         <name>SysCtl_enableNMISource</name>
         <value>0x1bf65</value>
         <object_component_ref idref="oc-5b6"/>
      </symbol>
      <symbol id="sm-19f1">
         <name>SysCtl_disableNMISource</name>
         <value>0x1bf55</value>
         <object_component_ref idref="oc-5aa"/>
      </symbol>
      <symbol id="sm-19f2">
         <name>SysCtl_getTLVInfo</name>
         <value>0x1b949</value>
         <object_component_ref idref="oc-4ec"/>
      </symbol>
      <symbol id="sm-1a08">
         <name>WDT_A_clearTimer</name>
         <value>0x1be8d</value>
         <object_component_ref idref="oc-1b9"/>
      </symbol>
      <symbol id="sm-1a09">
         <name>WDT_A_holdTimer</name>
         <value>0x1bea5</value>
         <object_component_ref idref="oc-1bf"/>
      </symbol>
      <symbol id="sm-1a1b">
         <name>_c_int00</name>
         <value>0x1b84d</value>
         <object_component_ref idref="oc-26"/>
      </symbol>
      <symbol id="sm-1a1c">
         <name>__stack</name>
         <value>0x2000fe00</value>
         <object_component_ref idref="oc-2f"/>
      </symbol>
      <symbol id="sm-1a3a">
         <name>__TI_decompress_lzss</name>
         <value>0x1b721</value>
         <object_component_ref idref="oc-14"/>
      </symbol>
      <symbol id="sm-1a51">
         <name>__TI_decompress_none</name>
         <value>0x1bf83</value>
         <object_component_ref idref="oc-1a"/>
      </symbol>
      <symbol id="sm-1a63">
         <name>__TI_zero_init</name>
         <value>0x1bfb9</value>
         <object_component_ref idref="oc-20"/>
      </symbol>
      <symbol id="sm-1a84">
         <name>C$$EXIT</name>
         <value>0x1b8a1</value>
         <object_component_ref idref="oc-6b"/>
      </symbol>
      <symbol id="sm-1a85">
         <name>abort</name>
         <value>0x1b8a5</value>
         <object_component_ref idref="oc-6b"/>
      </symbol>
      <symbol id="sm-1a86">
         <name>exit</name>
         <value>0x1b8ad</value>
         <object_component_ref idref="oc-6b"/>
      </symbol>
      <symbol id="sm-1a87">
         <name>__TI_dtors_ptr</name>
         <value>0x2000e0a0</value>
         <object_component_ref idref="oc-c3"/>
      </symbol>
      <symbol id="sm-1a88">
         <name>__TI_cleanup_ptr</name>
         <value>0x2000e09c</value>
         <object_component_ref idref="oc-c3"/>
      </symbol>
      <symbol id="sm-1a89">
         <name>__TI_enable_exit_profile_output</name>
         <value>0x2000e0a4</value>
         <object_component_ref idref="oc-c3"/>
      </symbol>
      <symbol id="sm-1aa8">
         <name>__aeabi_ldivmod</name>
         <value>0x19cfd</value>
         <object_component_ref idref="oc-488"/>
      </symbol>
      <symbol id="sm-1ab1">
         <name>__aeabi_lmul</name>
         <value>0x1bed5</value>
         <object_component_ref idref="oc-483"/>
      </symbol>
      <symbol id="sm-1acc">
         <name>memcpy</name>
         <value>0x1b281</value>
         <object_component_ref idref="oc-3b"/>
      </symbol>
      <symbol id="sm-1acd">
         <name>__aeabi_memcpy</name>
         <value>0x1b281</value>
         <object_component_ref idref="oc-3b"/>
      </symbol>
      <symbol id="sm-1ace">
         <name>__aeabi_memcpy8</name>
         <value>0x1b281</value>
         <object_component_ref idref="oc-3b"/>
      </symbol>
      <symbol id="sm-1acf">
         <name>__aeabi_memcpy4</name>
         <value>0x1b281</value>
         <object_component_ref idref="oc-3b"/>
      </symbol>
      <symbol id="sm-1ade">
         <name>__aeabi_memset</name>
         <value>0x1b5c7</value>
         <object_component_ref idref="oc-47"/>
      </symbol>
      <symbol id="sm-1adf">
         <name>memset</name>
         <value>0x1b5cd</value>
         <object_component_ref idref="oc-47"/>
      </symbol>
      <symbol id="sm-1ae0">
         <name>__aeabi_memset8</name>
         <value>0x1b5c7</value>
         <object_component_ref idref="oc-47"/>
      </symbol>
      <symbol id="sm-1ae1">
         <name>__aeabi_memset4</name>
         <value>0x1b5c7</value>
         <object_component_ref idref="oc-47"/>
      </symbol>
      <symbol id="sm-1ae2">
         <name>__aeabi_memclr8</name>
         <value>0x1b5c5</value>
         <object_component_ref idref="oc-47"/>
      </symbol>
      <symbol id="sm-1ae3">
         <name>__aeabi_memclr4</name>
         <value>0x1b5c5</value>
         <object_component_ref idref="oc-47"/>
      </symbol>
      <symbol id="sm-1ae4">
         <name>__aeabi_memclr</name>
         <value>0x1b5c5</value>
         <object_component_ref idref="oc-47"/>
      </symbol>
      <symbol id="sm-1aee">
         <name>__mpu_init</name>
         <value>0x19f1b</value>
         <object_component_ref idref="oc-53"/>
      </symbol>
      <symbol id="sm-1af8">
         <name>_system_pre_init</name>
         <value>0x1bfff</value>
         <object_component_ref idref="oc-59"/>
      </symbol>
      <symbol id="sm-1b19">
         <name>snprintf</name>
         <value>0x1b31d</value>
         <object_component_ref idref="oc-2ec"/>
      </symbol>
      <symbol id="sm-1b21">
         <name>main_func_sp</name>
         <value>0x2000e0cc</value>
         <object_component_ref idref="oc-71"/>
      </symbol>
      <symbol id="sm-1b3a">
         <name>_nop</name>
         <value>0x1bf27</value>
         <object_component_ref idref="oc-172"/>
      </symbol>
      <symbol id="sm-1b3b">
         <name>_lock</name>
         <value>0x2000e0b4</value>
         <object_component_ref idref="oc-c6"/>
      </symbol>
      <symbol id="sm-1b3c">
         <name>_unlock</name>
         <value>0x2000e0b8</value>
         <object_component_ref idref="oc-c6"/>
      </symbol>
      <symbol id="sm-1b3d">
         <name>_register_lock</name>
         <value>0x1bf1f</value>
         <object_component_ref idref="oc-172"/>
      </symbol>
      <symbol id="sm-1b3e">
         <name>_register_unlock</name>
         <value>0x1bf19</value>
         <object_component_ref idref="oc-172"/>
      </symbol>
      <symbol id="sm-1c3f">
         <name>__TI_printfi</name>
         <value>0x12ef9</value>
         <object_component_ref idref="oc-498"/>
      </symbol>
      <symbol id="sm-1c53">
         <name>_args_main</name>
         <value>0x1bebd</value>
         <object_component_ref idref="oc-65"/>
      </symbol>
      <symbol id="sm-1c69">
         <name>atoi</name>
         <value>0x1ba31</value>
         <object_component_ref idref="oc-621"/>
      </symbol>
      <symbol id="sm-1c93">
         <name>__TI_auto_init</name>
         <value>0x1b6b1</value>
         <object_component_ref idref="oc-5f"/>
      </symbol>
      <symbol id="sm-1cad">
         <name>copy_in</name>
         <value>0x1ba7d</value>
         <object_component_ref idref="oc-ad"/>
      </symbol>
      <symbol id="sm-1cb8">
         <name>_ctypes_</name>
         <value>0x1c5f4</value>
         <object_component_ref idref="oc-6a3"/>
      </symbol>
      <symbol id="sm-1ccf">
         <name>__aeabi_dsub</name>
         <value>0x1a321</value>
         <object_component_ref idref="oc-60a"/>
      </symbol>
      <symbol id="sm-1cd0">
         <name>__aeabi_dadd</name>
         <value>0x1a32b</value>
         <object_component_ref idref="oc-60a"/>
      </symbol>
      <symbol id="sm-1cf2">
         <name>__aeabi_cdcmpeq</name>
         <value>0x1b439</value>
         <object_component_ref idref="oc-5e6"/>
      </symbol>
      <symbol id="sm-1cf3">
         <name>__aeabi_cdcmple</name>
         <value>0x1b439</value>
         <object_component_ref idref="oc-5e6"/>
      </symbol>
      <symbol id="sm-1cf4">
         <name>__aeabi_cdrcmple</name>
         <value>0x1b4bf</value>
         <object_component_ref idref="oc-5f5"/>
      </symbol>
      <symbol id="sm-1d08">
         <name>__aeabi_ddiv</name>
         <value>0x1a655</value>
         <object_component_ref idref="oc-5f0"/>
      </symbol>
      <symbol id="sm-1d13">
         <name>__aeabi_dmul</name>
         <value>0x1abcf</value>
         <object_component_ref idref="oc-5eb"/>
      </symbol>
      <symbol id="sm-1d1d">
         <name>__aeabi_d2iz</name>
         <value>0x1bb11</value>
         <object_component_ref idref="oc-5fa"/>
      </symbol>
      <symbol id="sm-1d27">
         <name>__aeabi_i2d</name>
         <value>0x1bcb5</value>
         <object_component_ref idref="oc-605"/>
      </symbol>
      <symbol id="sm-1d31">
         <name>__aeabi_ldiv0</name>
         <value>0x137f3</value>
         <object_component_ref idref="oc-5d2"/>
      </symbol>
      <symbol id="sm-1d40">
         <name>ltoa</name>
         <value>0x1b8f5</value>
         <object_component_ref idref="oc-5ff"/>
      </symbol>
      <symbol id="sm-1d50">
         <name>memccpy</name>
         <value>0x1be25</value>
         <object_component_ref idref="oc-627"/>
      </symbol>
      <symbol id="sm-1d6b">
         <name>frexpl</name>
         <value>0x1b789</value>
         <object_component_ref idref="oc-60f"/>
      </symbol>
      <symbol id="sm-1d6c">
         <name>frexp</name>
         <value>0x1b789</value>
         <object_component_ref idref="oc-60f"/>
      </symbol>
      <symbol id="sm-1d89">
         <name>scalbn</name>
         <value>0x1accd</value>
         <object_component_ref idref="oc-615"/>
      </symbol>
      <symbol id="sm-1d8a">
         <name>scalbnl</name>
         <value>0x1accd</value>
         <object_component_ref idref="oc-615"/>
      </symbol>
      <symbol id="sm-1d8b">
         <name>ldexpl</name>
         <value>0x1accd</value>
         <object_component_ref idref="oc-615"/>
      </symbol>
      <symbol id="sm-1d8c">
         <name>ldexp</name>
         <value>0x1accd</value>
         <object_component_ref idref="oc-615"/>
      </symbol>
      <symbol id="sm-1d96">
         <name>_system_post_cinit</name>
         <value>0x1a4d7</value>
         <object_component_ref idref="oc-b3"/>
      </symbol>
      <symbol id="sm-1da6">
         <name>strchr</name>
         <value>0x1beed</value>
         <object_component_ref idref="oc-61b"/>
      </symbol>
      <symbol id="sm-1db4">
         <name>strlen</name>
         <value>0x1bf41</value>
         <object_component_ref idref="oc-5e0"/>
      </symbol>
      <symbol id="sm-1dd0">
         <name>__aeabi_uldivmod</name>
         <value>0x1a12d</value>
         <object_component_ref idref="oc-5db"/>
      </symbol>
      <symbol id="sm-1dd8">
         <name>errno</name>
         <value>0x2000e0c8</value>
         <object_component_ref idref="oc-69c"/>
      </symbol>
      <symbol id="sm-1de2">
         <name>copysign</name>
         <value>0x1bf2d</value>
         <object_component_ref idref="oc-696"/>
      </symbol>
      <symbol id="sm-1de3">
         <name>copysignl</name>
         <value>0x1bf2d</value>
         <object_component_ref idref="oc-696"/>
      </symbol>
      <symbol id="sm-1de4">
         <name>__TI_static_base__</name>
         <value>0x0</value>
      </symbol>
      <symbol id="sm-1de7">
         <name>SHT$$INIT_ARRAY$$Limit</name>
         <value>0x0</value>
      </symbol>
      <symbol id="sm-1de8">
         <name>SHT$$INIT_ARRAY$$Base</name>
         <value>0x0</value>
      </symbol>
      <symbol id="sm-1de9">
         <name>NMI_Handler</name>
         <value>0x1bf9d</value>
      </symbol>
      <symbol id="sm-1dea">
         <name>HardFault_Handler</name>
         <value>0x1bf9d</value>
      </symbol>
      <symbol id="sm-1deb">
         <name>MemManage_Handler</name>
         <value>0x1bf9d</value>
      </symbol>
      <symbol id="sm-1dec">
         <name>BusFault_Handler</name>
         <value>0x1bf9d</value>
      </symbol>
      <symbol id="sm-1ded">
         <name>UsageFault_Handler</name>
         <value>0x1bf9d</value>
      </symbol>
      <symbol id="sm-1dee">
         <name>SVC_Handler</name>
         <value>0x1bf9d</value>
      </symbol>
      <symbol id="sm-1def">
         <name>DebugMon_Handler</name>
         <value>0x1bf9d</value>
      </symbol>
      <symbol id="sm-1df0">
         <name>PendSV_Handler</name>
         <value>0x1b81d</value>
      </symbol>
      <symbol id="sm-1df1">
         <name>SysTick_Handler</name>
         <value>0x169fb</value>
      </symbol>
      <symbol id="sm-1df2">
         <name>PSS_IRQHandler</name>
         <value>0x1bf9d</value>
      </symbol>
      <symbol id="sm-1df3">
         <name>CS_IRQHandler</name>
         <value>0x1bf9d</value>
      </symbol>
      <symbol id="sm-1df4">
         <name>PCM_IRQHandler</name>
         <value>0x1bf9d</value>
      </symbol>
      <symbol id="sm-1df5">
         <name>WDT_A_IRQHandler</name>
         <value>0x1bf9d</value>
      </symbol>
      <symbol id="sm-1df6">
         <name>FPU_IRQHandler</name>
         <value>0x1bf9d</value>
      </symbol>
      <symbol id="sm-1df7">
         <name>FLCTL_IRQHandler</name>
         <value>0x1bf9d</value>
      </symbol>
      <symbol id="sm-1df8">
         <name>COMP_E0_IRQHandler</name>
         <value>0x1bf9d</value>
      </symbol>
      <symbol id="sm-1df9">
         <name>COMP_E1_IRQHandler</name>
         <value>0x1bf9d</value>
      </symbol>
      <symbol id="sm-1dfa">
         <name>TA0_0_IRQHandler</name>
         <value>0x1bf9d</value>
      </symbol>
      <symbol id="sm-1dfb">
         <name>TA0_N_IRQHandler</name>
         <value>0x1bf9d</value>
      </symbol>
      <symbol id="sm-1dfc">
         <name>TA1_0_IRQHandler</name>
         <value>0x1bf9d</value>
      </symbol>
      <symbol id="sm-1dfd">
         <name>TA1_N_IRQHandler</name>
         <value>0x1bf9d</value>
      </symbol>
      <symbol id="sm-1dfe">
         <name>TA2_0_IRQHandler</name>
         <value>0x1bf9d</value>
      </symbol>
      <symbol id="sm-1dff">
         <name>TA2_N_IRQHandler</name>
         <value>0x1bf9d</value>
      </symbol>
      <symbol id="sm-1e00">
         <name>TA3_0_IRQHandler</name>
         <value>0x1bf9d</value>
      </symbol>
      <symbol id="sm-1e01">
         <name>TA3_N_IRQHandler</name>
         <value>0x1bf9d</value>
      </symbol>
      <symbol id="sm-1e02">
         <name>EUSCIA0_IRQHandler</name>
         <value>0x18def</value>
      </symbol>
      <symbol id="sm-1e03">
         <name>EUSCIA1_IRQHandler</name>
         <value>0x1bf9d</value>
      </symbol>
      <symbol id="sm-1e04">
         <name>EUSCIA2_IRQHandler</name>
         <value>0x1bf9d</value>
      </symbol>
      <symbol id="sm-1e05">
         <name>EUSCIA3_IRQHandler</name>
         <value>0x1bf9d</value>
      </symbol>
      <symbol id="sm-1e06">
         <name>EUSCIB0_IRQHandler</name>
         <value>0x1bf9d</value>
      </symbol>
      <symbol id="sm-1e07">
         <name>EUSCIB1_IRQHandler</name>
         <value>0x189a5</value>
      </symbol>
      <symbol id="sm-1e08">
         <name>EUSCIB2_IRQHandler</name>
         <value>0x1bf9d</value>
      </symbol>
      <symbol id="sm-1e09">
         <name>EUSCIB3_IRQHandler</name>
         <value>0x1bf9d</value>
      </symbol>
      <symbol id="sm-1e0a">
         <name>ADC14_IRQHandler</name>
         <value>0x1bf9d</value>
      </symbol>
      <symbol id="sm-1e0b">
         <name>T32_INT1_IRQHandler</name>
         <value>0x1bf9d</value>
      </symbol>
      <symbol id="sm-1e0c">
         <name>T32_INT2_IRQHandler</name>
         <value>0x1bf9d</value>
      </symbol>
      <symbol id="sm-1e0d">
         <name>T32_INTC_IRQHandler</name>
         <value>0x1bf9d</value>
      </symbol>
      <symbol id="sm-1e0e">
         <name>AES256_IRQHandler</name>
         <value>0x1bf9d</value>
      </symbol>
      <symbol id="sm-1e0f">
         <name>RTC_C_IRQHandler</name>
         <value>0x1bf9d</value>
      </symbol>
      <symbol id="sm-1e10">
         <name>DMA_ERR_IRQHandler</name>
         <value>0x1bf9d</value>
      </symbol>
      <symbol id="sm-1e11">
         <name>DMA_INT3_IRQHandler</name>
         <value>0x1bf9d</value>
      </symbol>
      <symbol id="sm-1e12">
         <name>DMA_INT2_IRQHandler</name>
         <value>0x1bf9d</value>
      </symbol>
      <symbol id="sm-1e13">
         <name>DMA_INT1_IRQHandler</name>
         <value>0x1bf9d</value>
      </symbol>
      <symbol id="sm-1e14">
         <name>DMA_INT0_IRQHandler</name>
         <value>0x1bf9d</value>
      </symbol>
      <symbol id="sm-1e15">
         <name>PORT1_IRQHandler</name>
         <value>0x18d9f</value>
      </symbol>
      <symbol id="sm-1e16">
         <name>PORT2_IRQHandler</name>
         <value>0x18dc9</value>
      </symbol>
      <symbol id="sm-1e17">
         <name>PORT3_IRQHandler</name>
         <value>0x1bf9d</value>
      </symbol>
      <symbol id="sm-1e18">
         <name>PORT4_IRQHandler</name>
         <value>0x1bf9d</value>
      </symbol>
      <symbol id="sm-1e19">
         <name>PORT5_IRQHandler</name>
         <value>0x1bf9d</value>
      </symbol>
      <symbol id="sm-1e1a">
         <name>PORT6_IRQHandler</name>
         <value>0x1bf9d</value>
      </symbol>
   </symbol_table>
   <title>Link successful</title>
</link_info>
